[Sun Jul 10 14:28:36.109798 2022] [wsgi:error] [pid 31505:tid 140580518627072] [remote 91.108.6.54:50340] Not Found: /vukituki/bot/process-new-updates/
[Sun Jul 10 14:29:36.158929 2022] [wsgi:error] [pid 31505:tid 140580535412480] [remote 91.108.6.54:36288] Not Found: /vukituki/bot/process-new-updates/
[Sun Jul 10 14:30:36.210613 2022] [wsgi:error] [pid 31505:tid 140580518627072] [remote 91.108.6.54:50350] Not Found: /vukituki/bot/process-new-updates/
[Sun Jul 10 14:31:36.254727 2022] [wsgi:error] [pid 31505:tid 140580535412480] [remote 91.108.6.54:44090] Not Found: /vukituki/bot/process-new-updates/
[Sun Jul 10 14:32:36.297564 2022] [wsgi:error] [pid 31505:tid 140580518627072] [remote 91.108.6.54:60910] Not Found: /vukituki/bot/process-new-updates/
[Sun Jul 10 14:32:38.263573 2022] [wsgi:error] [pid 31505:tid 140580535412480] [remote 185.7.214.104:35880] Not Found: /vendor/phpunit/phpunit/src/Util/PHP/eval-stdin.php
[Sun Jul 10 14:33:36.343109 2022] [wsgi:error] [pid 31505:tid 140580518627072] [remote 91.108.6.54:46826] Not Found: /vukituki/bot/process-new-updates/
[Sun Jul 10 14:34:36.386917 2022] [wsgi:error] [pid 31505:tid 140580535412480] [remote 91.108.6.54:49494] Not Found: /vukituki/bot/process-new-updates/
[Sun Jul 10 14:35:36.427659 2022] [wsgi:error] [pid 31505:tid 140580518627072] [remote 91.108.6.54:35730] Not Found: /vukituki/bot/process-new-updates/
[Sun Jul 10 14:36:36.471152 2022] [wsgi:error] [pid 31505:tid 140580535412480] [remote 91.108.6.54:50158] Not Found: /vukituki/bot/process-new-updates/
[Sun Jul 10 14:37:18.203429 2022] [wsgi:error] [pid 31505:tid 140580518627072] [remote 91.108.6.54:35480] Not Found: /vukituki/bot/process-new-updates/
[Sun Jul 10 14:37:18.237431 2022] [wsgi:error] [pid 31505:tid 140580535412480] [remote 91.108.6.54:35480] Not Found: /vukituki/bot/process-new-updates/
[Sun Jul 10 14:37:20.279301 2022] [wsgi:error] [pid 31505:tid 140580518627072] [remote 91.108.6.54:35480] Not Found: /vukituki/bot/process-new-updates/
[Sun Jul 10 14:37:24.322468 2022] [wsgi:error] [pid 31505:tid 140580535412480] [remote 91.108.6.54:35480] Not Found: /vukituki/bot/process-new-updates/
[Sun Jul 10 14:37:32.358538 2022] [wsgi:error] [pid 31505:tid 140580518627072] [remote 91.108.6.54:38030] Not Found: /vukituki/bot/process-new-updates/
[Sun Jul 10 14:37:48.401500 2022] [wsgi:error] [pid 31505:tid 140580535412480] [remote 91.108.6.54:40006] Not Found: /vukituki/bot/process-new-updates/
[Sun Jul 10 14:38:20.443426 2022] [wsgi:error] [pid 31505:tid 140580518627072] [remote 91.108.6.54:34484] Not Found: /vukituki/bot/process-new-updates/
[Sun Jul 10 14:39:20.495218 2022] [wsgi:error] [pid 31505:tid 140580535412480] [remote 91.108.6.54:46966] Not Found: /vukituki/bot/process-new-updates/
[Sun Jul 10 14:40:20.534041 2022] [wsgi:error] [pid 31505:tid 140580518627072] [remote 91.108.6.54:33268] Not Found: /vukituki/bot/process-new-updates/
[Sun Jul 10 14:41:20.583146 2022] [wsgi:error] [pid 31505:tid 140580535412480] [remote 91.108.6.54:47698] Not Found: /vukituki/bot/process-new-updates/
[Sun Jul 10 14:42:20.621798 2022] [wsgi:error] [pid 31505:tid 140580518627072] [remote 91.108.6.54:34110] Not Found: /vukituki/bot/process-new-updates/
[Sun Jul 10 14:43:20.663200 2022] [wsgi:error] [pid 31505:tid 140580535412480] [remote 91.108.6.54:48212] Not Found: /vukituki/bot/process-new-updates/
[Sun Jul 10 14:44:20.708639 2022] [wsgi:error] [pid 31505:tid 140580518627072] [remote 91.108.6.54:54916] Not Found: /vukituki/bot/process-new-updates/
[Sun Jul 10 14:45:20.748535 2022] [wsgi:error] [pid 31505:tid 140580535412480] [remote 91.108.6.54:45494] Not Found: /vukituki/bot/process-new-updates/
[Sun Jul 10 14:46:20.787288 2022] [wsgi:error] [pid 31505:tid 140580518627072] [remote 91.108.6.54:59830] Not Found: /vukituki/bot/process-new-updates/
[Sun Jul 10 14:47:20.834922 2022] [wsgi:error] [pid 31505:tid 140580535412480] [remote 91.108.6.54:45878] Not Found: /vukituki/bot/process-new-updates/
[Sun Jul 10 14:48:20.879472 2022] [wsgi:error] [pid 31505:tid 140580518627072] [remote 91.108.6.54:60110] Not Found: /vukituki/bot/process-new-updates/
[Sun Jul 10 14:49:20.918493 2022] [wsgi:error] [pid 31505:tid 140580535412480] [remote 91.108.6.54:56742] Not Found: /vukituki/bot/process-new-updates/
[Sun Jul 10 14:50:20.960759 2022] [wsgi:error] [pid 31505:tid 140580518627072] [remote 91.108.6.54:42586] Not Found: /vukituki/bot/process-new-updates/
[Sun Jul 10 14:51:21.007273 2022] [wsgi:error] [pid 31505:tid 140580535412480] [remote 91.108.6.54:55162] Not Found: /vukituki/bot/process-new-updates/
[Sun Jul 10 14:52:21.048321 2022] [wsgi:error] [pid 31505:tid 140580518627072] [remote 91.108.6.54:41124] Not Found: /vukituki/bot/process-new-updates/
[Sun Jul 10 14:53:21.090978 2022] [wsgi:error] [pid 31505:tid 140580535412480] [remote 91.108.6.54:55288] Not Found: /vukituki/bot/process-new-updates/
[Sun Jul 10 14:54:21.139159 2022] [wsgi:error] [pid 31505:tid 140580518627072] [remote 91.108.6.54:41192] Not Found: /vukituki/bot/process-new-updates/
[Sun Jul 10 14:55:21.177772 2022] [wsgi:error] [pid 31505:tid 140580535412480] [remote 91.108.6.54:52512] Not Found: /vukituki/bot/process-new-updates/
[Sun Jul 10 14:56:21.222625 2022] [wsgi:error] [pid 31505:tid 140580518627072] [remote 91.108.6.54:38264] Not Found: /vukituki/bot/process-new-updates/
[Sun Jul 10 14:57:21.262778 2022] [wsgi:error] [pid 31505:tid 140580535412480] [remote 91.108.6.54:52250] Not Found: /vukituki/bot/process-new-updates/
[Sun Jul 10 14:58:21.307638 2022] [wsgi:error] [pid 31505:tid 140580518627072] [remote 91.108.6.54:38092] Not Found: /vukituki/bot/process-new-updates/
[Sun Jul 10 14:59:21.350161 2022] [wsgi:error] [pid 31505:tid 140580535412480] [remote 91.108.6.54:51936] Not Found: /vukituki/bot/process-new-updates/
[Sun Jul 10 15:00:21.393602 2022] [wsgi:error] [pid 31505:tid 140580518627072] [remote 91.108.6.54:59160] Not Found: /vukituki/bot/process-new-updates/
[Sun Jul 10 15:01:18.740279 2022] [wsgi:error] [pid 31505:tid 140580535412480] [remote 185.7.214.104:45828] Not Found: /vendor/phpunit/phpunit/src/Util/PHP/eval-stdin.php
[Sun Jul 10 15:01:21.434972 2022] [wsgi:error] [pid 31505:tid 140580518627072] [remote 91.108.6.54:42772] Not Found: /vukituki/bot/process-new-updates/
[Sun Jul 10 15:02:21.482688 2022] [wsgi:error] [pid 31505:tid 140580535412480] [remote 91.108.6.54:56554] Not Found: /vukituki/bot/process-new-updates/
[Sun Jul 10 15:03:21.530505 2022] [wsgi:error] [pid 31505:tid 140580518627072] [remote 91.108.6.54:42242] Not Found: /vukituki/bot/process-new-updates/
[Sun Jul 10 15:04:21.571746 2022] [wsgi:error] [pid 31505:tid 140580535412480] [remote 91.108.6.54:56520] Not Found: /vukituki/bot/process-new-updates/
[Sun Jul 10 15:05:21.616919 2022] [wsgi:error] [pid 31505:tid 140580518627072] [remote 91.108.6.54:42548] Not Found: /vukituki/bot/process-new-updates/
[Sun Jul 10 15:06:21.667186 2022] [wsgi:error] [pid 31505:tid 140580535412480] [remote 91.108.6.54:33086] Not Found: /vukituki/bot/process-new-updates/
[Sun Jul 10 15:07:21.711042 2022] [wsgi:error] [pid 31505:tid 140580518627072] [remote 91.108.6.54:47090] Not Found: /vukituki/bot/process-new-updates/
[Sun Jul 10 15:08:21.748368 2022] [wsgi:error] [pid 31505:tid 140580535412480] [remote 91.108.6.54:58626] Not Found: /vukituki/bot/process-new-updates/
[Sun Jul 10 15:08:44.595063 2022] [wsgi:error] [pid 31505:tid 140580518627072] [remote 20.106.90.39:62497] Not Found: /.git/config
[Sun Jul 10 15:09:21.789607 2022] [wsgi:error] [pid 31505:tid 140580535412480] [remote 91.108.6.54:44838] Not Found: /vukituki/bot/process-new-updates/
[Sun Jul 10 15:10:21.835335 2022] [wsgi:error] [pid 31505:tid 140580518627072] [remote 91.108.6.54:59334] Not Found: /vukituki/bot/process-new-updates/
[Sun Jul 10 15:11:21.877243 2022] [wsgi:error] [pid 31505:tid 140580535412480] [remote 91.108.6.54:54372] Not Found: /vukituki/bot/process-new-updates/
[Sun Jul 10 15:12:21.922874 2022] [wsgi:error] [pid 31505:tid 140580518627072] [remote 91.108.6.54:60976] Not Found: /vukituki/bot/process-new-updates/
[Sun Jul 10 15:12:41.754055 2022] [wsgi:error] [pid 31505:tid 140580535412480] [remote 217.198.191.196:34830] Not Found: /robots.txt
[Sun Jul 10 15:13:21.965038 2022] [wsgi:error] [pid 31505:tid 140580518627072] [remote 91.108.6.54:46668] Not Found: /vukituki/bot/process-new-updates/
[Sun Jul 10 15:13:33.534891 2022] [wsgi:error] [pid 31505:tid 140580535412480] [remote 217.198.191.196:39548] Not Found: /
[Sun Jul 10 15:13:33.663895 2022] [wsgi:error] [pid 31505:tid 140580518627072] [remote 217.198.191.196:39548] Not Found: /test_404_page/
[Sun Jul 10 15:13:44.739443 2022] [wsgi:error] [pid 31505:tid 140580535412480] [remote 217.198.191.196:49198] Not Found: /favicon.ico
[Sun Jul 10 15:14:22.007701 2022] [wsgi:error] [pid 31505:tid 140580518627072] [remote 91.108.6.54:51876] Not Found: /vukituki/bot/process-new-updates/
[Sun Jul 10 15:15:22.051229 2022] [wsgi:error] [pid 31505:tid 140580535412480] [remote 91.108.6.54:36262] Not Found: /vukituki/bot/process-new-updates/
[Sun Jul 10 15:15:51.331984 2022] [wsgi:error] [pid 31505:tid 140580518627072] [remote 162.221.197.226:60692] Not Found: /robots.txt
[Sun Jul 10 15:16:22.101594 2022] [wsgi:error] [pid 31505:tid 140580535412480] [remote 91.108.6.54:50212] Not Found: /vukituki/bot/process-new-updates/
[Sun Jul 10 15:17:22.150120 2022] [wsgi:error] [pid 31505:tid 140580518627072] [remote 91.108.6.54:35976] Not Found: /vukituki/bot/process-new-updates/
[Sun Jul 10 15:17:35.350104 2022] [wsgi:error] [pid 31505:tid 140580535412480] [remote 162.221.197.226:34140] Not Found: /
[Sun Jul 10 15:17:36.515454 2022] [wsgi:error] [pid 31505:tid 140580518627072] [remote 162.221.197.226:34140] Not Found: /test_404_page/
[Sun Jul 10 15:17:54.789095 2022] [wsgi:error] [pid 31505:tid 140580535412480] [remote 162.221.197.226:39068] Not Found: /favicon.ico
[Sun Jul 10 15:18:22.195768 2022] [wsgi:error] [pid 31505:tid 140580518627072] [remote 91.108.6.54:49804] Not Found: /vukituki/bot/process-new-updates/
[Sun Jul 10 15:18:25.939390 2022] [wsgi:error] [pid 31505:tid 140580535412480] [remote 148.153.117.11:59964] Not Found: /robots.txt
[Sun Jul 10 15:19:00.225172 2022] [wsgi:error] [pid 31505:tid 140580518627072] [remote 148.153.85.4:37598] Not Found: /robots.txt
[Sun Jul 10 15:19:22.237343 2022] [wsgi:error] [pid 31505:tid 140580535412480] [remote 91.108.6.54:35868] Not Found: /vukituki/bot/process-new-updates/
[Sun Jul 10 15:20:05.042267 2022] [wsgi:error] [pid 31505:tid 140580518627072] [remote 148.153.117.11:55104] Not Found: /
[Sun Jul 10 15:20:05.108502 2022] [wsgi:error] [pid 31505:tid 140580535412480] [remote 148.153.117.11:55104] Not Found: /test_404_page/
[Sun Jul 10 15:20:22.278134 2022] [wsgi:error] [pid 31505:tid 140580518627072] [remote 91.108.6.54:51674] Not Found: /vukituki/bot/process-new-updates/
[Sun Jul 10 15:20:26.755845 2022] [wsgi:error] [pid 31505:tid 140580535412480] [remote 148.153.85.4:34170] Not Found: /
[Sun Jul 10 15:20:26.795177 2022] [wsgi:error] [pid 31505:tid 140580518627072] [remote 148.153.85.4:34170] Not Found: /test_404_page/
[Sun Jul 10 15:21:03.347521 2022] [wsgi:error] [pid 31505:tid 140580535412480] [remote 148.153.117.11:45940] Not Found: /favicon.ico
[Sun Jul 10 15:21:14.466473 2022] [wsgi:error] [pid 31505:tid 140580518627072] [remote 148.153.85.4:48096] Not Found: /favicon.ico
[Sun Jul 10 15:21:22.324354 2022] [wsgi:error] [pid 31505:tid 140580535412480] [remote 91.108.6.54:59802] Not Found: /vukituki/bot/process-new-updates/
[Sun Jul 10 15:22:22.362913 2022] [wsgi:error] [pid 31505:tid 140580518627072] [remote 91.108.6.54:47210] Not Found: /vukituki/bot/process-new-updates/
[Sun Jul 10 15:22:41.864458 2022] [wsgi:error] [pid 31505:tid 140580535412480] [remote 148.153.85.4:52526] Not Found: /robots.txt
[Sun Jul 10 15:22:47.400117 2022] [wsgi:error] [pid 31505:tid 140580518627072] [remote 148.153.97.211:58654] Not Found: /robots.txt
[Sun Jul 10 15:23:22.404519 2022] [wsgi:error] [pid 31505:tid 140580535412480] [remote 91.108.6.54:34718] Not Found: /vukituki/bot/process-new-updates/
[Sun Jul 10 15:23:45.911642 2022] [wsgi:error] [pid 31505:tid 140580518627072] [remote 148.153.97.211:47024] Not Found: /
[Sun Jul 10 15:23:47.920329 2022] [wsgi:error] [pid 31505:tid 140580535412480] [remote 148.153.97.211:47024] Not Found: /test_404_page/
[Sun Jul 10 15:24:21.142429 2022] [wsgi:error] [pid 31505:tid 140580518627072] [remote 148.153.97.211:55788] Not Found: /favicon.ico
[Sun Jul 10 15:24:22.446580 2022] [wsgi:error] [pid 31505:tid 140580535412480] [remote 91.108.6.54:59642] Not Found: /vukituki/bot/process-new-updates/
[Sun Jul 10 15:24:49.421063 2022] [wsgi:error] [pid 31505:tid 140580518627072] [remote 148.153.85.4:34330] Not Found: /
[Sun Jul 10 15:24:49.456195 2022] [wsgi:error] [pid 31505:tid 140580535412480] [remote 148.153.85.4:34330] Not Found: /test_404_page/
[Sun Jul 10 15:25:22.491251 2022] [wsgi:error] [pid 31505:tid 140580518627072] [remote 91.108.6.54:47128] Not Found: /vukituki/bot/process-new-updates/
[Sun Jul 10 15:25:58.568623 2022] [wsgi:error] [pid 31505:tid 140580535412480] [remote 148.153.85.4:52672] Not Found: /robots.txt
[Sun Jul 10 15:26:10.744603 2022] [wsgi:error] [pid 31505:tid 140580518627072] [remote 148.153.85.4:56526] Not Found: /favicon.ico
[Sun Jul 10 15:26:22.533995 2022] [wsgi:error] [pid 31505:tid 140580535412480] [remote 91.108.6.54:34646] Not Found: /vukituki/bot/process-new-updates/
[Sun Jul 10 15:26:49.497004 2022] [wsgi:error] [pid 31505:tid 140580518627072] [remote 148.153.85.4:39196] Not Found: /
[Sun Jul 10 15:26:49.538492 2022] [wsgi:error] [pid 31505:tid 140580535412480] [remote 148.153.85.4:39196] Not Found: /test_404_page/
[Sun Jul 10 15:27:20.336089 2022] [wsgi:error] [pid 31505:tid 140580518627072] [remote 128.14.188.196:57648] Not Found: /robots.txt
[Sun Jul 10 15:27:21.651091 2022] [wsgi:error] [pid 31505:tid 140580535412480] [remote 128.14.188.196:57648] Not Found: /
[Sun Jul 10 15:27:22.571499 2022] [wsgi:error] [pid 31505:tid 140580518627072] [remote 91.108.6.54:50436] Not Found: /vukituki/bot/process-new-updates/
[Sun Jul 10 15:27:23.430031 2022] [wsgi:error] [pid 31505:tid 140580535412480] [remote 128.14.188.196:57648] Not Found: /test_404_page/
[Sun Jul 10 15:27:25.390005 2022] [wsgi:error] [pid 31505:tid 140580518627072] [remote 148.153.85.4:48844] Not Found: /favicon.ico
[Sun Jul 10 15:28:05.706852 2022] [wsgi:error] [pid 31505:tid 140580535412480] [remote 128.14.188.196:54088] Not Found: /favicon.ico
[Sun Jul 10 15:28:22.612305 2022] [wsgi:error] [pid 31505:tid 140580518627072] [remote 91.108.6.54:39850] Not Found: /vukituki/bot/process-new-updates/
[Sun Jul 10 15:28:39.100538 2022] [wsgi:error] [pid 31505:tid 140580535412480] [remote 128.14.188.196:37664] Not Found: /robots.txt
[Sun Jul 10 15:29:17.679192 2022] [wsgi:error] [pid 31505:tid 140580518627072] [remote 217.198.191.197:53410] Not Found: /robots.txt
[Sun Jul 10 15:29:22.654709 2022] [wsgi:error] [pid 31505:tid 140580535412480] [remote 91.108.6.54:55366] Not Found: /vukituki/bot/process-new-updates/
[Sun Jul 10 15:29:41.721469 2022] [wsgi:error] [pid 31505:tid 140580518627072] [remote 128.14.188.196:58986] Not Found: /
[Sun Jul 10 15:29:41.925390 2022] [wsgi:error] [pid 31505:tid 140580535412480] [remote 128.14.188.196:58986] Not Found: /test_404_page/
[Sun Jul 10 15:30:03.224862 2022] [wsgi:error] [pid 31505:tid 140580518627072] [remote 217.198.191.197:38504] Not Found: /
[Sun Jul 10 15:30:03.264098 2022] [wsgi:error] [pid 31505:tid 140580535412480] [remote 217.198.191.197:38504] Not Found: /test_404_page/
[Sun Jul 10 15:30:14.483055 2022] [wsgi:error] [pid 31505:tid 140580518627072] [remote 128.14.188.196:41062] Not Found: /favicon.ico
[Sun Jul 10 15:30:22.693865 2022] [wsgi:error] [pid 31505:tid 140580535412480] [remote 91.108.6.54:41038] Not Found: /vukituki/bot/process-new-updates/
[Sun Jul 10 15:31:04.768561 2022] [wsgi:error] [pid 31505:tid 140580518627072] [remote 128.14.188.196:57778] Not Found: /robots.txt
[Sun Jul 10 15:31:20.566604 2022] [wsgi:error] [pid 31505:tid 140580535412480] [remote 128.14.188.196:59894] Not Found: /
[Sun Jul 10 15:31:20.814506 2022] [wsgi:error] [pid 31505:tid 140580518627072] [remote 128.14.188.196:59894] Not Found: /test_404_page/
[Sun Jul 10 15:31:22.732059 2022] [wsgi:error] [pid 31505:tid 140580535412480] [remote 91.108.6.54:55168] Not Found: /vukituki/bot/process-new-updates/
[Sun Jul 10 15:31:26.379430 2022] [wsgi:error] [pid 31505:tid 140580518627072] [remote 217.198.191.197:37990] Not Found: /favicon.ico
[Sun Jul 10 15:31:28.589830 2022] [wsgi:error] [pid 31505:tid 140580535412480] [remote 128.14.188.196:36956] Not Found: /favicon.ico
[Sun Jul 10 15:32:22.775851 2022] [wsgi:error] [pid 31505:tid 140580518627072] [remote 91.108.6.54:40830] Not Found: /vukituki/bot/process-new-updates/
[Sun Jul 10 15:32:43.288615 2022] [wsgi:error] [pid 31505:tid 140580535412480] [remote 148.153.85.4:52396] Not Found: /robots.txt
[Sun Jul 10 15:32:57.745976 2022] [wsgi:error] [pid 31505:tid 140580518627072] [remote 148.153.98.19:39396] Not Found: /robots.txt
[Sun Jul 10 15:33:22.814467 2022] [wsgi:error] [pid 31505:tid 140580535412480] [remote 91.108.6.54:33016] Not Found: /vukituki/bot/process-new-updates/
[Sun Jul 10 15:33:24.255611 2022] [wsgi:error] [pid 31505:tid 140580518627072] [remote 148.153.85.4:33760] Not Found: /
[Sun Jul 10 15:33:24.615121 2022] [wsgi:error] [pid 31505:tid 140580535412480] [remote 148.153.85.4:33760] Not Found: /test_404_page/
[Sun Jul 10 15:33:56.184038 2022] [wsgi:error] [pid 31505:tid 140580518627072] [remote 148.153.98.19:57028] Not Found: /
[Sun Jul 10 15:33:56.407398 2022] [wsgi:error] [pid 31505:tid 140580535412480] [remote 148.153.98.19:57028] Not Found: /test_404_page/
[Sun Jul 10 15:34:22.857879 2022] [wsgi:error] [pid 31505:tid 140580518627072] [remote 91.108.6.54:46852] Not Found: /vukituki/bot/process-new-updates/
[Sun Jul 10 15:35:07.914082 2022] [wsgi:error] [pid 31505:tid 140580535412480] [remote 148.153.98.19:51318] Not Found: /favicon.ico
[Sun Jul 10 15:35:22.901251 2022] [wsgi:error] [pid 31505:tid 140580518627072] [remote 91.108.6.54:60882] Not Found: /vukituki/bot/process-new-updates/
[Sun Jul 10 15:35:31.256578 2022] [wsgi:error] [pid 31505:tid 140580535412480] [remote 148.153.85.4:40450] Not Found: /favicon.ico
[Sun Jul 10 15:35:54.703636 2022] [wsgi:error] [pid 31505:tid 140580518627072] [remote 128.14.188.196:39926] Not Found: /robots.txt
[Sun Jul 10 15:36:16.541100 2022] [wsgi:error] [pid 31505:tid 140580535412480] [remote 217.198.191.196:51492] Not Found: /robots.txt
[Sun Jul 10 15:36:22.941296 2022] [wsgi:error] [pid 31505:tid 140580518627072] [remote 91.108.6.54:46850] Not Found: /vukituki/bot/process-new-updates/
[Sun Jul 10 15:36:27.485319 2022] [wsgi:error] [pid 31505:tid 140580535412480] [remote 217.198.191.196:55196] Not Found: /
[Sun Jul 10 15:36:27.522427 2022] [wsgi:error] [pid 31505:tid 140580518627072] [remote 217.198.191.196:55196] Not Found: /test_404_page/
[Sun Jul 10 15:37:22.984345 2022] [wsgi:error] [pid 31505:tid 140580535412480] [remote 91.108.6.54:60880] Not Found: /vukituki/bot/process-new-updates/
[Sun Jul 10 15:37:33.455945 2022] [wsgi:error] [pid 31505:tid 140580518627072] [remote 128.14.188.196:40460] Not Found: /
[Sun Jul 10 15:37:35.013099 2022] [wsgi:error] [pid 31505:tid 140580535412480] [remote 128.14.188.196:40460] Not Found: /test_404_page/
[Sun Jul 10 15:38:12.148839 2022] [wsgi:error] [pid 31505:tid 140580518627072] [remote 217.198.191.197:56848] Not Found: /robots.txt
[Sun Jul 10 15:38:23.026414 2022] [wsgi:error] [pid 31505:tid 140580535412480] [remote 91.108.6.54:36290] Not Found: /vukituki/bot/process-new-updates/
[Sun Jul 10 15:38:24.747612 2022] [wsgi:error] [pid 31505:tid 140580518627072] [remote 128.14.188.196:54672] Not Found: /favicon.ico
[Sun Jul 10 15:38:52.109740 2022] [wsgi:error] [pid 31505:tid 140580535412480] [remote 217.198.191.197:42490] Not Found: /
[Sun Jul 10 15:38:52.154195 2022] [wsgi:error] [pid 31505:tid 140580518627072] [remote 217.198.191.197:42490] Not Found: /test_404_page/
[Sun Jul 10 15:39:18.168945 2022] [wsgi:error] [pid 31505:tid 140580535412480] [remote 148.153.85.4:48716] Not Found: /robots.txt
[Sun Jul 10 15:39:23.061710 2022] [wsgi:error] [pid 31505:tid 140580518627072] [remote 91.108.6.54:44034] Not Found: /vukituki/bot/process-new-updates/
[Sun Jul 10 15:39:35.679952 2022] [wsgi:error] [pid 31505:tid 140580535412480] [remote 217.198.191.197:57414] Not Found: /favicon.ico
[Sun Jul 10 15:39:58.932127 2022] [wsgi:error] [pid 31505:tid 140580518627072] [remote 148.153.85.4:60956] Not Found: /
[Sun Jul 10 15:39:59.055556 2022] [wsgi:error] [pid 31505:tid 140580535412480] [remote 148.153.85.4:60956] Not Found: /test_404_page/
[Sun Jul 10 15:40:16.046003 2022] [wsgi:error] [pid 31505:tid 140580518627072] [remote 162.221.197.226:38358] Not Found: /robots.txt
[Sun Jul 10 15:40:23.104386 2022] [wsgi:error] [pid 31505:tid 140580535412480] [remote 91.108.6.54:57860] Not Found: /vukituki/bot/process-new-updates/
[Sun Jul 10 15:41:08.956296 2022] [wsgi:error] [pid 31505:tid 140580518627072] [remote 162.221.197.226:55672] Not Found: /
[Sun Jul 10 15:41:10.148307 2022] [wsgi:error] [pid 31505:tid 140580535412480] [remote 162.221.197.226:55672] Not Found: /test_404_page/
[Sun Jul 10 15:41:23.146012 2022] [wsgi:error] [pid 31505:tid 140580518627072] [remote 91.108.6.54:43468] Not Found: /vukituki/bot/process-new-updates/
[Sun Jul 10 15:41:30.369316 2022] [wsgi:error] [pid 31505:tid 140580535412480] [remote 148.153.85.4:60102] Not Found: /favicon.ico
[Sun Jul 10 15:41:57.525380 2022] [wsgi:error] [pid 31505:tid 140580518627072] [remote 162.221.197.226:43960] Not Found: /favicon.ico
[Sun Jul 10 15:42:23.190055 2022] [wsgi:error] [pid 31505:tid 140580535412480] [remote 91.108.6.54:57138] Not Found: /vukituki/bot/process-new-updates/
[Sun Jul 10 15:42:57.558392 2022] [wsgi:error] [pid 31505:tid 140580518627072] [remote 162.221.197.226:39256] Not Found: /robots.txt
[Sun Jul 10 15:43:18.177593 2022] [wsgi:error] [pid 31505:tid 140580535412480] [remote 162.221.197.226:47468] Not Found: /
[Sun Jul 10 15:43:18.620931 2022] [wsgi:error] [pid 31505:tid 140580518627072] [remote 162.221.197.226:47468] Not Found: /test_404_page/
[Sun Jul 10 15:43:22.569465 2022] [wsgi:error] [pid 31505:tid 140580535412480] [remote 162.221.197.226:48842] Not Found: /favicon.ico
[Sun Jul 10 15:43:23.230540 2022] [wsgi:error] [pid 31505:tid 140580518627072] [remote 91.108.6.54:42592] Not Found: /vukituki/bot/process-new-updates/
[Sun Jul 10 15:44:23.271304 2022] [wsgi:error] [pid 31505:tid 140580535412480] [remote 91.108.6.54:59764] Not Found: /vukituki/bot/process-new-updates/
[Sun Jul 10 15:44:48.711788 2022] [wsgi:error] [pid 31505:tid 140580518627072] [remote 217.198.191.196:54742] Not Found: /robots.txt
[Sun Jul 10 15:45:07.732029 2022] [wsgi:error] [pid 31505:tid 140580535412480] [remote 217.198.191.196:33306] Not Found: /
[Sun Jul 10 15:45:07.772383 2022] [wsgi:error] [pid 31505:tid 140580518627072] [remote 217.198.191.196:33306] Not Found: /test_404_page/
[Sun Jul 10 15:45:23.310534 2022] [wsgi:error] [pid 31505:tid 140580535412480] [remote 91.108.6.54:45192] Not Found: /vukituki/bot/process-new-updates/
[Sun Jul 10 15:46:13.870007 2022] [wsgi:error] [pid 31505:tid 140580518627072] [remote 217.198.191.197:48930] Not Found: /robots.txt
[Sun Jul 10 15:46:14.966496 2022] [wsgi:error] [pid 31505:tid 140580535412480] [remote 217.198.191.196:54008] Not Found: /favicon.ico
[Sun Jul 10 15:46:23.350145 2022] [wsgi:error] [pid 31505:tid 140580518627072] [remote 91.108.6.54:58834] Not Found: /vukituki/bot/process-new-updates/
[Sun Jul 10 15:47:18.433202 2022] [wsgi:error] [pid 31505:tid 140580535412480] [remote 217.198.191.197:41916] Not Found: /
[Sun Jul 10 15:47:18.476716 2022] [wsgi:error] [pid 31505:tid 140580518627072] [remote 217.198.191.197:41916] Not Found: /test_404_page/
[Sun Jul 10 15:47:23.391477 2022] [wsgi:error] [pid 31505:tid 140580535412480] [remote 91.108.6.54:44290] Not Found: /vukituki/bot/process-new-updates/
[Sun Jul 10 15:48:15.000010 2022] [wsgi:error] [pid 31505:tid 140580518627072] [remote 217.198.191.197:60672] Not Found: /favicon.ico
[Sun Jul 10 15:48:23.432333 2022] [wsgi:error] [pid 31505:tid 140580535412480] [remote 91.108.6.54:58086] Not Found: /vukituki/bot/process-new-updates/
[Sun Jul 10 15:49:23.475018 2022] [wsgi:error] [pid 31505:tid 140580518627072] [remote 91.108.6.54:43726] Not Found: /vukituki/bot/process-new-updates/
[Sun Jul 10 15:50:23.520520 2022] [wsgi:error] [pid 31505:tid 140580535412480] [remote 91.108.6.54:57538] Not Found: /vukituki/bot/process-new-updates/
[Sun Jul 10 15:51:23.560281 2022] [wsgi:error] [pid 31505:tid 140580518627072] [remote 91.108.6.54:42042] Not Found: /vukituki/bot/process-new-updates/
[Sun Jul 10 15:52:23.603205 2022] [wsgi:error] [pid 31505:tid 140580535412480] [remote 91.108.6.54:56074] Not Found: /vukituki/bot/process-new-updates/
[Sun Jul 10 15:53:23.644178 2022] [wsgi:error] [pid 31505:tid 140580518627072] [remote 91.108.6.54:41844] Not Found: /vukituki/bot/process-new-updates/
[Sun Jul 10 15:54:23.685975 2022] [wsgi:error] [pid 31505:tid 140580535412480] [remote 91.108.6.54:55804] Not Found: /vukituki/bot/process-new-updates/
[Sun Jul 10 15:55:23.727465 2022] [wsgi:error] [pid 31505:tid 140580518627072] [remote 91.108.6.54:41416] Not Found: /vukituki/bot/process-new-updates/
[Sun Jul 10 15:56:23.769164 2022] [wsgi:error] [pid 31505:tid 140580535412480] [remote 91.108.6.54:55242] Not Found: /vukituki/bot/process-new-updates/
[Sun Jul 10 15:57:23.815361 2022] [wsgi:error] [pid 31505:tid 140580518627072] [remote 91.108.6.54:40830] Not Found: /vukituki/bot/process-new-updates/
[Sun Jul 10 15:58:23.856335 2022] [wsgi:error] [pid 31505:tid 140580535412480] [remote 91.108.6.54:41942] Not Found: /vukituki/bot/process-new-updates/
[Sun Jul 10 15:59:23.904991 2022] [wsgi:error] [pid 31505:tid 140580518627072] [remote 91.108.6.54:56218] Not Found: /vukituki/bot/process-new-updates/
[Sun Jul 10 16:00:23.946626 2022] [wsgi:error] [pid 31505:tid 140580535412480] [remote 91.108.6.54:42082] Not Found: /vukituki/bot/process-new-updates/
[Sun Jul 10 16:01:23.987692 2022] [wsgi:error] [pid 31505:tid 140580518627072] [remote 91.108.6.54:56038] Not Found: /vukituki/bot/process-new-updates/
[Sun Jul 10 16:02:24.031876 2022] [wsgi:error] [pid 31505:tid 140580535412480] [remote 91.108.6.54:41902] Not Found: /vukituki/bot/process-new-updates/
[Sun Jul 10 16:03:24.080517 2022] [wsgi:error] [pid 31505:tid 140580518627072] [remote 91.108.6.54:55780] Not Found: /vukituki/bot/process-new-updates/
[Sun Jul 10 16:04:24.125746 2022] [wsgi:error] [pid 31505:tid 140580535412480] [remote 91.108.6.54:41518] Not Found: /vukituki/bot/process-new-updates/
[Sun Jul 10 16:05:24.163256 2022] [wsgi:error] [pid 31505:tid 140580518627072] [remote 91.108.6.54:55926] Not Found: /vukituki/bot/process-new-updates/
[Sun Jul 10 16:06:24.200771 2022] [wsgi:error] [pid 31505:tid 140580535412480] [remote 91.108.6.54:41956] Not Found: /vukituki/bot/process-new-updates/
[Sun Jul 10 16:07:24.246851 2022] [wsgi:error] [pid 31505:tid 140580518627072] [remote 91.108.6.54:55826] Not Found: /vukituki/bot/process-new-updates/
[Sun Jul 10 16:08:24.290731 2022] [wsgi:error] [pid 31505:tid 140580535412480] [remote 91.108.6.54:41586] Not Found: /vukituki/bot/process-new-updates/
[Sun Jul 10 16:09:24.331681 2022] [wsgi:error] [pid 31505:tid 140580518627072] [remote 91.108.6.54:55702] Not Found: /vukituki/bot/process-new-updates/
[Sun Jul 10 16:10:24.377160 2022] [wsgi:error] [pid 31505:tid 140580535412480] [remote 91.108.6.54:41440] Not Found: /vukituki/bot/process-new-updates/
[Sun Jul 10 16:11:24.421602 2022] [wsgi:error] [pid 31505:tid 140580518627072] [remote 91.108.6.54:55184] Not Found: /vukituki/bot/process-new-updates/
[Sun Jul 10 16:12:24.464645 2022] [wsgi:error] [pid 31505:tid 140580535412480] [remote 91.108.6.54:40770] Not Found: /vukituki/bot/process-new-updates/
[Sun Jul 10 16:13:24.505027 2022] [wsgi:error] [pid 31505:tid 140580518627072] [remote 91.108.6.54:54416] Not Found: /vukituki/bot/process-new-updates/
[Sun Jul 10 16:14:24.545834 2022] [wsgi:error] [pid 31505:tid 140580535412480] [remote 91.108.6.54:40032] Not Found: /vukituki/bot/process-new-updates/
[Sun Jul 10 16:15:24.588295 2022] [wsgi:error] [pid 31505:tid 140580518627072] [remote 91.108.6.54:54036] Not Found: /vukituki/bot/process-new-updates/
[Sun Jul 10 16:16:24.636562 2022] [wsgi:error] [pid 31505:tid 140580535412480] [remote 91.108.6.54:39854] Not Found: /vukituki/bot/process-new-updates/
[Sun Jul 10 16:17:24.673116 2022] [wsgi:error] [pid 31505:tid 140580518627072] [remote 91.108.6.54:53950] Not Found: /vukituki/bot/process-new-updates/
[Sun Jul 10 16:18:24.719075 2022] [wsgi:error] [pid 31505:tid 140580535412480] [remote 91.108.6.54:58818] Not Found: /vukituki/bot/process-new-updates/
[Sun Jul 10 16:19:24.760825 2022] [wsgi:error] [pid 31505:tid 140580518627072] [remote 91.108.6.54:44622] Not Found: /vukituki/bot/process-new-updates/
[Sun Jul 10 16:20:24.804628 2022] [wsgi:error] [pid 31505:tid 140580535412480] [remote 91.108.6.54:58800] Not Found: /vukituki/bot/process-new-updates/
[Sun Jul 10 16:21:24.844948 2022] [wsgi:error] [pid 31505:tid 140580518627072] [remote 91.108.6.54:44446] Not Found: /vukituki/bot/process-new-updates/
[Sun Jul 10 16:22:24.886444 2022] [wsgi:error] [pid 31505:tid 140580535412480] [remote 91.108.6.54:55024] Not Found: /vukituki/bot/process-new-updates/
[Sun Jul 10 16:23:24.930065 2022] [wsgi:error] [pid 31505:tid 140580518627072] [remote 91.108.6.54:40750] Not Found: /vukituki/bot/process-new-updates/
[Sun Jul 10 16:24:24.986695 2022] [wsgi:error] [pid 31505:tid 140580535412480] [remote 91.108.6.54:38062] Not Found: /vukituki/bot/process-new-updates/
[Sun Jul 10 16:25:25.030822 2022] [wsgi:error] [pid 31505:tid 140580518627072] [remote 91.108.6.54:52266] Not Found: /vukituki/bot/process-new-updates/
[Sun Jul 10 16:26:25.074066 2022] [wsgi:error] [pid 31505:tid 140580535412480] [remote 91.108.6.54:38324] Not Found: /vukituki/bot/process-new-updates/
[Sun Jul 10 16:27:25.112969 2022] [wsgi:error] [pid 31505:tid 140580518627072] [remote 91.108.6.54:52648] Not Found: /vukituki/bot/process-new-updates/
[Sun Jul 10 16:27:40.679778 2022] [wsgi:error] [pid 31505:tid 140580535412480] [remote 193.56.29.120:51001] Not Found: /.env
[Sun Jul 10 16:27:40.920260 2022] [wsgi:error] [pid 31505:tid 140580518627072] [remote 193.56.29.120:51044] Not Found: /
[Sun Jul 10 16:28:25.153510 2022] [wsgi:error] [pid 31505:tid 140580535412480] [remote 91.108.6.54:56366] Not Found: /vukituki/bot/process-new-updates/
[Sun Jul 10 16:29:25.194084 2022] [wsgi:error] [pid 31505:tid 140580518627072] [remote 91.108.6.54:57446] Not Found: /vukituki/bot/process-new-updates/
[Sun Jul 10 16:30:25.241654 2022] [wsgi:error] [pid 31505:tid 140580535412480] [remote 91.108.6.54:43204] Not Found: /vukituki/bot/process-new-updates/
[Sun Jul 10 16:31:25.289192 2022] [wsgi:error] [pid 31505:tid 140580518627072] [remote 91.108.6.54:57316] Not Found: /vukituki/bot/process-new-updates/
[Sun Jul 10 16:32:25.330667 2022] [wsgi:error] [pid 31505:tid 140580535412480] [remote 91.108.6.54:42892] Not Found: /vukituki/bot/process-new-updates/
[Sun Jul 10 16:33:25.368437 2022] [wsgi:error] [pid 31505:tid 140580518627072] [remote 91.108.6.54:51440] Not Found: /vukituki/bot/process-new-updates/
[Sun Jul 10 16:34:25.407530 2022] [wsgi:error] [pid 31505:tid 140580535412480] [remote 91.108.6.54:37218] Not Found: /vukituki/bot/process-new-updates/
[Sun Jul 10 16:35:25.445176 2022] [wsgi:error] [pid 31505:tid 140580518627072] [remote 91.108.6.54:58720] Not Found: /vukituki/bot/process-new-updates/
[Sun Jul 10 16:36:25.483399 2022] [wsgi:error] [pid 31505:tid 140580535412480] [remote 91.108.6.54:44540] Not Found: /vukituki/bot/process-new-updates/
[Sun Jul 10 16:37:25.527810 2022] [wsgi:error] [pid 31505:tid 140580518627072] [remote 91.108.6.54:58436] Not Found: /vukituki/bot/process-new-updates/
[Sun Jul 10 16:38:25.570447 2022] [wsgi:error] [pid 31505:tid 140580535412480] [remote 91.108.6.54:44098] Not Found: /vukituki/bot/process-new-updates/
[Sun Jul 10 16:39:25.613979 2022] [wsgi:error] [pid 31505:tid 140580518627072] [remote 91.108.6.54:55380] Not Found: /vukituki/bot/process-new-updates/
[Sun Jul 10 16:40:25.658331 2022] [wsgi:error] [pid 31505:tid 140580535412480] [remote 91.108.6.54:41214] Not Found: /vukituki/bot/process-new-updates/
[Sun Jul 10 16:41:25.694995 2022] [wsgi:error] [pid 31505:tid 140580518627072] [remote 91.108.6.54:55120] Not Found: /vukituki/bot/process-new-updates/
[Sun Jul 10 16:42:25.737639 2022] [wsgi:error] [pid 31505:tid 140580535412480] [remote 91.108.6.54:40766] Not Found: /vukituki/bot/process-new-updates/
[Sun Jul 10 16:43:25.786611 2022] [wsgi:error] [pid 31505:tid 140580518627072] [remote 91.108.6.54:54950] Not Found: /vukituki/bot/process-new-updates/
[Sun Jul 10 16:44:25.831982 2022] [wsgi:error] [pid 31505:tid 140580535412480] [remote 91.108.6.54:40680] Not Found: /vukituki/bot/process-new-updates/
[Sun Jul 10 16:45:25.870365 2022] [wsgi:error] [pid 31505:tid 140580518627072] [remote 91.108.6.54:54764] Not Found: /vukituki/bot/process-new-updates/
[Sun Jul 10 16:46:27.585427 2022] [wsgi:error] [pid 35198:tid 140595806164736] [remote 91.108.6.54:53884] Not Found: /vukituki/bot/process-new-updates/
[Sun Jul 10 16:46:53.020713 2022] [wsgi:error] [pid 35198:tid 140595739023104] [remote 91.108.6.111:41266] Traceback (most recent call last):
[Sun Jul 10 16:46:53.020896 2022] [wsgi:error] [pid 35198:tid 140595739023104] [remote 91.108.6.111:41266]   File "/root/StudentBots/venv/lib/python3.8/site-packages/django/db/backends/utils.py", line 84, in _execute
[Sun Jul 10 16:46:53.020918 2022] [wsgi:error] [pid 35198:tid 140595739023104] [remote 91.108.6.111:41266]     return self.cursor.execute(sql, params)
[Sun Jul 10 16:46:53.020962 2022] [wsgi:error] [pid 35198:tid 140595739023104] [remote 91.108.6.111:41266] psycopg2.errors.UndefinedColumn: column prikol_user_info.screenshot does not exist
[Sun Jul 10 16:46:53.020974 2022] [wsgi:error] [pid 35198:tid 140595739023104] [remote 91.108.6.111:41266] LINE 1: ..."."current_command", "prikol_user_info"."pocket", "prikol_us...
[Sun Jul 10 16:46:53.020984 2022] [wsgi:error] [pid 35198:tid 140595739023104] [remote 91.108.6.111:41266]                                                              ^
[Sun Jul 10 16:46:53.020993 2022] [wsgi:error] [pid 35198:tid 140595739023104] [remote 91.108.6.111:41266] 
[Sun Jul 10 16:46:53.021017 2022] [wsgi:error] [pid 35198:tid 140595739023104] [remote 91.108.6.111:41266] 
[Sun Jul 10 16:46:53.021027 2022] [wsgi:error] [pid 35198:tid 140595739023104] [remote 91.108.6.111:41266] The above exception was the direct cause of the following exception:
[Sun Jul 10 16:46:53.021037 2022] [wsgi:error] [pid 35198:tid 140595739023104] [remote 91.108.6.111:41266] 
[Sun Jul 10 16:46:53.021056 2022] [wsgi:error] [pid 35198:tid 140595739023104] [remote 91.108.6.111:41266] Traceback (most recent call last):
[Sun Jul 10 16:46:53.021149 2022] [wsgi:error] [pid 35198:tid 140595739023104] [remote 91.108.6.111:41266]   File "/root/payer/dead_morozxc/prikol/views.py", line 17, in webhook
[Sun Jul 10 16:46:53.021162 2022] [wsgi:error] [pid 35198:tid 140595739023104] [remote 91.108.6.111:41266]     bot.process_new_updates([update])
[Sun Jul 10 16:46:53.021187 2022] [wsgi:error] [pid 35198:tid 140595739023104] [remote 91.108.6.111:41266]   File "/root/StudentBots/venv/lib/python3.8/site-packages/telebot/__init__.py", line 459, in process_new_updates
[Sun Jul 10 16:46:53.021198 2022] [wsgi:error] [pid 35198:tid 140595739023104] [remote 91.108.6.111:41266]     self.process_new_messages(new_messages)
[Sun Jul 10 16:46:53.021223 2022] [wsgi:error] [pid 35198:tid 140595739023104] [remote 91.108.6.111:41266]   File "/root/StudentBots/venv/lib/python3.8/site-packages/telebot/__init__.py", line 489, in process_new_messages
[Sun Jul 10 16:46:53.021234 2022] [wsgi:error] [pid 35198:tid 140595739023104] [remote 91.108.6.111:41266]     self._notify_command_handlers(self.message_handlers, new_messages)
[Sun Jul 10 16:46:53.021259 2022] [wsgi:error] [pid 35198:tid 140595739023104] [remote 91.108.6.111:41266]   File "/root/StudentBots/venv/lib/python3.8/site-packages/telebot/__init__.py", line 3069, in _notify_command_handlers
[Sun Jul 10 16:46:53.021284 2022] [wsgi:error] [pid 35198:tid 140595739023104] [remote 91.108.6.111:41266]     self._exec_task(message_handler['function'], message)
[Sun Jul 10 16:46:53.021308 2022] [wsgi:error] [pid 35198:tid 140595739023104] [remote 91.108.6.111:41266]   File "/root/StudentBots/venv/lib/python3.8/site-packages/telebot/__init__.py", line 738, in _exec_task
[Sun Jul 10 16:46:53.021318 2022] [wsgi:error] [pid 35198:tid 140595739023104] [remote 91.108.6.111:41266]     task(*args, **kwargs)
[Sun Jul 10 16:46:53.021341 2022] [wsgi:error] [pid 35198:tid 140595739023104] [remote 91.108.6.111:41266]   File "/root/payer/dead_morozxc/prikol/telegram_commands.py", line 111, in procces_message
[Sun Jul 10 16:46:53.021351 2022] [wsgi:error] [pid 35198:tid 140595739023104] [remote 91.108.6.111:41266]     command = TelegramCommand(message)
[Sun Jul 10 16:46:53.021374 2022] [wsgi:error] [pid 35198:tid 140595739023104] [remote 91.108.6.111:41266]   File "/root/payer/dead_morozxc/prikol/telegram_commands.py", line 39, in __init__
[Sun Jul 10 16:46:53.021384 2022] [wsgi:error] [pid 35198:tid 140595739023104] [remote 91.108.6.111:41266]     self.user_info = User_info.objects.get(user = self.u)
[Sun Jul 10 16:46:53.021410 2022] [wsgi:error] [pid 35198:tid 140595739023104] [remote 91.108.6.111:41266]   File "/root/StudentBots/venv/lib/python3.8/site-packages/django/db/models/manager.py", line 85, in manager_method
[Sun Jul 10 16:46:53.021420 2022] [wsgi:error] [pid 35198:tid 140595739023104] [remote 91.108.6.111:41266]     return getattr(self.get_queryset(), name)(*args, **kwargs)
[Sun Jul 10 16:46:53.021442 2022] [wsgi:error] [pid 35198:tid 140595739023104] [remote 91.108.6.111:41266]   File "/root/StudentBots/venv/lib/python3.8/site-packages/django/db/models/query.py", line 431, in get
[Sun Jul 10 16:46:53.021452 2022] [wsgi:error] [pid 35198:tid 140595739023104] [remote 91.108.6.111:41266]     num = len(clone)
[Sun Jul 10 16:46:53.021474 2022] [wsgi:error] [pid 35198:tid 140595739023104] [remote 91.108.6.111:41266]   File "/root/StudentBots/venv/lib/python3.8/site-packages/django/db/models/query.py", line 262, in __len__
[Sun Jul 10 16:46:53.021484 2022] [wsgi:error] [pid 35198:tid 140595739023104] [remote 91.108.6.111:41266]     self._fetch_all()
[Sun Jul 10 16:46:53.021508 2022] [wsgi:error] [pid 35198:tid 140595739023104] [remote 91.108.6.111:41266]   File "/root/StudentBots/venv/lib/python3.8/site-packages/django/db/models/query.py", line 1324, in _fetch_all
[Sun Jul 10 16:46:53.021519 2022] [wsgi:error] [pid 35198:tid 140595739023104] [remote 91.108.6.111:41266]     self._result_cache = list(self._iterable_class(self))
[Sun Jul 10 16:46:53.021545 2022] [wsgi:error] [pid 35198:tid 140595739023104] [remote 91.108.6.111:41266]   File "/root/StudentBots/venv/lib/python3.8/site-packages/django/db/models/query.py", line 51, in __iter__
[Sun Jul 10 16:46:53.021555 2022] [wsgi:error] [pid 35198:tid 140595739023104] [remote 91.108.6.111:41266]     results = compiler.execute_sql(chunked_fetch=self.chunked_fetch, chunk_size=self.chunk_size)
[Sun Jul 10 16:46:53.021578 2022] [wsgi:error] [pid 35198:tid 140595739023104] [remote 91.108.6.111:41266]   File "/root/StudentBots/venv/lib/python3.8/site-packages/django/db/models/sql/compiler.py", line 1175, in execute_sql
[Sun Jul 10 16:46:53.021588 2022] [wsgi:error] [pid 35198:tid 140595739023104] [remote 91.108.6.111:41266]     cursor.execute(sql, params)
[Sun Jul 10 16:46:53.021612 2022] [wsgi:error] [pid 35198:tid 140595739023104] [remote 91.108.6.111:41266]   File "/root/StudentBots/venv/lib/python3.8/site-packages/django/db/backends/utils.py", line 98, in execute
[Sun Jul 10 16:46:53.021622 2022] [wsgi:error] [pid 35198:tid 140595739023104] [remote 91.108.6.111:41266]     return super().execute(sql, params)
[Sun Jul 10 16:46:53.021647 2022] [wsgi:error] [pid 35198:tid 140595739023104] [remote 91.108.6.111:41266]   File "/root/StudentBots/venv/lib/python3.8/site-packages/django/db/backends/utils.py", line 66, in execute
[Sun Jul 10 16:46:53.021662 2022] [wsgi:error] [pid 35198:tid 140595739023104] [remote 91.108.6.111:41266]     return self._execute_with_wrappers(sql, params, many=False, executor=self._execute)
[Sun Jul 10 16:46:53.021688 2022] [wsgi:error] [pid 35198:tid 140595739023104] [remote 91.108.6.111:41266]   File "/root/StudentBots/venv/lib/python3.8/site-packages/django/db/backends/utils.py", line 75, in _execute_with_wrappers
[Sun Jul 10 16:46:53.021699 2022] [wsgi:error] [pid 35198:tid 140595739023104] [remote 91.108.6.111:41266]     return executor(sql, params, many, context)
[Sun Jul 10 16:46:53.021722 2022] [wsgi:error] [pid 35198:tid 140595739023104] [remote 91.108.6.111:41266]   File "/root/StudentBots/venv/lib/python3.8/site-packages/django/db/backends/utils.py", line 84, in _execute
[Sun Jul 10 16:46:53.021733 2022] [wsgi:error] [pid 35198:tid 140595739023104] [remote 91.108.6.111:41266]     return self.cursor.execute(sql, params)
[Sun Jul 10 16:46:53.021757 2022] [wsgi:error] [pid 35198:tid 140595739023104] [remote 91.108.6.111:41266]   File "/root/StudentBots/venv/lib/python3.8/site-packages/django/db/utils.py", line 90, in __exit__
[Sun Jul 10 16:46:53.021767 2022] [wsgi:error] [pid 35198:tid 140595739023104] [remote 91.108.6.111:41266]     raise dj_exc_value.with_traceback(traceback) from exc_value
[Sun Jul 10 16:46:53.021791 2022] [wsgi:error] [pid 35198:tid 140595739023104] [remote 91.108.6.111:41266]   File "/root/StudentBots/venv/lib/python3.8/site-packages/django/db/backends/utils.py", line 84, in _execute
[Sun Jul 10 16:46:53.021801 2022] [wsgi:error] [pid 35198:tid 140595739023104] [remote 91.108.6.111:41266]     return self.cursor.execute(sql, params)
[Sun Jul 10 16:46:53.021835 2022] [wsgi:error] [pid 35198:tid 140595739023104] [remote 91.108.6.111:41266] django.db.utils.ProgrammingError: column prikol_user_info.screenshot does not exist
[Sun Jul 10 16:46:53.021845 2022] [wsgi:error] [pid 35198:tid 140595739023104] [remote 91.108.6.111:41266] LINE 1: ..."."current_command", "prikol_user_info"."pocket", "prikol_us...
[Sun Jul 10 16:46:53.021854 2022] [wsgi:error] [pid 35198:tid 140595739023104] [remote 91.108.6.111:41266]                                                              ^
[Sun Jul 10 16:46:53.021863 2022] [wsgi:error] [pid 35198:tid 140595739023104] [remote 91.108.6.111:41266] 
[Sun Jul 10 16:46:53.021900 2022] [wsgi:error] [pid 35198:tid 140595739023104] [remote 91.108.6.111:41266] column prikol_user_info.screenshot does not exist
[Sun Jul 10 16:46:53.021911 2022] [wsgi:error] [pid 35198:tid 140595739023104] [remote 91.108.6.111:41266] LINE 1: ..."."current_command", "prikol_user_info"."pocket", "prikol_us...
[Sun Jul 10 16:46:53.021920 2022] [wsgi:error] [pid 35198:tid 140595739023104] [remote 91.108.6.111:41266]                                                              ^
[Sun Jul 10 16:46:53.021934 2022] [wsgi:error] [pid 35198:tid 140595739023104] [remote 91.108.6.111:41266] 
[Sun Jul 10 16:47:27.626243 2022] [wsgi:error] [pid 35198:tid 140595806164736] [remote 91.108.6.54:39700] Not Found: /vukituki/bot/process-new-updates/
[Sun Jul 10 16:47:51.767549 2022] [wsgi:error] [pid 35198:tid 140595739023104] [remote 185.7.214.104:57668] Not Found: /index.php
[Sun Jul 10 16:48:27.670354 2022] [wsgi:error] [pid 35198:tid 140595806164736] [remote 91.108.6.54:40148] Not Found: /vukituki/bot/process-new-updates/
[Sun Jul 10 16:49:27.714197 2022] [wsgi:error] [pid 35198:tid 140595739023104] [remote 91.108.6.54:54158] Not Found: /vukituki/bot/process-new-updates/
[Sun Jul 10 16:50:27.765526 2022] [wsgi:error] [pid 35198:tid 140595806164736] [remote 91.108.6.54:39706] Not Found: /vukituki/bot/process-new-updates/
[Sun Jul 10 16:51:27.808315 2022] [wsgi:error] [pid 35198:tid 140595739023104] [remote 91.108.6.54:53770] Not Found: /vukituki/bot/process-new-updates/
[Sun Jul 10 16:51:33.430366 2022] [wsgi:error] [pid 35198:tid 140595806164736] [remote 223.71.167.165:47893] Not Found: /
[Sun Jul 10 16:52:27.864441 2022] [wsgi:error] [pid 35198:tid 140595739023104] [remote 91.108.6.54:39652] Not Found: /vukituki/bot/process-new-updates/
[Sun Jul 10 16:53:27.908743 2022] [wsgi:error] [pid 35198:tid 140595806164736] [remote 91.108.6.54:59632] Not Found: /vukituki/bot/process-new-updates/
[Sun Jul 10 16:54:27.948307 2022] [wsgi:error] [pid 35198:tid 140595739023104] [remote 91.108.6.54:45254] Not Found: /vukituki/bot/process-new-updates/
[Sun Jul 10 16:55:27.987658 2022] [wsgi:error] [pid 35198:tid 140595806164736] [remote 91.108.6.54:59066] Not Found: /vukituki/bot/process-new-updates/
[Sun Jul 10 16:56:28.034359 2022] [wsgi:error] [pid 35198:tid 140595739023104] [remote 91.108.6.54:44960] Not Found: /vukituki/bot/process-new-updates/
[Sun Jul 10 16:57:28.073781 2022] [wsgi:error] [pid 35198:tid 140595806164736] [remote 91.108.6.54:58854] Not Found: /vukituki/bot/process-new-updates/
[Sun Jul 10 16:58:28.112636 2022] [wsgi:error] [pid 35198:tid 140595739023104] [remote 91.108.6.54:44636] Not Found: /vukituki/bot/process-new-updates/
[Sun Jul 10 16:59:28.155184 2022] [wsgi:error] [pid 35198:tid 140595806164736] [remote 91.108.6.54:58494] Not Found: /vukituki/bot/process-new-updates/
[Sun Jul 10 17:00:28.200907 2022] [wsgi:error] [pid 35198:tid 140595739023104] [remote 91.108.6.54:44332] Not Found: /vukituki/bot/process-new-updates/
[Sun Jul 10 17:01:28.244296 2022] [wsgi:error] [pid 35198:tid 140595806164736] [remote 91.108.6.54:58370] Not Found: /vukituki/bot/process-new-updates/
[Sun Jul 10 17:02:28.284187 2022] [wsgi:error] [pid 35198:tid 140595739023104] [remote 91.108.6.54:43974] Not Found: /vukituki/bot/process-new-updates/
[Sun Jul 10 17:03:28.323113 2022] [wsgi:error] [pid 35198:tid 140595806164736] [remote 91.108.6.54:57822] Not Found: /vukituki/bot/process-new-updates/
[Sun Jul 10 17:04:28.363697 2022] [wsgi:error] [pid 35198:tid 140595739023104] [remote 91.108.6.54:43430] Not Found: /vukituki/bot/process-new-updates/
[Sun Jul 10 17:05:09.488066 2022] [wsgi:error] [pid 35198:tid 140595806164736] [remote 185.7.214.104:42066] Not Found: /
[Sun Jul 10 17:05:28.406654 2022] [wsgi:error] [pid 35198:tid 140595739023104] [remote 91.108.6.54:54422] Not Found: /vukituki/bot/process-new-updates/
[Sun Jul 10 17:06:28.450813 2022] [wsgi:error] [pid 35198:tid 140595806164736] [remote 91.108.6.54:40308] Not Found: /vukituki/bot/process-new-updates/
[Sun Jul 10 17:07:28.488588 2022] [wsgi:error] [pid 35198:tid 140595739023104] [remote 91.108.6.54:54544] Not Found: /vukituki/bot/process-new-updates/
[Sun Jul 10 17:08:28.535001 2022] [wsgi:error] [pid 35198:tid 140595806164736] [remote 91.108.6.54:40430] Not Found: /vukituki/bot/process-new-updates/
[Sun Jul 10 17:09:28.588256 2022] [wsgi:error] [pid 35198:tid 140595739023104] [remote 91.108.6.54:54432] Not Found: /vukituki/bot/process-new-updates/
[Sun Jul 10 17:10:28.638925 2022] [wsgi:error] [pid 35198:tid 140595806164736] [remote 91.108.6.54:50540] Not Found: /vukituki/bot/process-new-updates/
[Sun Jul 10 17:11:28.685218 2022] [wsgi:error] [pid 35198:tid 140595739023104] [remote 91.108.6.54:36384] Not Found: /vukituki/bot/process-new-updates/
[Sun Jul 10 17:12:28.729267 2022] [wsgi:error] [pid 35198:tid 140595806164736] [remote 91.108.6.54:50454] Not Found: /vukituki/bot/process-new-updates/
[Sun Jul 10 17:13:28.778387 2022] [wsgi:error] [pid 35198:tid 140595739023104] [remote 91.108.6.54:36446] Not Found: /vukituki/bot/process-new-updates/
[Sun Jul 10 17:14:28.831305 2022] [wsgi:error] [pid 35198:tid 140595806164736] [remote 91.108.6.54:50340] Not Found: /vukituki/bot/process-new-updates/
[Sun Jul 10 17:15:28.869788 2022] [wsgi:error] [pid 35198:tid 140595739023104] [remote 91.108.6.54:36060] Not Found: /vukituki/bot/process-new-updates/
[Sun Jul 10 17:16:28.920326 2022] [wsgi:error] [pid 35198:tid 140595806164736] [remote 91.108.6.54:50164] Not Found: /vukituki/bot/process-new-updates/
[Sun Jul 10 17:17:28.965725 2022] [wsgi:error] [pid 35198:tid 140595739023104] [remote 91.108.6.54:35988] Not Found: /vukituki/bot/process-new-updates/
[Sun Jul 10 17:18:29.014926 2022] [wsgi:error] [pid 35198:tid 140595806164736] [remote 91.108.6.54:50088] Not Found: /vukituki/bot/process-new-updates/
[Sun Jul 10 17:19:29.062763 2022] [wsgi:error] [pid 35198:tid 140595739023104] [remote 91.108.6.54:35854] Not Found: /vukituki/bot/process-new-updates/
[Sun Jul 10 17:20:29.105640 2022] [wsgi:error] [pid 35198:tid 140595806164736] [remote 91.108.6.54:50050] Not Found: /vukituki/bot/process-new-updates/
[Sun Jul 10 17:21:29.149432 2022] [wsgi:error] [pid 35198:tid 140595739023104] [remote 91.108.6.54:36238] Not Found: /vukituki/bot/process-new-updates/
[Sun Jul 10 17:22:29.198613 2022] [wsgi:error] [pid 35198:tid 140595806164736] [remote 91.108.6.54:50392] Not Found: /vukituki/bot/process-new-updates/
[Sun Jul 10 17:23:29.237900 2022] [wsgi:error] [pid 35198:tid 140595739023104] [remote 91.108.6.54:36504] Not Found: /vukituki/bot/process-new-updates/
[Sun Jul 10 17:24:29.281292 2022] [wsgi:error] [pid 35198:tid 140595806164736] [remote 91.108.6.54:50472] Not Found: /vukituki/bot/process-new-updates/
[Sun Jul 10 17:25:29.328463 2022] [wsgi:error] [pid 35198:tid 140595739023104] [remote 91.108.6.54:36174] Not Found: /vukituki/bot/process-new-updates/
[Sun Jul 10 17:26:29.477670 2022] [wsgi:error] [pid 35198:tid 140595806164736] [remote 91.108.6.54:50140] Not Found: /vukituki/bot/process-new-updates/
