[Sun Jul 10 22:42:43.258906 2022] [wsgi:error] [pid 35198:tid 140595806164736] [remote 91.108.6.54:42350] Not Found: /vukituki/bot/process-new-updates/
[Sun Jul 10 22:43:43.305561 2022] [wsgi:error] [pid 35198:tid 140595739023104] [remote 91.108.6.54:56298] Not Found: /vukituki/bot/process-new-updates/
[Sun Jul 10 22:44:43.342129 2022] [wsgi:error] [pid 35198:tid 140595806164736] [remote 91.108.6.54:55634] Not Found: /vukituki/bot/process-new-updates/
[Sun Jul 10 22:45:43.389279 2022] [wsgi:error] [pid 35198:tid 140595739023104] [remote 91.108.6.54:41144] Not Found: /vukituki/bot/process-new-updates/
[Sun Jul 10 22:46:43.435026 2022] [wsgi:error] [pid 35198:tid 140595806164736] [remote 91.108.6.54:46816] Not Found: /vukituki/bot/process-new-updates/
[Sun Jul 10 22:47:43.478359 2022] [wsgi:error] [pid 35198:tid 140595739023104] [remote 91.108.6.54:38718] Not Found: /vukituki/bot/process-new-updates/
[Sun Jul 10 22:48:43.525709 2022] [wsgi:error] [pid 35198:tid 140595806164736] [remote 91.108.6.54:52680] Not Found: /vukituki/bot/process-new-updates/
[Sun Jul 10 22:49:43.577073 2022] [wsgi:error] [pid 35198:tid 140595739023104] [remote 91.108.6.54:38152] Not Found: /vukituki/bot/process-new-updates/
[Sun Jul 10 22:50:43.614272 2022] [wsgi:error] [pid 35198:tid 140595806164736] [remote 91.108.6.54:52220] Not Found: /vukituki/bot/process-new-updates/
[Sun Jul 10 22:51:43.655429 2022] [wsgi:error] [pid 35198:tid 140595739023104] [remote 91.108.6.54:37864] Not Found: /vukituki/bot/process-new-updates/
[Sun Jul 10 22:52:43.701750 2022] [wsgi:error] [pid 35198:tid 140595806164736] [remote 91.108.6.54:51732] Not Found: /vukituki/bot/process-new-updates/
[Sun Jul 10 22:53:43.829095 2022] [wsgi:error] [pid 35198:tid 140595739023104] [remote 91.108.6.54:57478] Not Found: /vukituki/bot/process-new-updates/
[Sun Jul 10 22:54:43.877511 2022] [wsgi:error] [pid 35198:tid 140595806164736] [remote 91.108.6.54:43078] Not Found: /vukituki/bot/process-new-updates/
[Sun Jul 10 22:55:43.924362 2022] [wsgi:error] [pid 35198:tid 140595739023104] [remote 91.108.6.54:56778] Not Found: /vukituki/bot/process-new-updates/
[Sun Jul 10 22:56:43.966164 2022] [wsgi:error] [pid 35198:tid 140595806164736] [remote 91.108.6.54:42104] Not Found: /vukituki/bot/process-new-updates/
[Sun Jul 10 22:57:44.007638 2022] [wsgi:error] [pid 35198:tid 140595739023104] [remote 91.108.6.54:55694] Not Found: /vukituki/bot/process-new-updates/
[Sun Jul 10 22:58:44.054572 2022] [wsgi:error] [pid 35198:tid 140595806164736] [remote 91.108.6.54:41230] Not Found: /vukituki/bot/process-new-updates/
[Sun Jul 10 22:59:44.094954 2022] [wsgi:error] [pid 35198:tid 140595739023104] [remote 91.108.6.54:54804] Not Found: /vukituki/bot/process-new-updates/
[Sun Jul 10 23:00:44.140112 2022] [wsgi:error] [pid 35198:tid 140595806164736] [remote 91.108.6.54:33584] Not Found: /vukituki/bot/process-new-updates/
[Sun Jul 10 23:01:44.187450 2022] [wsgi:error] [pid 35198:tid 140595739023104] [remote 91.108.6.54:47198] Not Found: /vukituki/bot/process-new-updates/
[Sun Jul 10 23:02:44.231725 2022] [wsgi:error] [pid 35198:tid 140595806164736] [remote 91.108.6.54:60820] Not Found: /vukituki/bot/process-new-updates/
[Sun Jul 10 23:03:44.275518 2022] [wsgi:error] [pid 35198:tid 140595739023104] [remote 91.108.6.54:46098] Not Found: /vukituki/bot/process-new-updates/
[Sun Jul 10 23:04:44.321567 2022] [wsgi:error] [pid 35198:tid 140595806164736] [remote 91.108.6.54:59708] Not Found: /vukituki/bot/process-new-updates/
[Sun Jul 10 23:05:44.362275 2022] [wsgi:error] [pid 35198:tid 140595739023104] [remote 91.108.6.54:45030] Not Found: /vukituki/bot/process-new-updates/
[Sun Jul 10 23:06:44.401268 2022] [wsgi:error] [pid 35198:tid 140595806164736] [remote 91.108.6.54:57282] Not Found: /vukituki/bot/process-new-updates/
[Sun Jul 10 23:07:44.443665 2022] [wsgi:error] [pid 35198:tid 140595739023104] [remote 91.108.6.54:42650] Not Found: /vukituki/bot/process-new-updates/
[Sun Jul 10 23:08:44.487118 2022] [wsgi:error] [pid 35198:tid 140595806164736] [remote 91.108.6.54:56198] Not Found: /vukituki/bot/process-new-updates/
[Sun Jul 10 23:09:44.532117 2022] [wsgi:error] [pid 35198:tid 140595739023104] [remote 91.108.6.54:41608] Not Found: /vukituki/bot/process-new-updates/
[Sun Jul 10 23:10:44.582052 2022] [wsgi:error] [pid 35198:tid 140595806164736] [remote 91.108.6.54:55376] Not Found: /vukituki/bot/process-new-updates/
[Sun Jul 10 23:11:44.619346 2022] [wsgi:error] [pid 35198:tid 140595739023104] [remote 91.108.6.54:41198] Not Found: /vukituki/bot/process-new-updates/
[Sun Jul 10 23:12:44.658424 2022] [wsgi:error] [pid 35198:tid 140595806164736] [remote 91.108.6.54:54838] Not Found: /vukituki/bot/process-new-updates/
[Sun Jul 10 23:13:44.701479 2022] [wsgi:error] [pid 35198:tid 140595739023104] [remote 91.108.6.54:40300] Not Found: /vukituki/bot/process-new-updates/
[Sun Jul 10 23:14:44.746255 2022] [wsgi:error] [pid 35198:tid 140595806164736] [remote 91.108.6.54:48532] Not Found: /vukituki/bot/process-new-updates/
[Sun Jul 10 23:15:44.784803 2022] [wsgi:error] [pid 35198:tid 140595739023104] [remote 91.108.6.54:34262] Not Found: /vukituki/bot/process-new-updates/
[Sun Jul 10 23:16:44.827495 2022] [wsgi:error] [pid 35198:tid 140595806164736] [remote 91.108.6.54:47796] Not Found: /vukituki/bot/process-new-updates/
[Sun Jul 10 23:17:44.871598 2022] [wsgi:error] [pid 35198:tid 140595739023104] [remote 91.108.6.54:33290] Not Found: /vukituki/bot/process-new-updates/
[Sun Jul 10 23:18:44.914577 2022] [wsgi:error] [pid 35198:tid 140595806164736] [remote 91.108.6.54:46904] Not Found: /vukituki/bot/process-new-updates/
[Sun Jul 10 23:19:44.958068 2022] [wsgi:error] [pid 35198:tid 140595739023104] [remote 91.108.6.54:60540] Not Found: /vukituki/bot/process-new-updates/
[Sun Jul 10 23:20:44.995422 2022] [wsgi:error] [pid 35198:tid 140595806164736] [remote 91.108.6.54:45940] Not Found: /vukituki/bot/process-new-updates/
[Sun Jul 10 23:21:45.039307 2022] [wsgi:error] [pid 35198:tid 140595739023104] [remote 91.108.6.54:59564] Not Found: /vukituki/bot/process-new-updates/
[Sun Jul 10 23:22:45.082478 2022] [wsgi:error] [pid 35198:tid 140595806164736] [remote 91.108.6.54:44948] Not Found: /vukituki/bot/process-new-updates/
[Sun Jul 10 23:23:45.126715 2022] [wsgi:error] [pid 35198:tid 140595739023104] [remote 91.108.6.54:58556] Not Found: /vukituki/bot/process-new-updates/
[Sun Jul 10 23:24:21.101941 2022] [wsgi:error] [pid 35198:tid 140595806164736] [remote 185.7.214.104:56292] Not Found: /vendor/phpunit/phpunit/src/Util/PHP/eval-stdin.php
[Sun Jul 10 23:24:45.171547 2022] [wsgi:error] [pid 35198:tid 140595739023104] [remote 91.108.6.54:44210] Not Found: /vukituki/bot/process-new-updates/
[Sun Jul 10 23:25:45.216062 2022] [wsgi:error] [pid 35198:tid 140595806164736] [remote 91.108.6.54:57836] Not Found: /vukituki/bot/process-new-updates/
[Sun Jul 10 23:26:45.257681 2022] [wsgi:error] [pid 35198:tid 140595739023104] [remote 91.108.6.54:43064] Not Found: /vukituki/bot/process-new-updates/
[Sun Jul 10 23:27:45.303032 2022] [wsgi:error] [pid 35198:tid 140595806164736] [remote 91.108.6.54:56458] Not Found: /vukituki/bot/process-new-updates/
[Sun Jul 10 23:28:45.348257 2022] [wsgi:error] [pid 35198:tid 140595739023104] [remote 91.108.6.54:41700] Not Found: /vukituki/bot/process-new-updates/
[Sun Jul 10 23:29:45.388097 2022] [wsgi:error] [pid 35198:tid 140595806164736] [remote 91.108.6.54:55324] Not Found: /vukituki/bot/process-new-updates/
[Sun Jul 10 23:30:45.432091 2022] [wsgi:error] [pid 35198:tid 140595739023104] [remote 91.108.6.54:40884] Not Found: /vukituki/bot/process-new-updates/
[Sun Jul 10 23:31:45.473773 2022] [wsgi:error] [pid 35198:tid 140595806164736] [remote 91.108.6.54:55222] Not Found: /vukituki/bot/process-new-updates/
[Sun Jul 10 23:32:45.515827 2022] [wsgi:error] [pid 35198:tid 140595739023104] [remote 91.108.6.54:40416] Not Found: /vukituki/bot/process-new-updates/
[Sun Jul 10 23:33:45.555037 2022] [wsgi:error] [pid 35198:tid 140595806164736] [remote 91.108.6.54:53842] Not Found: /vukituki/bot/process-new-updates/
[Sun Jul 10 23:34:45.603089 2022] [wsgi:error] [pid 35198:tid 140595739023104] [remote 91.108.6.54:39346] Not Found: /vukituki/bot/process-new-updates/
[Sun Jul 10 23:35:45.642549 2022] [wsgi:error] [pid 35198:tid 140595806164736] [remote 91.108.6.54:53002] Not Found: /vukituki/bot/process-new-updates/
[Sun Jul 10 23:36:45.695853 2022] [wsgi:error] [pid 35198:tid 140595739023104] [remote 91.108.6.54:38384] Not Found: /vukituki/bot/process-new-updates/
[Sun Jul 10 23:37:45.737094 2022] [wsgi:error] [pid 35198:tid 140595806164736] [remote 91.108.6.54:52016] Not Found: /vukituki/bot/process-new-updates/
[Sun Jul 10 23:38:45.785054 2022] [wsgi:error] [pid 35198:tid 140595739023104] [remote 91.108.6.54:37392] Not Found: /vukituki/bot/process-new-updates/
[Sun Jul 10 23:39:45.825660 2022] [wsgi:error] [pid 35198:tid 140595806164736] [remote 91.108.6.54:50930] Not Found: /vukituki/bot/process-new-updates/
[Sun Jul 10 23:40:45.867083 2022] [wsgi:error] [pid 35198:tid 140595739023104] [remote 91.108.6.54:36332] Not Found: /vukituki/bot/process-new-updates/
[Sun Jul 10 23:41:45.910427 2022] [wsgi:error] [pid 35198:tid 140595806164736] [remote 91.108.6.54:51440] Not Found: /vukituki/bot/process-new-updates/
[Sun Jul 10 23:42:45.947409 2022] [wsgi:error] [pid 35198:tid 140595739023104] [remote 91.108.6.54:46888] Not Found: /vukituki/bot/process-new-updates/
[Sun Jul 10 23:43:45.983614 2022] [wsgi:error] [pid 35198:tid 140595806164736] [remote 91.108.6.54:60454] Not Found: /vukituki/bot/process-new-updates/
[Sun Jul 10 23:44:46.027630 2022] [wsgi:error] [pid 35198:tid 140595739023104] [remote 91.108.6.54:45930] Not Found: /vukituki/bot/process-new-updates/
[Sun Jul 10 23:45:46.070221 2022] [wsgi:error] [pid 35198:tid 140595806164736] [remote 91.108.6.54:59590] Not Found: /vukituki/bot/process-new-updates/
[Sun Jul 10 23:46:46.110776 2022] [wsgi:error] [pid 35198:tid 140595739023104] [remote 91.108.6.54:44996] Not Found: /vukituki/bot/process-new-updates/
[Sun Jul 10 23:47:46.155280 2022] [wsgi:error] [pid 35198:tid 140595806164736] [remote 91.108.6.54:58452] Not Found: /vukituki/bot/process-new-updates/
[Sun Jul 10 23:48:46.197961 2022] [wsgi:error] [pid 35198:tid 140595739023104] [remote 91.108.6.54:43838] Not Found: /vukituki/bot/process-new-updates/
[Sun Jul 10 23:49:46.238087 2022] [wsgi:error] [pid 35198:tid 140595806164736] [remote 91.108.6.54:39908] Not Found: /vukituki/bot/process-new-updates/
[Sun Jul 10 23:50:46.278711 2022] [wsgi:error] [pid 35198:tid 140595739023104] [remote 91.108.6.54:53452] Not Found: /vukituki/bot/process-new-updates/
[Sun Jul 10 23:51:46.320271 2022] [wsgi:error] [pid 35198:tid 140595806164736] [remote 91.108.6.54:38742] Not Found: /vukituki/bot/process-new-updates/
[Sun Jul 10 23:52:46.365101 2022] [wsgi:error] [pid 35198:tid 140595739023104] [remote 91.108.6.54:52224] Not Found: /vukituki/bot/process-new-updates/
[Sun Jul 10 23:53:46.404021 2022] [wsgi:error] [pid 35198:tid 140595806164736] [remote 91.108.6.54:40982] Not Found: /vukituki/bot/process-new-updates/
[Sun Jul 10 23:54:46.444508 2022] [wsgi:error] [pid 35198:tid 140595739023104] [remote 91.108.6.54:54634] Not Found: /vukituki/bot/process-new-updates/
[Sun Jul 10 23:55:46.486273 2022] [wsgi:error] [pid 35198:tid 140595806164736] [remote 91.108.6.54:44426] Not Found: /vukituki/bot/process-new-updates/
[Sun Jul 10 23:56:46.532720 2022] [wsgi:error] [pid 35198:tid 140595739023104] [remote 91.108.6.54:58042] Not Found: /vukituki/bot/process-new-updates/
[Sun Jul 10 23:57:46.576114 2022] [wsgi:error] [pid 35198:tid 140595806164736] [remote 91.108.6.54:43440] Not Found: /vukituki/bot/process-new-updates/
[Sun Jul 10 23:58:46.615702 2022] [wsgi:error] [pid 35198:tid 140595739023104] [remote 91.108.6.54:57258] Not Found: /vukituki/bot/process-new-updates/
[Sun Jul 10 23:59:46.659547 2022] [wsgi:error] [pid 35198:tid 140595806164736] [remote 91.108.6.54:42726] Not Found: /vukituki/bot/process-new-updates/
Exception ignored in: <function Local.__del__ at 0x7fdefb425040>
Traceback (most recent call last):
  File "/root/StudentBots/venv/lib/python3.8/site-packages/asgiref/local.py", line 96, in __del__
NameError: name 'TypeError' is not defined
[Mon Jul 11 00:00:48.421803 2022] [wsgi:error] [pid 40231:tid 140595780986624] [remote 91.108.6.54:34034] Not Found: /vukituki/bot/process-new-updates/
[Mon Jul 11 00:01:48.467315 2022] [wsgi:error] [pid 40231:tid 140595806164736] [remote 91.108.6.54:49160] Not Found: /vukituki/bot/process-new-updates/
[Mon Jul 11 00:02:48.505804 2022] [wsgi:error] [pid 40231:tid 140595780986624] [remote 91.108.6.54:34572] Not Found: /vukituki/bot/process-new-updates/
[Mon Jul 11 00:03:48.543919 2022] [wsgi:error] [pid 40231:tid 140595806164736] [remote 91.108.6.54:48028] Not Found: /vukituki/bot/process-new-updates/
[Mon Jul 11 00:04:48.590149 2022] [wsgi:error] [pid 40231:tid 140595780986624] [remote 91.108.6.54:33326] Not Found: /vukituki/bot/process-new-updates/
[Mon Jul 11 00:05:48.628245 2022] [wsgi:error] [pid 40231:tid 140595806164736] [remote 91.108.6.54:46894] Not Found: /vukituki/bot/process-new-updates/
[Mon Jul 11 00:06:48.667190 2022] [wsgi:error] [pid 40231:tid 140595780986624] [remote 91.108.6.54:60486] Not Found: /vukituki/bot/process-new-updates/
[Mon Jul 11 00:07:48.709163 2022] [wsgi:error] [pid 40231:tid 140595806164736] [remote 91.108.6.54:40804] Not Found: /vukituki/bot/process-new-updates/
[Mon Jul 11 00:08:48.750393 2022] [wsgi:error] [pid 40231:tid 140595780986624] [remote 91.108.6.54:54646] Not Found: /vukituki/bot/process-new-updates/
[Mon Jul 11 00:09:48.791523 2022] [wsgi:error] [pid 40231:tid 140595806164736] [remote 91.108.6.54:40004] Not Found: /vukituki/bot/process-new-updates/
[Mon Jul 11 00:10:48.837100 2022] [wsgi:error] [pid 40231:tid 140595780986624] [remote 91.108.6.54:43512] Not Found: /vukituki/bot/process-new-updates/
[Mon Jul 11 00:11:48.882733 2022] [wsgi:error] [pid 40231:tid 140595806164736] [remote 91.108.6.54:57392] Not Found: /vukituki/bot/process-new-updates/
[Mon Jul 11 00:12:48.925814 2022] [wsgi:error] [pid 40231:tid 140595780986624] [remote 91.108.6.54:42704] Not Found: /vukituki/bot/process-new-updates/
[Mon Jul 11 00:13:48.974217 2022] [wsgi:error] [pid 40231:tid 140595806164736] [remote 91.108.6.54:56208] Not Found: /vukituki/bot/process-new-updates/
[Mon Jul 11 00:14:49.013187 2022] [wsgi:error] [pid 40231:tid 140595780986624] [remote 91.108.6.54:41584] Not Found: /vukituki/bot/process-new-updates/
[Mon Jul 11 00:15:49.049725 2022] [wsgi:error] [pid 40231:tid 140595806164736] [remote 91.108.6.54:55046] Not Found: /vukituki/bot/process-new-updates/
[Mon Jul 11 00:16:49.098858 2022] [wsgi:error] [pid 40231:tid 140595780986624] [remote 91.108.6.54:40218] Not Found: /vukituki/bot/process-new-updates/
[Mon Jul 11 00:17:49.150876 2022] [wsgi:error] [pid 40231:tid 140595806164736] [remote 91.108.6.54:58048] Not Found: /vukituki/bot/process-new-updates/
[Mon Jul 11 00:18:49.193974 2022] [wsgi:error] [pid 40231:tid 140595780986624] [remote 91.108.6.54:43416] Not Found: /vukituki/bot/process-new-updates/
[Mon Jul 11 00:19:49.240687 2022] [wsgi:error] [pid 40231:tid 140595806164736] [remote 91.108.6.54:56968] Not Found: /vukituki/bot/process-new-updates/
[Mon Jul 11 00:20:49.284188 2022] [wsgi:error] [pid 40231:tid 140595780986624] [remote 91.108.6.54:42308] Not Found: /vukituki/bot/process-new-updates/
[Mon Jul 11 00:21:49.332408 2022] [wsgi:error] [pid 40231:tid 140595806164736] [remote 91.108.6.54:55916] Not Found: /vukituki/bot/process-new-updates/
[Mon Jul 11 00:22:49.372094 2022] [wsgi:error] [pid 40231:tid 140595780986624] [remote 91.108.6.54:41164] Not Found: /vukituki/bot/process-new-updates/
[Mon Jul 11 00:23:12.920390 2022] [wsgi:error] [pid 40231:tid 140595806164736] [remote 167.94.138.61:59508] Not Found: /
[Mon Jul 11 00:23:42.761206 2022] [wsgi:error] [pid 40231:tid 140595780986624] [remote 121.46.25.189:51330] Not Found: /cgi-bin/login.cgi
[Mon Jul 11 00:23:43.856260 2022] [wsgi:error] [pid 40231:tid 140595806164736] [remote 121.46.25.189:51362] Not Found: /favicon.ico
[Mon Jul 11 00:23:49.413774 2022] [wsgi:error] [pid 40231:tid 140595780986624] [remote 91.108.6.54:54762] Not Found: /vukituki/bot/process-new-updates/
[Mon Jul 11 00:24:49.452329 2022] [wsgi:error] [pid 40231:tid 140595806164736] [remote 91.108.6.54:56394] Not Found: /vukituki/bot/process-new-updates/
[Mon Jul 11 00:25:49.494530 2022] [wsgi:error] [pid 40231:tid 140595780986624] [remote 91.108.6.54:41604] Not Found: /vukituki/bot/process-new-updates/
[Mon Jul 11 00:26:49.541903 2022] [wsgi:error] [pid 40231:tid 140595806164736] [remote 91.108.6.54:57600] Not Found: /vukituki/bot/process-new-updates/
[Mon Jul 11 00:27:49.582388 2022] [wsgi:error] [pid 40231:tid 140595780986624] [remote 91.108.6.54:42964] Not Found: /vukituki/bot/process-new-updates/
[Mon Jul 11 00:28:49.621547 2022] [wsgi:error] [pid 40231:tid 140595806164736] [remote 91.108.6.54:56776] Not Found: /vukituki/bot/process-new-updates/
[Mon Jul 11 00:29:49.667545 2022] [wsgi:error] [pid 40231:tid 140595780986624] [remote 91.108.6.54:42182] Not Found: /vukituki/bot/process-new-updates/
[Mon Jul 11 00:30:49.715317 2022] [wsgi:error] [pid 40231:tid 140595806164736] [remote 91.108.6.54:55842] Not Found: /vukituki/bot/process-new-updates/
[Mon Jul 11 00:31:49.759039 2022] [wsgi:error] [pid 40231:tid 140595780986624] [remote 91.108.6.54:41280] Not Found: /vukituki/bot/process-new-updates/
[Mon Jul 11 00:32:49.805417 2022] [wsgi:error] [pid 40231:tid 140595806164736] [remote 91.108.6.54:54790] Not Found: /vukituki/bot/process-new-updates/
[Mon Jul 11 00:33:49.852062 2022] [wsgi:error] [pid 40231:tid 140595780986624] [remote 91.108.6.54:40160] Not Found: /vukituki/bot/process-new-updates/
[Mon Jul 11 00:34:49.900966 2022] [wsgi:error] [pid 40231:tid 140595806164736] [remote 91.108.6.54:53728] Not Found: /vukituki/bot/process-new-updates/
[Mon Jul 11 00:35:49.939196 2022] [wsgi:error] [pid 40231:tid 140595780986624] [remote 91.108.6.54:59682] Not Found: /vukituki/bot/process-new-updates/
[Mon Jul 11 00:36:49.986485 2022] [wsgi:error] [pid 40231:tid 140595806164736] [remote 91.108.6.54:44960] Not Found: /vukituki/bot/process-new-updates/
[Mon Jul 11 00:37:50.030260 2022] [wsgi:error] [pid 40231:tid 140595780986624] [remote 91.108.6.54:58462] Not Found: /vukituki/bot/process-new-updates/
[Mon Jul 11 00:38:50.072958 2022] [wsgi:error] [pid 40231:tid 140595806164736] [remote 91.108.6.54:43886] Not Found: /vukituki/bot/process-new-updates/
[Mon Jul 11 00:39:50.112880 2022] [wsgi:error] [pid 40231:tid 140595780986624] [remote 91.108.6.54:57000] Not Found: /vukituki/bot/process-new-updates/
[Mon Jul 11 00:40:50.157863 2022] [wsgi:error] [pid 40231:tid 140595806164736] [remote 91.108.6.54:42322] Not Found: /vukituki/bot/process-new-updates/
[Mon Jul 11 00:41:50.202892 2022] [wsgi:error] [pid 40231:tid 140595780986624] [remote 91.108.6.54:55878] Not Found: /vukituki/bot/process-new-updates/
[Mon Jul 11 00:42:50.244901 2022] [wsgi:error] [pid 40231:tid 140595806164736] [remote 91.108.6.54:41166] Not Found: /vukituki/bot/process-new-updates/
[Mon Jul 11 00:43:50.291782 2022] [wsgi:error] [pid 40231:tid 140595780986624] [remote 91.108.6.54:54812] Not Found: /vukituki/bot/process-new-updates/
[Mon Jul 11 00:44:50.333334 2022] [wsgi:error] [pid 40231:tid 140595806164736] [remote 91.108.6.54:36142] Not Found: /vukituki/bot/process-new-updates/
[Mon Jul 11 00:45:50.376931 2022] [wsgi:error] [pid 40231:tid 140595780986624] [remote 91.108.6.54:49734] Not Found: /vukituki/bot/process-new-updates/
[Mon Jul 11 00:46:50.423508 2022] [wsgi:error] [pid 40231:tid 140595806164736] [remote 91.108.6.54:34928] Not Found: /vukituki/bot/process-new-updates/
[Mon Jul 11 00:47:50.463119 2022] [wsgi:error] [pid 40231:tid 140595780986624] [remote 91.108.6.54:55116] Not Found: /vukituki/bot/process-new-updates/
[Mon Jul 11 00:48:50.509408 2022] [wsgi:error] [pid 40231:tid 140595806164736] [remote 91.108.6.54:40576] Not Found: /vukituki/bot/process-new-updates/
[Mon Jul 11 00:49:50.555738 2022] [wsgi:error] [pid 40231:tid 140595780986624] [remote 91.108.6.54:54160] Not Found: /vukituki/bot/process-new-updates/
[Mon Jul 11 00:50:50.598713 2022] [wsgi:error] [pid 40231:tid 140595806164736] [remote 91.108.6.54:39528] Not Found: /vukituki/bot/process-new-updates/
[Mon Jul 11 00:51:50.642212 2022] [wsgi:error] [pid 40231:tid 140595780986624] [remote 91.108.6.54:53262] Not Found: /vukituki/bot/process-new-updates/
[Mon Jul 11 00:52:50.683466 2022] [wsgi:error] [pid 40231:tid 140595806164736] [remote 91.108.6.54:50872] Not Found: /vukituki/bot/process-new-updates/
[Mon Jul 11 00:53:10.638667 2022] [wsgi:error] [pid 40231:tid 140595780986624] [remote 185.7.214.104:34926] Not Found: /index.php
[Mon Jul 11 00:53:50.724594 2022] [wsgi:error] [pid 40231:tid 140595806164736] [remote 91.108.6.54:36434] Not Found: /vukituki/bot/process-new-updates/
[Mon Jul 11 00:54:15.371116 2022] [wsgi:error] [pid 40231:tid 140595780986624] [remote 183.136.225.9:47964] Not Found: /
[Mon Jul 11 00:54:50.761420 2022] [wsgi:error] [pid 40231:tid 140595806164736] [remote 91.108.6.54:49882] Not Found: /vukituki/bot/process-new-updates/
[Mon Jul 11 00:55:50.805038 2022] [wsgi:error] [pid 40231:tid 140595780986624] [remote 91.108.6.54:35162] Not Found: /vukituki/bot/process-new-updates/
[Mon Jul 11 00:56:50.851960 2022] [wsgi:error] [pid 40231:tid 140595806164736] [remote 91.108.6.54:55962] Not Found: /vukituki/bot/process-new-updates/
[Mon Jul 11 00:57:50.898676 2022] [wsgi:error] [pid 40231:tid 140595780986624] [remote 91.108.6.54:41232] Not Found: /vukituki/bot/process-new-updates/
[Mon Jul 11 00:58:50.940594 2022] [wsgi:error] [pid 40231:tid 140595806164736] [remote 91.108.6.54:54726] Not Found: /vukituki/bot/process-new-updates/
[Mon Jul 11 00:59:50.985741 2022] [wsgi:error] [pid 40231:tid 140595780986624] [remote 91.108.6.54:40234] Not Found: /vukituki/bot/process-new-updates/
[Mon Jul 11 01:00:51.028764 2022] [wsgi:error] [pid 40231:tid 140595806164736] [remote 91.108.6.54:53894] Not Found: /vukituki/bot/process-new-updates/
[Mon Jul 11 01:01:51.070129 2022] [wsgi:error] [pid 40231:tid 140595780986624] [remote 91.108.6.54:39292] Not Found: /vukituki/bot/process-new-updates/
[Mon Jul 11 01:02:51.113903 2022] [wsgi:error] [pid 40231:tid 140595806164736] [remote 91.108.6.54:52968] Not Found: /vukituki/bot/process-new-updates/
[Mon Jul 11 01:03:51.155240 2022] [wsgi:error] [pid 40231:tid 140595780986624] [remote 91.108.6.54:34354] Not Found: /vukituki/bot/process-new-updates/
[Mon Jul 11 01:04:51.199582 2022] [wsgi:error] [pid 40231:tid 140595806164736] [remote 91.108.6.54:47876] Not Found: /vukituki/bot/process-new-updates/
[Mon Jul 11 01:05:51.244690 2022] [wsgi:error] [pid 40231:tid 140595780986624] [remote 91.108.6.54:33028] Not Found: /vukituki/bot/process-new-updates/
[Mon Jul 11 01:06:51.287708 2022] [wsgi:error] [pid 40231:tid 140595806164736] [remote 91.108.6.54:46608] Not Found: /vukituki/bot/process-new-updates/
[Mon Jul 11 01:07:51.334830 2022] [wsgi:error] [pid 40231:tid 140595780986624] [remote 91.108.6.54:60174] Not Found: /vukituki/bot/process-new-updates/
[Mon Jul 11 01:08:51.377828 2022] [wsgi:error] [pid 40231:tid 140595806164736] [remote 91.108.6.54:50434] Not Found: /vukituki/bot/process-new-updates/
[Mon Jul 11 01:09:51.416908 2022] [wsgi:error] [pid 40231:tid 140595780986624] [remote 91.108.6.54:35822] Not Found: /vukituki/bot/process-new-updates/
[Mon Jul 11 01:10:51.457229 2022] [wsgi:error] [pid 40231:tid 140595806164736] [remote 91.108.6.54:53092] Not Found: /vukituki/bot/process-new-updates/
[Mon Jul 11 01:11:51.497212 2022] [wsgi:error] [pid 40231:tid 140595780986624] [remote 91.108.6.54:44014] Not Found: /vukituki/bot/process-new-updates/
[Mon Jul 11 01:12:51.537750 2022] [wsgi:error] [pid 40231:tid 140595806164736] [remote 91.108.6.54:57778] Not Found: /vukituki/bot/process-new-updates/
[Mon Jul 11 01:13:51.578114 2022] [wsgi:error] [pid 40231:tid 140595780986624] [remote 91.108.6.54:43196] Not Found: /vukituki/bot/process-new-updates/
[Mon Jul 11 01:14:51.621153 2022] [wsgi:error] [pid 40231:tid 140595806164736] [remote 91.108.6.54:57036] Not Found: /vukituki/bot/process-new-updates/
[Mon Jul 11 01:15:51.665536 2022] [wsgi:error] [pid 40231:tid 140595780986624] [remote 91.108.6.54:42416] Not Found: /vukituki/bot/process-new-updates/
[Mon Jul 11 01:16:51.709581 2022] [wsgi:error] [pid 40231:tid 140595806164736] [remote 91.108.6.54:55972] Not Found: /vukituki/bot/process-new-updates/
[Mon Jul 11 01:17:51.747754 2022] [wsgi:error] [pid 40231:tid 140595780986624] [remote 91.108.6.54:41428] Not Found: /vukituki/bot/process-new-updates/
[Mon Jul 11 01:18:51.788254 2022] [wsgi:error] [pid 40231:tid 140595806164736] [remote 91.108.6.54:54948] Not Found: /vukituki/bot/process-new-updates/
[Mon Jul 11 01:19:51.826712 2022] [wsgi:error] [pid 40231:tid 140595780986624] [remote 91.108.6.54:40280] Not Found: /vukituki/bot/process-new-updates/
[Mon Jul 11 01:20:51.875488 2022] [wsgi:error] [pid 40231:tid 140595806164736] [remote 91.108.6.54:53862] Not Found: /vukituki/bot/process-new-updates/
[Mon Jul 11 01:21:51.917125 2022] [wsgi:error] [pid 40231:tid 140595780986624] [remote 91.108.6.54:39282] Not Found: /vukituki/bot/process-new-updates/
[Mon Jul 11 01:22:51.960439 2022] [wsgi:error] [pid 40231:tid 140595806164736] [remote 91.108.6.54:52870] Not Found: /vukituki/bot/process-new-updates/
[Mon Jul 11 01:23:51.999765 2022] [wsgi:error] [pid 40231:tid 140595780986624] [remote 91.108.6.54:38134] Not Found: /vukituki/bot/process-new-updates/
[Mon Jul 11 01:24:52.042252 2022] [wsgi:error] [pid 40231:tid 140595806164736] [remote 91.108.6.54:51688] Not Found: /vukituki/bot/process-new-updates/
[Mon Jul 11 01:25:52.082822 2022] [wsgi:error] [pid 40231:tid 140595780986624] [remote 91.108.6.54:37048] Not Found: /vukituki/bot/process-new-updates/
[Mon Jul 11 01:26:52.124980 2022] [wsgi:error] [pid 40231:tid 140595806164736] [remote 91.108.6.54:50476] Not Found: /vukituki/bot/process-new-updates/
[Mon Jul 11 01:27:52.165373 2022] [wsgi:error] [pid 40231:tid 140595780986624] [remote 91.108.6.54:35860] Not Found: /vukituki/bot/process-new-updates/
[Mon Jul 11 01:28:52.208016 2022] [wsgi:error] [pid 40231:tid 140595806164736] [remote 91.108.6.54:49392] Not Found: /vukituki/bot/process-new-updates/
[Mon Jul 11 01:29:52.252721 2022] [wsgi:error] [pid 40231:tid 140595780986624] [remote 91.108.6.54:34908] Not Found: /vukituki/bot/process-new-updates/
[Mon Jul 11 01:30:52.292524 2022] [wsgi:error] [pid 40231:tid 140595806164736] [remote 91.108.6.54:48668] Not Found: /vukituki/bot/process-new-updates/
[Mon Jul 11 01:31:52.331596 2022] [wsgi:error] [pid 40231:tid 140595780986624] [remote 91.108.6.54:33958] Not Found: /vukituki/bot/process-new-updates/
[Mon Jul 11 01:32:52.375015 2022] [wsgi:error] [pid 40231:tid 140595806164736] [remote 91.108.6.54:47558] Not Found: /vukituki/bot/process-new-updates/
[Mon Jul 11 01:33:52.413342 2022] [wsgi:error] [pid 40231:tid 140595780986624] [remote 91.108.6.54:32958] Not Found: /vukituki/bot/process-new-updates/
[Mon Jul 11 01:34:52.451186 2022] [wsgi:error] [pid 40231:tid 140595806164736] [remote 91.108.6.54:46454] Not Found: /vukituki/bot/process-new-updates/
[Mon Jul 11 01:35:52.495452 2022] [wsgi:error] [pid 40231:tid 140595780986624] [remote 91.108.6.54:60048] Not Found: /vukituki/bot/process-new-updates/
[Mon Jul 11 01:36:52.538385 2022] [wsgi:error] [pid 40231:tid 140595806164736] [remote 91.108.6.54:45444] Not Found: /vukituki/bot/process-new-updates/
[Mon Jul 11 01:37:52.583927 2022] [wsgi:error] [pid 40231:tid 140595780986624] [remote 91.108.6.54:59052] Not Found: /vukituki/bot/process-new-updates/
[Mon Jul 11 01:38:52.630140 2022] [wsgi:error] [pid 40231:tid 140595806164736] [remote 91.108.6.54:44446] Not Found: /vukituki/bot/process-new-updates/
[Mon Jul 11 01:39:52.671355 2022] [wsgi:error] [pid 40231:tid 140595780986624] [remote 91.108.6.54:58210] Not Found: /vukituki/bot/process-new-updates/
[Mon Jul 11 01:40:52.713689 2022] [wsgi:error] [pid 40231:tid 140595806164736] [remote 91.108.6.54:43534] Not Found: /vukituki/bot/process-new-updates/
[Mon Jul 11 01:41:52.758185 2022] [wsgi:error] [pid 40231:tid 140595780986624] [remote 91.108.6.54:57022] Not Found: /vukituki/bot/process-new-updates/
[Mon Jul 11 01:42:52.803080 2022] [wsgi:error] [pid 40231:tid 140595806164736] [remote 91.108.6.54:42234] Not Found: /vukituki/bot/process-new-updates/
[Mon Jul 11 01:43:52.849067 2022] [wsgi:error] [pid 40231:tid 140595780986624] [remote 91.108.6.54:55908] Not Found: /vukituki/bot/process-new-updates/
[Mon Jul 11 01:44:52.892191 2022] [wsgi:error] [pid 40231:tid 140595806164736] [remote 91.108.6.54:41290] Not Found: /vukituki/bot/process-new-updates/
[Mon Jul 11 01:45:52.937246 2022] [wsgi:error] [pid 40231:tid 140595780986624] [remote 91.108.6.54:54726] Not Found: /vukituki/bot/process-new-updates/
[Mon Jul 11 01:46:52.976930 2022] [wsgi:error] [pid 40231:tid 140595806164736] [remote 91.108.6.54:39950] Not Found: /vukituki/bot/process-new-updates/
[Mon Jul 11 01:47:53.015447 2022] [wsgi:error] [pid 40231:tid 140595780986624] [remote 91.108.6.54:53498] Not Found: /vukituki/bot/process-new-updates/
[Mon Jul 11 01:48:53.056685 2022] [wsgi:error] [pid 40231:tid 140595806164736] [remote 91.108.6.54:38838] Not Found: /vukituki/bot/process-new-updates/
[Mon Jul 11 01:49:53.098737 2022] [wsgi:error] [pid 40231:tid 140595780986624] [remote 91.108.6.54:52360] Not Found: /vukituki/bot/process-new-updates/
[Mon Jul 11 01:50:53.138979 2022] [wsgi:error] [pid 40231:tid 140595806164736] [remote 91.108.6.54:37660] Not Found: /vukituki/bot/process-new-updates/
[Mon Jul 11 01:51:53.174647 2022] [wsgi:error] [pid 40231:tid 140595780986624] [remote 91.108.6.54:51170] Not Found: /vukituki/bot/process-new-updates/
[Mon Jul 11 01:52:53.218095 2022] [wsgi:error] [pid 40231:tid 140595806164736] [remote 91.108.6.54:36396] Not Found: /vukituki/bot/process-new-updates/
[Mon Jul 11 01:53:53.261895 2022] [wsgi:error] [pid 40231:tid 140595780986624] [remote 91.108.6.54:49796] Not Found: /vukituki/bot/process-new-updates/
[Mon Jul 11 01:54:53.304762 2022] [wsgi:error] [pid 40231:tid 140595806164736] [remote 91.108.6.54:35074] Not Found: /vukituki/bot/process-new-updates/
[Mon Jul 11 01:55:53.346531 2022] [wsgi:error] [pid 40231:tid 140595780986624] [remote 91.108.6.54:48692] Not Found: /vukituki/bot/process-new-updates/
[Mon Jul 11 01:56:53.385521 2022] [wsgi:error] [pid 40231:tid 140595806164736] [remote 91.108.6.54:33930] Not Found: /vukituki/bot/process-new-updates/
[Mon Jul 11 01:57:53.428328 2022] [wsgi:error] [pid 40231:tid 140595780986624] [remote 91.108.6.54:47550] Not Found: /vukituki/bot/process-new-updates/
[Mon Jul 11 01:58:33.171514 2022] [wsgi:error] [pid 40231:tid 140595806164736] [remote 185.7.214.104:43474] Not Found: /
[Mon Jul 11 01:58:53.469026 2022] [wsgi:error] [pid 40231:tid 140595780986624] [remote 91.108.6.54:32770] Not Found: /vukituki/bot/process-new-updates/
[Mon Jul 11 01:59:53.513916 2022] [wsgi:error] [pid 40231:tid 140595806164736] [remote 91.108.6.54:46248] Not Found: /vukituki/bot/process-new-updates/
[Mon Jul 11 02:00:52.307606 2022] [wsgi:error] [pid 40231:tid 140595780986624] [remote 185.100.87.136:35594] Not Found: /FD873AC4-CF86-4FED-84EC-4BD59C6F17A7
[Mon Jul 11 02:00:53.556834 2022] [wsgi:error] [pid 40231:tid 140595806164736] [remote 91.108.6.54:59880] Not Found: /vukituki/bot/process-new-updates/
[Mon Jul 11 02:01:53.599447 2022] [wsgi:error] [pid 40231:tid 140595780986624] [remote 91.108.6.54:45184] Not Found: /vukituki/bot/process-new-updates/
[Mon Jul 11 02:02:53.638675 2022] [wsgi:error] [pid 40231:tid 140595806164736] [remote 91.108.6.54:58946] Not Found: /vukituki/bot/process-new-updates/
[Mon Jul 11 02:03:53.683802 2022] [wsgi:error] [pid 40231:tid 140595780986624] [remote 91.108.6.54:43928] Not Found: /vukituki/bot/process-new-updates/
[Mon Jul 11 02:04:53.728693 2022] [wsgi:error] [pid 40231:tid 140595806164736] [remote 91.108.6.54:57504] Not Found: /vukituki/bot/process-new-updates/
[Mon Jul 11 02:05:53.777172 2022] [wsgi:error] [pid 40231:tid 140595780986624] [remote 91.108.6.54:42538] Not Found: /vukituki/bot/process-new-updates/
[Mon Jul 11 02:06:53.839013 2022] [wsgi:error] [pid 40231:tid 140595806164736] [remote 91.108.6.54:55932] Not Found: /vukituki/bot/process-new-updates/
[Mon Jul 11 02:07:53.882588 2022] [wsgi:error] [pid 40231:tid 140595780986624] [remote 91.108.6.54:40946] Not Found: /vukituki/bot/process-new-updates/
[Mon Jul 11 02:08:53.924646 2022] [wsgi:error] [pid 40231:tid 140595806164736] [remote 91.108.6.54:54434] Not Found: /vukituki/bot/process-new-updates/
[Mon Jul 11 02:09:53.966923 2022] [wsgi:error] [pid 40231:tid 140595780986624] [remote 91.108.6.54:39826] Not Found: /vukituki/bot/process-new-updates/
[Mon Jul 11 02:10:54.013355 2022] [wsgi:error] [pid 40231:tid 140595806164736] [remote 91.108.6.54:53450] Not Found: /vukituki/bot/process-new-updates/
[Mon Jul 11 02:11:54.058947 2022] [wsgi:error] [pid 40231:tid 140595780986624] [remote 91.108.6.54:38664] Not Found: /vukituki/bot/process-new-updates/
[Mon Jul 11 02:12:54.102981 2022] [wsgi:error] [pid 40231:tid 140595806164736] [remote 91.108.6.54:52238] Not Found: /vukituki/bot/process-new-updates/
[Mon Jul 11 02:13:54.143566 2022] [wsgi:error] [pid 40231:tid 140595780986624] [remote 91.108.6.54:37520] Not Found: /vukituki/bot/process-new-updates/
[Mon Jul 11 02:14:54.189337 2022] [wsgi:error] [pid 40231:tid 140595806164736] [remote 91.108.6.54:50934] Not Found: /vukituki/bot/process-new-updates/
[Mon Jul 11 02:15:54.231842 2022] [wsgi:error] [pid 40231:tid 140595780986624] [remote 91.108.6.54:36210] Not Found: /vukituki/bot/process-new-updates/
[Mon Jul 11 02:16:50.105594 2022] [wsgi:error] [pid 40231:tid 140595806164736] [remote 185.7.214.104:51054] Not Found: /
[Mon Jul 11 02:16:54.273892 2022] [wsgi:error] [pid 40231:tid 140595780986624] [remote 91.108.6.54:49768] Not Found: /vukituki/bot/process-new-updates/
[Mon Jul 11 02:17:54.320361 2022] [wsgi:error] [pid 40231:tid 140595806164736] [remote 91.108.6.54:35118] Not Found: /vukituki/bot/process-new-updates/
[Mon Jul 11 02:18:54.367814 2022] [wsgi:error] [pid 40231:tid 140595780986624] [remote 91.108.6.54:48690] Not Found: /vukituki/bot/process-new-updates/
[Mon Jul 11 02:19:54.412827 2022] [wsgi:error] [pid 40231:tid 140595806164736] [remote 91.108.6.54:33918] Not Found: /vukituki/bot/process-new-updates/
[Mon Jul 11 02:20:54.455348 2022] [wsgi:error] [pid 40231:tid 140595780986624] [remote 91.108.6.54:47328] Not Found: /vukituki/bot/process-new-updates/
[Mon Jul 11 02:21:54.516164 2022] [wsgi:error] [pid 40231:tid 140595806164736] [remote 91.108.6.54:60714] Not Found: /vukituki/bot/process-new-updates/
[Mon Jul 11 02:22:54.561301 2022] [wsgi:error] [pid 40231:tid 140595780986624] [remote 91.108.6.54:46102] Not Found: /vukituki/bot/process-new-updates/
[Mon Jul 11 02:23:54.602556 2022] [wsgi:error] [pid 40231:tid 140595806164736] [remote 91.108.6.54:59512] Not Found: /vukituki/bot/process-new-updates/
[Mon Jul 11 02:24:54.646158 2022] [wsgi:error] [pid 40231:tid 140595780986624] [remote 91.108.6.54:44726] Not Found: /vukituki/bot/process-new-updates/
[Mon Jul 11 02:25:54.693531 2022] [wsgi:error] [pid 40231:tid 140595806164736] [remote 91.108.6.54:58100] Not Found: /vukituki/bot/process-new-updates/
[Mon Jul 11 02:26:54.734082 2022] [wsgi:error] [pid 40231:tid 140595780986624] [remote 91.108.6.54:43272] Not Found: /vukituki/bot/process-new-updates/
[Mon Jul 11 02:27:54.775416 2022] [wsgi:error] [pid 40231:tid 140595806164736] [remote 91.108.6.54:56656] Not Found: /vukituki/bot/process-new-updates/
[Mon Jul 11 02:28:54.819211 2022] [wsgi:error] [pid 40231:tid 140595780986624] [remote 91.108.6.54:41928] Not Found: /vukituki/bot/process-new-updates/
[Mon Jul 11 02:29:54.861480 2022] [wsgi:error] [pid 40231:tid 140595806164736] [remote 91.108.6.54:55358] Not Found: /vukituki/bot/process-new-updates/
[Mon Jul 11 02:30:54.905904 2022] [wsgi:error] [pid 40231:tid 140595780986624] [remote 91.108.6.54:40760] Not Found: /vukituki/bot/process-new-updates/
[Mon Jul 11 02:31:54.956146 2022] [wsgi:error] [pid 40231:tid 140595806164736] [remote 91.108.6.54:54556] Not Found: /vukituki/bot/process-new-updates/
[Mon Jul 11 02:32:54.997590 2022] [wsgi:error] [pid 40231:tid 140595780986624] [remote 91.108.6.54:39714] Not Found: /vukituki/bot/process-new-updates/
[Mon Jul 11 02:33:55.044377 2022] [wsgi:error] [pid 40231:tid 140595806164736] [remote 91.108.6.54:53014] Not Found: /vukituki/bot/process-new-updates/
[Mon Jul 11 02:34:55.086873 2022] [wsgi:error] [pid 40231:tid 140595780986624] [remote 91.108.6.54:38178] Not Found: /vukituki/bot/process-new-updates/
[Mon Jul 11 02:35:55.128091 2022] [wsgi:error] [pid 40231:tid 140595806164736] [remote 91.108.6.54:51516] Not Found: /vukituki/bot/process-new-updates/
[Mon Jul 11 02:36:55.169928 2022] [wsgi:error] [pid 40231:tid 140595780986624] [remote 91.108.6.54:36844] Not Found: /vukituki/bot/process-new-updates/
[Mon Jul 11 02:37:55.214147 2022] [wsgi:error] [pid 40231:tid 140595806164736] [remote 91.108.6.54:50336] Not Found: /vukituki/bot/process-new-updates/
[Mon Jul 11 02:38:55.257977 2022] [wsgi:error] [pid 40231:tid 140595780986624] [remote 91.108.6.54:35504] Not Found: /vukituki/bot/process-new-updates/
[Mon Jul 11 02:39:55.302079 2022] [wsgi:error] [pid 40231:tid 140595806164736] [remote 91.108.6.54:48914] Not Found: /vukituki/bot/process-new-updates/
[Mon Jul 11 02:40:55.341882 2022] [wsgi:error] [pid 40231:tid 140595780986624] [remote 91.108.6.54:34106] Not Found: /vukituki/bot/process-new-updates/
[Mon Jul 11 02:41:55.386719 2022] [wsgi:error] [pid 40231:tid 140595806164736] [remote 91.108.6.54:47460] Not Found: /vukituki/bot/process-new-updates/
[Mon Jul 11 02:42:55.431260 2022] [wsgi:error] [pid 40231:tid 140595780986624] [remote 91.108.6.54:60796] Not Found: /vukituki/bot/process-new-updates/
[Mon Jul 11 02:43:55.476289 2022] [wsgi:error] [pid 40231:tid 140595806164736] [remote 91.108.6.54:45878] Not Found: /vukituki/bot/process-new-updates/
[Mon Jul 11 02:44:26.793734 2022] [wsgi:error] [pid 40231:tid 140595780986624] [remote 192.241.214.219:60676] Not Found: /
[Mon Jul 11 02:44:55.516029 2022] [wsgi:error] [pid 40231:tid 140595806164736] [remote 91.108.6.54:59130] Not Found: /vukituki/bot/process-new-updates/
[Mon Jul 11 02:45:55.559226 2022] [wsgi:error] [pid 40231:tid 140595780986624] [remote 91.108.6.54:44348] Not Found: /vukituki/bot/process-new-updates/
[Mon Jul 11 02:46:55.604028 2022] [wsgi:error] [pid 40231:tid 140595806164736] [remote 91.108.6.54:57812] Not Found: /vukituki/bot/process-new-updates/
[Mon Jul 11 02:47:55.649392 2022] [wsgi:error] [pid 40231:tid 140595780986624] [remote 91.108.6.54:42884] Not Found: /vukituki/bot/process-new-updates/
[Mon Jul 11 02:48:55.687463 2022] [wsgi:error] [pid 40231:tid 140595806164736] [remote 91.108.6.54:56266] Not Found: /vukituki/bot/process-new-updates/
[Mon Jul 11 02:49:55.729948 2022] [wsgi:error] [pid 40231:tid 140595780986624] [remote 91.108.6.54:41230] Not Found: /vukituki/bot/process-new-updates/
[Mon Jul 11 02:50:55.772364 2022] [wsgi:error] [pid 40231:tid 140595806164736] [remote 91.108.6.54:54700] Not Found: /vukituki/bot/process-new-updates/
[Mon Jul 11 02:51:55.817067 2022] [wsgi:error] [pid 40231:tid 140595780986624] [remote 91.108.6.54:39742] Not Found: /vukituki/bot/process-new-updates/
[Mon Jul 11 02:52:55.860616 2022] [wsgi:error] [pid 40231:tid 140595806164736] [remote 91.108.6.54:53050] Not Found: /vukituki/bot/process-new-updates/
[Mon Jul 11 02:53:55.904457 2022] [wsgi:error] [pid 40231:tid 140595780986624] [remote 91.108.6.54:38632] Not Found: /vukituki/bot/process-new-updates/
[Mon Jul 11 02:54:55.948884 2022] [wsgi:error] [pid 40231:tid 140595806164736] [remote 91.108.6.54:52296] Not Found: /vukituki/bot/process-new-updates/
[Mon Jul 11 02:55:40.259985 2022] [wsgi:error] [pid 40231:tid 140595780986624] [remote 209.126.84.9:33874] Not Found: /wp-login.php
[Mon Jul 11 02:55:55.991302 2022] [wsgi:error] [pid 40231:tid 140595806164736] [remote 91.108.6.54:37506] Not Found: /vukituki/bot/process-new-updates/
[Mon Jul 11 02:56:56.034935 2022] [wsgi:error] [pid 40231:tid 140595780986624] [remote 91.108.6.54:50836] Not Found: /vukituki/bot/process-new-updates/
[Mon Jul 11 02:57:56.076975 2022] [wsgi:error] [pid 40231:tid 140595806164736] [remote 91.108.6.54:35874] Not Found: /vukituki/bot/process-new-updates/
[Mon Jul 11 02:58:56.114772 2022] [wsgi:error] [pid 40231:tid 140595780986624] [remote 91.108.6.54:49298] Not Found: /vukituki/bot/process-new-updates/
[Mon Jul 11 02:59:56.160499 2022] [wsgi:error] [pid 40231:tid 140595806164736] [remote 91.108.6.54:34318] Not Found: /vukituki/bot/process-new-updates/
[Mon Jul 11 03:00:56.198616 2022] [wsgi:error] [pid 40231:tid 140595780986624] [remote 91.108.6.54:48072] Not Found: /vukituki/bot/process-new-updates/
[Mon Jul 11 03:01:56.240247 2022] [wsgi:error] [pid 40231:tid 140595806164736] [remote 91.108.6.54:33258] Not Found: /vukituki/bot/process-new-updates/
[Mon Jul 11 03:02:56.286850 2022] [wsgi:error] [pid 40231:tid 140595780986624] [remote 91.108.6.54:46734] Not Found: /vukituki/bot/process-new-updates/
[Mon Jul 11 03:03:56.331053 2022] [wsgi:error] [pid 40231:tid 140595806164736] [remote 91.108.6.54:60212] Not Found: /vukituki/bot/process-new-updates/
[Mon Jul 11 03:04:56.371091 2022] [wsgi:error] [pid 40231:tid 140595780986624] [remote 91.108.6.54:45390] Not Found: /vukituki/bot/process-new-updates/
[Mon Jul 11 03:05:36.923093 2022] [wsgi:error] [pid 40231:tid 140595806164736] [remote 174.138.61.44:58024] Not Found: /
[Mon Jul 11 03:05:56.414295 2022] [wsgi:error] [pid 40231:tid 140595780986624] [remote 91.108.6.54:59030] Not Found: /vukituki/bot/process-new-updates/
[Mon Jul 11 03:06:56.462223 2022] [wsgi:error] [pid 40231:tid 140595806164736] [remote 91.108.6.54:44316] Not Found: /vukituki/bot/process-new-updates/
[Mon Jul 11 03:07:41.067285 2022] [wsgi:error] [pid 40231:tid 140595780986624] [remote 193.56.29.120:53363] Not Found: /.env
[Mon Jul 11 03:07:41.430438 2022] [wsgi:error] [pid 40231:tid 140595806164736] [remote 193.56.29.120:53685] Not Found: /
[Mon Jul 11 03:07:56.501502 2022] [wsgi:error] [pid 40231:tid 140595780986624] [remote 91.108.6.54:57764] Not Found: /vukituki/bot/process-new-updates/
[Mon Jul 11 03:08:56.539227 2022] [wsgi:error] [pid 40231:tid 140595806164736] [remote 91.108.6.54:43324] Not Found: /vukituki/bot/process-new-updates/
[Mon Jul 11 03:09:56.583392 2022] [wsgi:error] [pid 40231:tid 140595780986624] [remote 91.108.6.54:56612] Not Found: /vukituki/bot/process-new-updates/
[Mon Jul 11 03:10:56.627310 2022] [wsgi:error] [pid 40231:tid 140595806164736] [remote 91.108.6.54:42162] Not Found: /vukituki/bot/process-new-updates/
[Mon Jul 11 03:11:56.667029 2022] [wsgi:error] [pid 40231:tid 140595780986624] [remote 91.108.6.54:55558] Not Found: /vukituki/bot/process-new-updates/
[Mon Jul 11 03:12:56.706666 2022] [wsgi:error] [pid 40231:tid 140595806164736] [remote 91.108.6.54:40736] Not Found: /vukituki/bot/process-new-updates/
[Mon Jul 11 03:13:56.749806 2022] [wsgi:error] [pid 40231:tid 140595780986624] [remote 91.108.6.54:54000] Not Found: /vukituki/bot/process-new-updates/
[Mon Jul 11 03:14:56.794399 2022] [wsgi:error] [pid 40231:tid 140595806164736] [remote 91.108.6.54:39272] Not Found: /vukituki/bot/process-new-updates/
[Mon Jul 11 03:15:56.851842 2022] [wsgi:error] [pid 40231:tid 140595780986624] [remote 91.108.6.54:52698] Not Found: /vukituki/bot/process-new-updates/
[Mon Jul 11 03:16:56.895313 2022] [wsgi:error] [pid 40231:tid 140595806164736] [remote 91.108.6.54:37812] Not Found: /vukituki/bot/process-new-updates/
[Mon Jul 11 03:17:56.937961 2022] [wsgi:error] [pid 40231:tid 140595780986624] [remote 91.108.6.54:51064] Not Found: /vukituki/bot/process-new-updates/
[Mon Jul 11 03:18:56.980830 2022] [wsgi:error] [pid 40231:tid 140595806164736] [remote 91.108.6.54:36162] Not Found: /vukituki/bot/process-new-updates/
[Mon Jul 11 03:19:57.028637 2022] [wsgi:error] [pid 40231:tid 140595780986624] [remote 91.108.6.54:49348] Not Found: /vukituki/bot/process-new-updates/
[Mon Jul 11 03:20:57.070123 2022] [wsgi:error] [pid 40231:tid 140595806164736] [remote 91.108.6.54:34444] Not Found: /vukituki/bot/process-new-updates/
[Mon Jul 11 03:21:57.108067 2022] [wsgi:error] [pid 40231:tid 140595780986624] [remote 91.108.6.54:47728] Not Found: /vukituki/bot/process-new-updates/
[Mon Jul 11 03:22:57.148733 2022] [wsgi:error] [pid 40231:tid 140595806164736] [remote 91.108.6.54:32896] Not Found: /vukituki/bot/process-new-updates/
[Mon Jul 11 03:23:57.199111 2022] [wsgi:error] [pid 40231:tid 140595780986624] [remote 91.108.6.54:46072] Not Found: /vukituki/bot/process-new-updates/
[Mon Jul 11 03:24:13.330543 2022] [wsgi:error] [pid 40231:tid 140595806164736] [remote 185.7.214.104:37484] Not Found: /console/
[Mon Jul 11 03:24:57.239010 2022] [wsgi:error] [pid 40231:tid 140595780986624] [remote 91.108.6.54:59394] Not Found: /vukituki/bot/process-new-updates/
[Mon Jul 11 03:25:57.282239 2022] [wsgi:error] [pid 40231:tid 140595806164736] [remote 91.108.6.54:44558] Not Found: /vukituki/bot/process-new-updates/
[Mon Jul 11 03:26:57.327276 2022] [wsgi:error] [pid 40231:tid 140595780986624] [remote 91.108.6.54:57818] Not Found: /vukituki/bot/process-new-updates/
[Mon Jul 11 03:27:57.366329 2022] [wsgi:error] [pid 40231:tid 140595806164736] [remote 91.108.6.54:42726] Not Found: /vukituki/bot/process-new-updates/
[Mon Jul 11 03:28:57.413913 2022] [wsgi:error] [pid 40231:tid 140595780986624] [remote 91.108.6.54:56078] Not Found: /vukituki/bot/process-new-updates/
[Mon Jul 11 03:29:57.448769 2022] [wsgi:error] [pid 40231:tid 140595806164736] [remote 91.108.6.54:41356] Not Found: /vukituki/bot/process-new-updates/
[Mon Jul 11 03:30:57.487767 2022] [wsgi:error] [pid 40231:tid 140595780986624] [remote 91.108.6.54:54956] Not Found: /vukituki/bot/process-new-updates/
[Mon Jul 11 03:31:57.534885 2022] [wsgi:error] [pid 40231:tid 140595806164736] [remote 91.108.6.54:40168] Not Found: /vukituki/bot/process-new-updates/
[Mon Jul 11 03:32:57.579005 2022] [wsgi:error] [pid 40231:tid 140595780986624] [remote 91.108.6.54:53462] Not Found: /vukituki/bot/process-new-updates/
[Mon Jul 11 03:33:57.617046 2022] [wsgi:error] [pid 40231:tid 140595806164736] [remote 91.108.6.54:38774] Not Found: /vukituki/bot/process-new-updates/
[Mon Jul 11 03:34:57.656193 2022] [wsgi:error] [pid 40231:tid 140595780986624] [remote 91.108.6.54:51996] Not Found: /vukituki/bot/process-new-updates/
[Mon Jul 11 03:35:57.701144 2022] [wsgi:error] [pid 40231:tid 140595806164736] [remote 91.108.6.54:37286] Not Found: /vukituki/bot/process-new-updates/
[Mon Jul 11 03:36:57.745371 2022] [wsgi:error] [pid 40231:tid 140595780986624] [remote 91.108.6.54:50750] Not Found: /vukituki/bot/process-new-updates/
[Mon Jul 11 03:37:57.790832 2022] [wsgi:error] [pid 40231:tid 140595806164736] [remote 91.108.6.54:36010] Not Found: /vukituki/bot/process-new-updates/
[Mon Jul 11 03:38:57.827080 2022] [wsgi:error] [pid 40231:tid 140595780986624] [remote 91.108.6.54:49372] Not Found: /vukituki/bot/process-new-updates/
[Mon Jul 11 03:39:57.870900 2022] [wsgi:error] [pid 40231:tid 140595806164736] [remote 91.108.6.54:34442] Not Found: /vukituki/bot/process-new-updates/
[Mon Jul 11 03:40:57.911786 2022] [wsgi:error] [pid 40231:tid 140595780986624] [remote 91.108.6.54:47848] Not Found: /vukituki/bot/process-new-updates/
[Mon Jul 11 03:41:57.947775 2022] [wsgi:error] [pid 40231:tid 140595806164736] [remote 91.108.6.54:32812] Not Found: /vukituki/bot/process-new-updates/
[Mon Jul 11 03:42:57.988204 2022] [wsgi:error] [pid 40231:tid 140595780986624] [remote 91.108.6.54:46106] Not Found: /vukituki/bot/process-new-updates/
[Mon Jul 11 03:43:58.031206 2022] [wsgi:error] [pid 40231:tid 140595806164736] [remote 91.108.6.54:59612] Not Found: /vukituki/bot/process-new-updates/
[Mon Jul 11 03:44:58.073461 2022] [wsgi:error] [pid 40231:tid 140595780986624] [remote 91.108.6.54:44802] Not Found: /vukituki/bot/process-new-updates/
[Mon Jul 11 03:45:58.120135 2022] [wsgi:error] [pid 40231:tid 140595806164736] [remote 91.108.6.54:58204] Not Found: /vukituki/bot/process-new-updates/
[Mon Jul 11 03:46:58.164226 2022] [wsgi:error] [pid 40231:tid 140595780986624] [remote 91.108.6.54:43264] Not Found: /vukituki/bot/process-new-updates/
[Mon Jul 11 03:47:58.206792 2022] [wsgi:error] [pid 40231:tid 140595806164736] [remote 91.108.6.54:56586] Not Found: /vukituki/bot/process-new-updates/
[Mon Jul 11 03:48:58.244967 2022] [wsgi:error] [pid 40231:tid 140595780986624] [remote 91.108.6.54:41802] Not Found: /vukituki/bot/process-new-updates/
[Mon Jul 11 03:49:58.290969 2022] [wsgi:error] [pid 40231:tid 140595806164736] [remote 91.108.6.54:55178] Not Found: /vukituki/bot/process-new-updates/
[Mon Jul 11 03:50:58.328736 2022] [wsgi:error] [pid 40231:tid 140595780986624] [remote 91.108.6.54:40328] Not Found: /vukituki/bot/process-new-updates/
[Mon Jul 11 03:51:58.372387 2022] [wsgi:error] [pid 40231:tid 140595806164736] [remote 91.108.6.54:53780] Not Found: /vukituki/bot/process-new-updates/
[Mon Jul 11 03:52:58.417113 2022] [wsgi:error] [pid 40231:tid 140595780986624] [remote 91.108.6.54:39034] Not Found: /vukituki/bot/process-new-updates/
[Mon Jul 11 03:53:58.459186 2022] [wsgi:error] [pid 40231:tid 140595806164736] [remote 91.108.6.54:52508] Not Found: /vukituki/bot/process-new-updates/
[Mon Jul 11 03:54:58.502568 2022] [wsgi:error] [pid 40231:tid 140595780986624] [remote 91.108.6.54:37812] Not Found: /vukituki/bot/process-new-updates/
[Mon Jul 11 03:55:58.547425 2022] [wsgi:error] [pid 40231:tid 140595806164736] [remote 91.108.6.54:51344] Not Found: /vukituki/bot/process-new-updates/
