[Sun Jul 10 10:24:17.246181 2022] [wsgi:error] [pid 26069:tid 140568353691392] [remote 91.108.6.111:49072]     r = self.command["function"](self.message)
[Sun Jul 10 10:24:17.246208 2022] [wsgi:error] [pid 26069:tid 140568353691392] [remote 91.108.6.111:49072] TypeError: 'NoneType' object is not subscriptable
[Sun Jul 10 10:24:17.246236 2022] [wsgi:error] [pid 26069:tid 140568353691392] [remote 91.108.6.111:49072] 'NoneType' object is not subscriptable
[Sun Jul 10 10:24:17.246250 2022] [wsgi:error] [pid 26069:tid 140568353691392] [remote 91.108.6.111:49072] 
[Sun Jul 10 10:24:17.288390 2022] [wsgi:error] [pid 26069:tid 140568244586240] [remote 91.108.6.111:49522] Traceback (most recent call last):
[Sun Jul 10 10:24:17.288502 2022] [wsgi:error] [pid 26069:tid 140568244586240] [remote 91.108.6.111:49522]   File "/root/payer/dead_morozxc/prikol/views.py", line 17, in webhook
[Sun Jul 10 10:24:17.288545 2022] [wsgi:error] [pid 26069:tid 140568244586240] [remote 91.108.6.111:49522]     bot.process_new_updates([update])
[Sun Jul 10 10:24:17.288580 2022] [wsgi:error] [pid 26069:tid 140568244586240] [remote 91.108.6.111:49522]   File "/root/StudentBots/venv/lib/python3.8/site-packages/telebot/__init__.py", line 459, in process_new_updates
[Sun Jul 10 10:24:17.288595 2022] [wsgi:error] [pid 26069:tid 140568244586240] [remote 91.108.6.111:49522]     self.process_new_messages(new_messages)
[Sun Jul 10 10:24:17.288653 2022] [wsgi:error] [pid 26069:tid 140568244586240] [remote 91.108.6.111:49522]   File "/root/StudentBots/venv/lib/python3.8/site-packages/telebot/__init__.py", line 489, in process_new_messages
[Sun Jul 10 10:24:17.288671 2022] [wsgi:error] [pid 26069:tid 140568244586240] [remote 91.108.6.111:49522]     self._notify_command_handlers(self.message_handlers, new_messages)
[Sun Jul 10 10:24:17.288704 2022] [wsgi:error] [pid 26069:tid 140568244586240] [remote 91.108.6.111:49522]   File "/root/StudentBots/venv/lib/python3.8/site-packages/telebot/__init__.py", line 3069, in _notify_command_handlers
[Sun Jul 10 10:24:17.288718 2022] [wsgi:error] [pid 26069:tid 140568244586240] [remote 91.108.6.111:49522]     self._exec_task(message_handler['function'], message)
[Sun Jul 10 10:24:17.288748 2022] [wsgi:error] [pid 26069:tid 140568244586240] [remote 91.108.6.111:49522]   File "/root/StudentBots/venv/lib/python3.8/site-packages/telebot/__init__.py", line 738, in _exec_task
[Sun Jul 10 10:24:17.288762 2022] [wsgi:error] [pid 26069:tid 140568244586240] [remote 91.108.6.111:49522]     task(*args, **kwargs)
[Sun Jul 10 10:24:17.288849 2022] [wsgi:error] [pid 26069:tid 140568244586240] [remote 91.108.6.111:49522]   File "/root/payer/dead_morozxc/prikol/telegram_commands.py", line 99, in procces_message
[Sun Jul 10 10:24:17.288868 2022] [wsgi:error] [pid 26069:tid 140568244586240] [remote 91.108.6.111:49522]     response = command.execute()
[Sun Jul 10 10:24:17.288898 2022] [wsgi:error] [pid 26069:tid 140568244586240] [remote 91.108.6.111:49522]   File "/root/payer/dead_morozxc/prikol/telegram_commands.py", line 52, in execute
[Sun Jul 10 10:24:17.288912 2022] [wsgi:error] [pid 26069:tid 140568244586240] [remote 91.108.6.111:49522]     r = self.command["function"](self.message)
[Sun Jul 10 10:24:17.288950 2022] [wsgi:error] [pid 26069:tid 140568244586240] [remote 91.108.6.111:49522] TypeError: 'NoneType' object is not subscriptable
[Sun Jul 10 10:24:17.288988 2022] [wsgi:error] [pid 26069:tid 140568244586240] [remote 91.108.6.111:49522] 'NoneType' object is not subscriptable
[Sun Jul 10 10:24:17.289011 2022] [wsgi:error] [pid 26069:tid 140568244586240] [remote 91.108.6.111:49522] 
[Sun Jul 10 10:26:26.283309 2022] [wsgi:error] [pid 26304:tid 140504846182144] [remote 91.108.6.111:38188] Traceback (most recent call last):
[Sun Jul 10 10:26:26.283618 2022] [wsgi:error] [pid 26304:tid 140504846182144] [remote 91.108.6.111:38188]   File "/root/payer/dead_morozxc/prikol/views.py", line 17, in webhook
[Sun Jul 10 10:26:26.283648 2022] [wsgi:error] [pid 26304:tid 140504846182144] [remote 91.108.6.111:38188]     bot.process_new_updates([update])
[Sun Jul 10 10:26:26.283698 2022] [wsgi:error] [pid 26304:tid 140504846182144] [remote 91.108.6.111:38188]   File "/root/StudentBots/venv/lib/python3.8/site-packages/telebot/__init__.py", line 459, in process_new_updates
[Sun Jul 10 10:26:26.283717 2022] [wsgi:error] [pid 26304:tid 140504846182144] [remote 91.108.6.111:38188]     self.process_new_messages(new_messages)
[Sun Jul 10 10:26:26.283764 2022] [wsgi:error] [pid 26304:tid 140504846182144] [remote 91.108.6.111:38188]   File "/root/StudentBots/venv/lib/python3.8/site-packages/telebot/__init__.py", line 489, in process_new_messages
[Sun Jul 10 10:26:26.283782 2022] [wsgi:error] [pid 26304:tid 140504846182144] [remote 91.108.6.111:38188]     self._notify_command_handlers(self.message_handlers, new_messages)
[Sun Jul 10 10:26:26.283829 2022] [wsgi:error] [pid 26304:tid 140504846182144] [remote 91.108.6.111:38188]   File "/root/StudentBots/venv/lib/python3.8/site-packages/telebot/__init__.py", line 3069, in _notify_command_handlers
[Sun Jul 10 10:26:26.283850 2022] [wsgi:error] [pid 26304:tid 140504846182144] [remote 91.108.6.111:38188]     self._exec_task(message_handler['function'], message)
[Sun Jul 10 10:26:26.283891 2022] [wsgi:error] [pid 26304:tid 140504846182144] [remote 91.108.6.111:38188]   File "/root/StudentBots/venv/lib/python3.8/site-packages/telebot/__init__.py", line 738, in _exec_task
[Sun Jul 10 10:26:26.283909 2022] [wsgi:error] [pid 26304:tid 140504846182144] [remote 91.108.6.111:38188]     task(*args, **kwargs)
[Sun Jul 10 10:26:26.283949 2022] [wsgi:error] [pid 26304:tid 140504846182144] [remote 91.108.6.111:38188]   File "/root/payer/dead_morozxc/prikol/telegram_commands.py", line 99, in procces_message
[Sun Jul 10 10:26:26.283966 2022] [wsgi:error] [pid 26304:tid 140504846182144] [remote 91.108.6.111:38188]     response = command.execute()
[Sun Jul 10 10:26:26.284005 2022] [wsgi:error] [pid 26304:tid 140504846182144] [remote 91.108.6.111:38188]   File "/root/payer/dead_morozxc/prikol/telegram_commands.py", line 52, in execute
[Sun Jul 10 10:26:26.284023 2022] [wsgi:error] [pid 26304:tid 140504846182144] [remote 91.108.6.111:38188]     r = self.command["function"](self.message)
[Sun Jul 10 10:26:26.284075 2022] [wsgi:error] [pid 26304:tid 140504846182144] [remote 91.108.6.111:38188] TypeError: 'str' object is not callable
[Sun Jul 10 10:26:26.284132 2022] [wsgi:error] [pid 26304:tid 140504846182144] [remote 91.108.6.111:38188] 'str' object is not callable
[Sun Jul 10 10:26:26.284164 2022] [wsgi:error] [pid 26304:tid 140504846182144] [remote 91.108.6.111:38188] 
[Sun Jul 10 10:26:26.328389 2022] [wsgi:error] [pid 26304:tid 140504862967552] [remote 91.108.6.111:38628] Traceback (most recent call last):
[Sun Jul 10 10:26:26.328518 2022] [wsgi:error] [pid 26304:tid 140504862967552] [remote 91.108.6.111:38628]   File "/root/payer/dead_morozxc/prikol/views.py", line 17, in webhook
[Sun Jul 10 10:26:26.328542 2022] [wsgi:error] [pid 26304:tid 140504862967552] [remote 91.108.6.111:38628]     bot.process_new_updates([update])
[Sun Jul 10 10:26:26.328623 2022] [wsgi:error] [pid 26304:tid 140504862967552] [remote 91.108.6.111:38628]   File "/root/StudentBots/venv/lib/python3.8/site-packages/telebot/__init__.py", line 459, in process_new_updates
[Sun Jul 10 10:26:26.328649 2022] [wsgi:error] [pid 26304:tid 140504862967552] [remote 91.108.6.111:38628]     self.process_new_messages(new_messages)
[Sun Jul 10 10:26:26.328693 2022] [wsgi:error] [pid 26304:tid 140504862967552] [remote 91.108.6.111:38628]   File "/root/StudentBots/venv/lib/python3.8/site-packages/telebot/__init__.py", line 489, in process_new_messages
[Sun Jul 10 10:26:26.328709 2022] [wsgi:error] [pid 26304:tid 140504862967552] [remote 91.108.6.111:38628]     self._notify_command_handlers(self.message_handlers, new_messages)
[Sun Jul 10 10:26:26.328743 2022] [wsgi:error] [pid 26304:tid 140504862967552] [remote 91.108.6.111:38628]   File "/root/StudentBots/venv/lib/python3.8/site-packages/telebot/__init__.py", line 3069, in _notify_command_handlers
[Sun Jul 10 10:26:26.328759 2022] [wsgi:error] [pid 26304:tid 140504862967552] [remote 91.108.6.111:38628]     self._exec_task(message_handler['function'], message)
[Sun Jul 10 10:26:26.328818 2022] [wsgi:error] [pid 26304:tid 140504862967552] [remote 91.108.6.111:38628]   File "/root/StudentBots/venv/lib/python3.8/site-packages/telebot/__init__.py", line 738, in _exec_task
[Sun Jul 10 10:26:26.328837 2022] [wsgi:error] [pid 26304:tid 140504862967552] [remote 91.108.6.111:38628]     task(*args, **kwargs)
[Sun Jul 10 10:26:26.328868 2022] [wsgi:error] [pid 26304:tid 140504862967552] [remote 91.108.6.111:38628]   File "/root/payer/dead_morozxc/prikol/telegram_commands.py", line 99, in procces_message
[Sun Jul 10 10:26:26.328883 2022] [wsgi:error] [pid 26304:tid 140504862967552] [remote 91.108.6.111:38628]     response = command.execute()
[Sun Jul 10 10:26:26.328914 2022] [wsgi:error] [pid 26304:tid 140504862967552] [remote 91.108.6.111:38628]   File "/root/payer/dead_morozxc/prikol/telegram_commands.py", line 52, in execute
[Sun Jul 10 10:26:26.328930 2022] [wsgi:error] [pid 26304:tid 140504862967552] [remote 91.108.6.111:38628]     r = self.command["function"](self.message)
[Sun Jul 10 10:26:26.328969 2022] [wsgi:error] [pid 26304:tid 140504862967552] [remote 91.108.6.111:38628] TypeError: 'str' object is not callable
[Sun Jul 10 10:26:26.329009 2022] [wsgi:error] [pid 26304:tid 140504862967552] [remote 91.108.6.111:38628] 'str' object is not callable
[Sun Jul 10 10:26:26.329033 2022] [wsgi:error] [pid 26304:tid 140504862967552] [remote 91.108.6.111:38628] 
[Sun Jul 10 10:28:14.741876 2022] [wsgi:error] [pid 26527:tid 140385491867392] [remote 91.108.6.111:33092] Traceback (most recent call last):
[Sun Jul 10 10:28:14.742125 2022] [wsgi:error] [pid 26527:tid 140385491867392] [remote 91.108.6.111:33092]   File "/root/payer/dead_morozxc/prikol/views.py", line 17, in webhook
[Sun Jul 10 10:28:14.742145 2022] [wsgi:error] [pid 26527:tid 140385491867392] [remote 91.108.6.111:33092]     bot.process_new_updates([update])
[Sun Jul 10 10:28:14.742175 2022] [wsgi:error] [pid 26527:tid 140385491867392] [remote 91.108.6.111:33092]   File "/root/StudentBots/venv/lib/python3.8/site-packages/telebot/__init__.py", line 459, in process_new_updates
[Sun Jul 10 10:28:14.742188 2022] [wsgi:error] [pid 26527:tid 140385491867392] [remote 91.108.6.111:33092]     self.process_new_messages(new_messages)
[Sun Jul 10 10:28:14.742217 2022] [wsgi:error] [pid 26527:tid 140385491867392] [remote 91.108.6.111:33092]   File "/root/StudentBots/venv/lib/python3.8/site-packages/telebot/__init__.py", line 489, in process_new_messages
[Sun Jul 10 10:28:14.742254 2022] [wsgi:error] [pid 26527:tid 140385491867392] [remote 91.108.6.111:33092]     self._notify_command_handlers(self.message_handlers, new_messages)
[Sun Jul 10 10:28:14.742288 2022] [wsgi:error] [pid 26527:tid 140385491867392] [remote 91.108.6.111:33092]   File "/root/StudentBots/venv/lib/python3.8/site-packages/telebot/__init__.py", line 3069, in _notify_command_handlers
[Sun Jul 10 10:28:14.742301 2022] [wsgi:error] [pid 26527:tid 140385491867392] [remote 91.108.6.111:33092]     self._exec_task(message_handler['function'], message)
[Sun Jul 10 10:28:14.742327 2022] [wsgi:error] [pid 26527:tid 140385491867392] [remote 91.108.6.111:33092]   File "/root/StudentBots/venv/lib/python3.8/site-packages/telebot/__init__.py", line 738, in _exec_task
[Sun Jul 10 10:28:14.742340 2022] [wsgi:error] [pid 26527:tid 140385491867392] [remote 91.108.6.111:33092]     task(*args, **kwargs)
[Sun Jul 10 10:28:14.742365 2022] [wsgi:error] [pid 26527:tid 140385491867392] [remote 91.108.6.111:33092]   File "/root/payer/dead_morozxc/prikol/telegram_commands.py", line 99, in procces_message
[Sun Jul 10 10:28:14.742378 2022] [wsgi:error] [pid 26527:tid 140385491867392] [remote 91.108.6.111:33092]     response = command.execute()
[Sun Jul 10 10:28:14.742404 2022] [wsgi:error] [pid 26527:tid 140385491867392] [remote 91.108.6.111:33092]   File "/root/payer/dead_morozxc/prikol/telegram_commands.py", line 52, in execute
[Sun Jul 10 10:28:14.742416 2022] [wsgi:error] [pid 26527:tid 140385491867392] [remote 91.108.6.111:33092]     r = self.command["function"](self.message)
[Sun Jul 10 10:28:14.742442 2022] [wsgi:error] [pid 26527:tid 140385491867392] [remote 91.108.6.111:33092]   File "/root/payer/dead_morozxc/prikol/telegram_commands.py", line 57, in greetings
[Sun Jul 10 10:28:14.742454 2022] [wsgi:error] [pid 26527:tid 140385491867392] [remote 91.108.6.111:33092]     response["menu"] = get_menu("main_menu")
[Sun Jul 10 10:28:14.742479 2022] [wsgi:error] [pid 26527:tid 140385491867392] [remote 91.108.6.111:33092]   File "/root/payer/dead_morozxc/prikol/menus.py", line 15, in get_menu
[Sun Jul 10 10:28:14.742491 2022] [wsgi:error] [pid 26527:tid 140385491867392] [remote 91.108.6.111:33092]     return m["function"](extra_info)
[Sun Jul 10 10:28:14.742524 2022] [wsgi:error] [pid 26527:tid 140385491867392] [remote 91.108.6.111:33092] TypeError: 'str' object is not callable
[Sun Jul 10 10:28:14.742558 2022] [wsgi:error] [pid 26527:tid 140385491867392] [remote 91.108.6.111:33092] 'str' object is not callable
[Sun Jul 10 10:28:14.742577 2022] [wsgi:error] [pid 26527:tid 140385491867392] [remote 91.108.6.111:33092] 
[Sun Jul 10 10:28:14.783871 2022] [wsgi:error] [pid 26527:tid 140385374369536] [remote 91.108.6.111:59550] Traceback (most recent call last):
[Sun Jul 10 10:28:14.784089 2022] [wsgi:error] [pid 26527:tid 140385374369536] [remote 91.108.6.111:59550]   File "/root/payer/dead_morozxc/prikol/views.py", line 17, in webhook
[Sun Jul 10 10:28:14.784107 2022] [wsgi:error] [pid 26527:tid 140385374369536] [remote 91.108.6.111:59550]     bot.process_new_updates([update])
[Sun Jul 10 10:28:14.784136 2022] [wsgi:error] [pid 26527:tid 140385374369536] [remote 91.108.6.111:59550]   File "/root/StudentBots/venv/lib/python3.8/site-packages/telebot/__init__.py", line 459, in process_new_updates
[Sun Jul 10 10:28:14.784149 2022] [wsgi:error] [pid 26527:tid 140385374369536] [remote 91.108.6.111:59550]     self.process_new_messages(new_messages)
[Sun Jul 10 10:28:14.784178 2022] [wsgi:error] [pid 26527:tid 140385374369536] [remote 91.108.6.111:59550]   File "/root/StudentBots/venv/lib/python3.8/site-packages/telebot/__init__.py", line 489, in process_new_messages
[Sun Jul 10 10:28:14.784190 2022] [wsgi:error] [pid 26527:tid 140385374369536] [remote 91.108.6.111:59550]     self._notify_command_handlers(self.message_handlers, new_messages)
[Sun Jul 10 10:28:14.784219 2022] [wsgi:error] [pid 26527:tid 140385374369536] [remote 91.108.6.111:59550]   File "/root/StudentBots/venv/lib/python3.8/site-packages/telebot/__init__.py", line 3069, in _notify_command_handlers
[Sun Jul 10 10:28:14.784244 2022] [wsgi:error] [pid 26527:tid 140385374369536] [remote 91.108.6.111:59550]     self._exec_task(message_handler['function'], message)
[Sun Jul 10 10:28:14.784271 2022] [wsgi:error] [pid 26527:tid 140385374369536] [remote 91.108.6.111:59550]   File "/root/StudentBots/venv/lib/python3.8/site-packages/telebot/__init__.py", line 738, in _exec_task
[Sun Jul 10 10:28:14.784283 2022] [wsgi:error] [pid 26527:tid 140385374369536] [remote 91.108.6.111:59550]     task(*args, **kwargs)
[Sun Jul 10 10:28:14.784309 2022] [wsgi:error] [pid 26527:tid 140385374369536] [remote 91.108.6.111:59550]   File "/root/payer/dead_morozxc/prikol/telegram_commands.py", line 99, in procces_message
[Sun Jul 10 10:28:14.784321 2022] [wsgi:error] [pid 26527:tid 140385374369536] [remote 91.108.6.111:59550]     response = command.execute()
[Sun Jul 10 10:28:14.784347 2022] [wsgi:error] [pid 26527:tid 140385374369536] [remote 91.108.6.111:59550]   File "/root/payer/dead_morozxc/prikol/telegram_commands.py", line 52, in execute
[Sun Jul 10 10:28:14.784359 2022] [wsgi:error] [pid 26527:tid 140385374369536] [remote 91.108.6.111:59550]     r = self.command["function"](self.message)
[Sun Jul 10 10:28:14.784385 2022] [wsgi:error] [pid 26527:tid 140385374369536] [remote 91.108.6.111:59550]   File "/root/payer/dead_morozxc/prikol/telegram_commands.py", line 57, in greetings
[Sun Jul 10 10:28:14.784398 2022] [wsgi:error] [pid 26527:tid 140385374369536] [remote 91.108.6.111:59550]     response["menu"] = get_menu("main_menu")
[Sun Jul 10 10:28:14.784423 2022] [wsgi:error] [pid 26527:tid 140385374369536] [remote 91.108.6.111:59550]   File "/root/payer/dead_morozxc/prikol/menus.py", line 15, in get_menu
[Sun Jul 10 10:28:14.784435 2022] [wsgi:error] [pid 26527:tid 140385374369536] [remote 91.108.6.111:59550]     return m["function"](extra_info)
[Sun Jul 10 10:28:14.784466 2022] [wsgi:error] [pid 26527:tid 140385374369536] [remote 91.108.6.111:59550] TypeError: 'str' object is not callable
[Sun Jul 10 10:28:14.784498 2022] [wsgi:error] [pid 26527:tid 140385374369536] [remote 91.108.6.111:59550] 'str' object is not callable
[Sun Jul 10 10:28:14.784517 2022] [wsgi:error] [pid 26527:tid 140385374369536] [remote 91.108.6.111:59550] 
[Sun Jul 10 10:29:26.989144 2022] [wsgi:error] [pid 26527:tid 140385491867392] [remote 91.108.6.111:56686] Traceback (most recent call last):
[Sun Jul 10 10:29:26.989255 2022] [wsgi:error] [pid 26527:tid 140385491867392] [remote 91.108.6.111:56686]   File "/root/payer/dead_morozxc/prikol/views.py", line 17, in webhook
[Sun Jul 10 10:29:26.989269 2022] [wsgi:error] [pid 26527:tid 140385491867392] [remote 91.108.6.111:56686]     bot.process_new_updates([update])
[Sun Jul 10 10:29:26.989293 2022] [wsgi:error] [pid 26527:tid 140385491867392] [remote 91.108.6.111:56686]   File "/root/StudentBots/venv/lib/python3.8/site-packages/telebot/__init__.py", line 459, in process_new_updates
[Sun Jul 10 10:29:26.989302 2022] [wsgi:error] [pid 26527:tid 140385491867392] [remote 91.108.6.111:56686]     self.process_new_messages(new_messages)
[Sun Jul 10 10:29:26.989326 2022] [wsgi:error] [pid 26527:tid 140385491867392] [remote 91.108.6.111:56686]   File "/root/StudentBots/venv/lib/python3.8/site-packages/telebot/__init__.py", line 489, in process_new_messages
[Sun Jul 10 10:29:26.989335 2022] [wsgi:error] [pid 26527:tid 140385491867392] [remote 91.108.6.111:56686]     self._notify_command_handlers(self.message_handlers, new_messages)
[Sun Jul 10 10:29:26.989358 2022] [wsgi:error] [pid 26527:tid 140385491867392] [remote 91.108.6.111:56686]   File "/root/StudentBots/venv/lib/python3.8/site-packages/telebot/__init__.py", line 3069, in _notify_command_handlers
[Sun Jul 10 10:29:26.989368 2022] [wsgi:error] [pid 26527:tid 140385491867392] [remote 91.108.6.111:56686]     self._exec_task(message_handler['function'], message)
[Sun Jul 10 10:29:26.989389 2022] [wsgi:error] [pid 26527:tid 140385491867392] [remote 91.108.6.111:56686]   File "/root/StudentBots/venv/lib/python3.8/site-packages/telebot/__init__.py", line 738, in _exec_task
[Sun Jul 10 10:29:26.989410 2022] [wsgi:error] [pid 26527:tid 140385491867392] [remote 91.108.6.111:56686]     task(*args, **kwargs)
[Sun Jul 10 10:29:26.989430 2022] [wsgi:error] [pid 26527:tid 140385491867392] [remote 91.108.6.111:56686]   File "/root/payer/dead_morozxc/prikol/telegram_commands.py", line 99, in procces_message
[Sun Jul 10 10:29:26.989439 2022] [wsgi:error] [pid 26527:tid 140385491867392] [remote 91.108.6.111:56686]     response = command.execute()
[Sun Jul 10 10:29:26.989460 2022] [wsgi:error] [pid 26527:tid 140385491867392] [remote 91.108.6.111:56686]   File "/root/payer/dead_morozxc/prikol/telegram_commands.py", line 52, in execute
[Sun Jul 10 10:29:26.989469 2022] [wsgi:error] [pid 26527:tid 140385491867392] [remote 91.108.6.111:56686]     r = self.command["function"](self.message)
[Sun Jul 10 10:29:26.989489 2022] [wsgi:error] [pid 26527:tid 140385491867392] [remote 91.108.6.111:56686]   File "/root/payer/dead_morozxc/prikol/telegram_commands.py", line 57, in greetings
[Sun Jul 10 10:29:26.989498 2022] [wsgi:error] [pid 26527:tid 140385491867392] [remote 91.108.6.111:56686]     response["menu"] = get_menu("main_menu")
[Sun Jul 10 10:29:26.989518 2022] [wsgi:error] [pid 26527:tid 140385491867392] [remote 91.108.6.111:56686]   File "/root/payer/dead_morozxc/prikol/menus.py", line 15, in get_menu
[Sun Jul 10 10:29:26.989526 2022] [wsgi:error] [pid 26527:tid 140385491867392] [remote 91.108.6.111:56686]     return m["function"](extra_info)
[Sun Jul 10 10:29:26.989553 2022] [wsgi:error] [pid 26527:tid 140385491867392] [remote 91.108.6.111:56686] TypeError: 'str' object is not callable
[Sun Jul 10 10:29:26.989578 2022] [wsgi:error] [pid 26527:tid 140385491867392] [remote 91.108.6.111:56686] 'str' object is not callable
[Sun Jul 10 10:29:26.989592 2022] [wsgi:error] [pid 26527:tid 140385491867392] [remote 91.108.6.111:56686] 
[Sun Jul 10 10:34:18.807458 2022] [wsgi:error] [pid 26654:tid 140386836563712] [remote 91.108.6.54:55060] Not Found: /vukituki/bot/process-new-updates/
[Sun Jul 10 10:34:18.851022 2022] [wsgi:error] [pid 26654:tid 140386844956416] [remote 91.108.6.54:55060] Not Found: /vukituki/bot/process-new-updates/
[Sun Jul 10 10:34:20.893326 2022] [wsgi:error] [pid 26654:tid 140386836563712] [remote 91.108.6.54:55060] Not Found: /vukituki/bot/process-new-updates/
[Sun Jul 10 10:34:24.934914 2022] [wsgi:error] [pid 26654:tid 140386844956416] [remote 91.108.6.54:55060] Not Found: /vukituki/bot/process-new-updates/
[Sun Jul 10 10:34:32.976193 2022] [wsgi:error] [pid 26654:tid 140386836563712] [remote 91.108.6.54:60922] Not Found: /vukituki/bot/process-new-updates/
[Sun Jul 10 10:34:49.013351 2022] [wsgi:error] [pid 26654:tid 140386844956416] [remote 91.108.6.54:34612] Not Found: /vukituki/bot/process-new-updates/
[Sun Jul 10 10:35:21.055586 2022] [wsgi:error] [pid 26654:tid 140386844956416] [remote 91.108.6.54:42992] Not Found: /vukituki/bot/process-new-updates/
[Sun Jul 10 10:36:21.099301 2022] [wsgi:error] [pid 26654:tid 140386836563712] [remote 91.108.6.54:55234] Not Found: /vukituki/bot/process-new-updates/
[Sun Jul 10 10:37:21.139545 2022] [wsgi:error] [pid 26654:tid 140386844956416] [remote 91.108.6.54:41040] Not Found: /vukituki/bot/process-new-updates/
[Sun Jul 10 10:38:21.185796 2022] [wsgi:error] [pid 26654:tid 140386836563712] [remote 91.108.6.54:55282] Not Found: /vukituki/bot/process-new-updates/
[Sun Jul 10 10:39:21.230476 2022] [wsgi:error] [pid 26654:tid 140386844956416] [remote 91.108.6.54:41318] Not Found: /vukituki/bot/process-new-updates/
[Sun Jul 10 10:40:21.275163 2022] [wsgi:error] [pid 26654:tid 140386836563712] [remote 91.108.6.54:51220] Not Found: /vukituki/bot/process-new-updates/
[Sun Jul 10 10:41:21.319061 2022] [wsgi:error] [pid 26654:tid 140386844956416] [remote 91.108.6.54:37340] Not Found: /vukituki/bot/process-new-updates/
[Sun Jul 10 10:42:21.364760 2022] [wsgi:error] [pid 26654:tid 140386836563712] [remote 91.108.6.54:51450] Not Found: /vukituki/bot/process-new-updates/
[Sun Jul 10 10:43:21.407336 2022] [wsgi:error] [pid 26654:tid 140386844956416] [remote 91.108.6.54:37428] Not Found: /vukituki/bot/process-new-updates/
[Sun Jul 10 10:44:21.451280 2022] [wsgi:error] [pid 26654:tid 140386836563712] [remote 91.108.6.54:51360] Not Found: /vukituki/bot/process-new-updates/
[Sun Jul 10 10:45:21.497230 2022] [wsgi:error] [pid 26654:tid 140386844956416] [remote 91.108.6.54:37318] Not Found: /vukituki/bot/process-new-updates/
[Sun Jul 10 10:46:21.540488 2022] [wsgi:error] [pid 26654:tid 140386836563712] [remote 91.108.6.54:51432] Not Found: /vukituki/bot/process-new-updates/
[Sun Jul 10 10:46:47.473099 2022] [wsgi:error] [pid 26654:tid 140386844956416] [remote 128.14.134.134:37382] Not Found: /
[Sun Jul 10 10:47:21.585261 2022] [wsgi:error] [pid 26654:tid 140386836563712] [remote 91.108.6.54:36264] Not Found: /vukituki/bot/process-new-updates/
[Sun Jul 10 10:48:21.625130 2022] [wsgi:error] [pid 26654:tid 140386844956416] [remote 91.108.6.54:50670] Not Found: /vukituki/bot/process-new-updates/
[Sun Jul 10 10:49:21.667824 2022] [wsgi:error] [pid 26654:tid 140386836563712] [remote 91.108.6.54:36650] Not Found: /vukituki/bot/process-new-updates/
[Sun Jul 10 10:50:21.710460 2022] [wsgi:error] [pid 26654:tid 140386844956416] [remote 91.108.6.54:50818] Not Found: /vukituki/bot/process-new-updates/
[Sun Jul 10 10:51:21.755222 2022] [wsgi:error] [pid 26654:tid 140386836563712] [remote 91.108.6.54:36754] Not Found: /vukituki/bot/process-new-updates/
[Sun Jul 10 10:52:21.798436 2022] [wsgi:error] [pid 26654:tid 140386844956416] [remote 91.108.6.54:50944] Not Found: /vukituki/bot/process-new-updates/
[Sun Jul 10 10:53:21.839516 2022] [wsgi:error] [pid 26654:tid 140386836563712] [remote 91.108.6.54:34220] Not Found: /vukituki/bot/process-new-updates/
[Sun Jul 10 10:54:21.882344 2022] [wsgi:error] [pid 26654:tid 140386844956416] [remote 91.108.6.54:48562] Not Found: /vukituki/bot/process-new-updates/
[Sun Jul 10 10:55:21.925796 2022] [wsgi:error] [pid 26654:tid 140386836563712] [remote 91.108.6.54:34522] Not Found: /vukituki/bot/process-new-updates/
[Sun Jul 10 10:56:21.967164 2022] [wsgi:error] [pid 26654:tid 140386844956416] [remote 91.108.6.54:48738] Not Found: /vukituki/bot/process-new-updates/
[Sun Jul 10 10:57:22.009683 2022] [wsgi:error] [pid 26654:tid 140386836563712] [remote 91.108.6.54:34692] Not Found: /vukituki/bot/process-new-updates/
[Sun Jul 10 10:58:22.055559 2022] [wsgi:error] [pid 26654:tid 140386844956416] [remote 91.108.6.54:48646] Not Found: /vukituki/bot/process-new-updates/
[Sun Jul 10 10:59:22.099897 2022] [wsgi:error] [pid 26654:tid 140386836563712] [remote 91.108.6.54:53724] Not Found: /vukituki/bot/process-new-updates/
[Sun Jul 10 11:00:22.146069 2022] [wsgi:error] [pid 26654:tid 140386844956416] [remote 91.108.6.54:39602] Not Found: /vukituki/bot/process-new-updates/
[Sun Jul 10 11:01:22.189294 2022] [wsgi:error] [pid 26654:tid 140386836563712] [remote 91.108.6.54:53880] Not Found: /vukituki/bot/process-new-updates/
[Sun Jul 10 11:02:22.234941 2022] [wsgi:error] [pid 26654:tid 140386844956416] [remote 91.108.6.54:39884] Not Found: /vukituki/bot/process-new-updates/
[Sun Jul 10 11:03:22.281269 2022] [wsgi:error] [pid 26654:tid 140386836563712] [remote 91.108.6.54:53956] Not Found: /vukituki/bot/process-new-updates/
[Sun Jul 10 11:04:22.321499 2022] [wsgi:error] [pid 26654:tid 140386844956416] [remote 91.108.6.54:39930] Not Found: /vukituki/bot/process-new-updates/
[Sun Jul 10 11:05:22.364978 2022] [wsgi:error] [pid 26654:tid 140386836563712] [remote 91.108.6.54:54004] Not Found: /vukituki/bot/process-new-updates/
[Sun Jul 10 11:06:22.407059 2022] [wsgi:error] [pid 26654:tid 140386844956416] [remote 91.108.6.54:34728] Not Found: /vukituki/bot/process-new-updates/
[Sun Jul 10 11:07:22.451795 2022] [wsgi:error] [pid 26654:tid 140386836563712] [remote 91.108.6.54:48728] Not Found: /vukituki/bot/process-new-updates/
[Sun Jul 10 11:08:22.495681 2022] [wsgi:error] [pid 26654:tid 140386844956416] [remote 91.108.6.54:34562] Not Found: /vukituki/bot/process-new-updates/
[Sun Jul 10 11:09:22.537579 2022] [wsgi:error] [pid 26654:tid 140386836563712] [remote 91.108.6.54:48630] Not Found: /vukituki/bot/process-new-updates/
[Sun Jul 10 11:10:22.581476 2022] [wsgi:error] [pid 26654:tid 140386844956416] [remote 91.108.6.54:34590] Not Found: /vukituki/bot/process-new-updates/
[Sun Jul 10 11:11:22.621073 2022] [wsgi:error] [pid 26654:tid 140386836563712] [remote 91.108.6.54:48850] Not Found: /vukituki/bot/process-new-updates/
[Sun Jul 10 11:12:22.666237 2022] [wsgi:error] [pid 26654:tid 140386844956416] [remote 91.108.6.54:34738] Not Found: /vukituki/bot/process-new-updates/
[Sun Jul 10 11:13:22.716771 2022] [wsgi:error] [pid 26654:tid 140386836563712] [remote 91.108.6.54:48772] Not Found: /vukituki/bot/process-new-updates/
[Sun Jul 10 11:14:22.765562 2022] [wsgi:error] [pid 26654:tid 140386844956416] [remote 91.108.6.54:34892] Not Found: /vukituki/bot/process-new-updates/
[Sun Jul 10 11:15:22.809689 2022] [wsgi:error] [pid 26654:tid 140386836563712] [remote 91.108.6.54:49156] Not Found: /vukituki/bot/process-new-updates/
[Sun Jul 10 11:15:59.731490 2022] [wsgi:error] [pid 26654:tid 140386844956416] [remote 128.14.209.162:37738] Not Found: /
[Sun Jul 10 11:16:22.852532 2022] [wsgi:error] [pid 26654:tid 140386836563712] [remote 91.108.6.54:35084] Not Found: /vukituki/bot/process-new-updates/
[Sun Jul 10 11:17:22.902503 2022] [wsgi:error] [pid 26654:tid 140386844956416] [remote 91.108.6.54:36476] Not Found: /vukituki/bot/process-new-updates/
[Sun Jul 10 11:18:22.949047 2022] [wsgi:error] [pid 26654:tid 140386836563712] [remote 91.108.6.54:50646] Not Found: /vukituki/bot/process-new-updates/
[Sun Jul 10 11:19:22.994682 2022] [wsgi:error] [pid 26654:tid 140386844956416] [remote 91.108.6.54:36564] Not Found: /vukituki/bot/process-new-updates/
[Sun Jul 10 11:20:23.039151 2022] [wsgi:error] [pid 26654:tid 140386836563712] [remote 91.108.6.54:50856] Not Found: /vukituki/bot/process-new-updates/
[Sun Jul 10 11:21:23.081103 2022] [wsgi:error] [pid 26654:tid 140386844956416] [remote 91.108.6.54:36922] Not Found: /vukituki/bot/process-new-updates/
[Sun Jul 10 11:22:23.127605 2022] [wsgi:error] [pid 26654:tid 140386836563712] [remote 91.108.6.54:58034] Not Found: /vukituki/bot/process-new-updates/
[Sun Jul 10 11:23:23.173971 2022] [wsgi:error] [pid 26654:tid 140386844956416] [remote 91.108.6.54:43808] Not Found: /vukituki/bot/process-new-updates/
[Sun Jul 10 11:24:23.218074 2022] [wsgi:error] [pid 26654:tid 140386836563712] [remote 91.108.6.54:57940] Not Found: /vukituki/bot/process-new-updates/
[Sun Jul 10 11:25:23.260891 2022] [wsgi:error] [pid 26654:tid 140386844956416] [remote 91.108.6.54:44166] Not Found: /vukituki/bot/process-new-updates/
[Sun Jul 10 11:26:23.302996 2022] [wsgi:error] [pid 26654:tid 140386836563712] [remote 91.108.6.54:58380] Not Found: /vukituki/bot/process-new-updates/
[Sun Jul 10 11:27:23.348524 2022] [wsgi:error] [pid 26654:tid 140386844956416] [remote 91.108.6.54:44406] Not Found: /vukituki/bot/process-new-updates/
[Sun Jul 10 11:28:23.390888 2022] [wsgi:error] [pid 26654:tid 140386836563712] [remote 91.108.6.54:58474] Not Found: /vukituki/bot/process-new-updates/
[Sun Jul 10 11:29:23.431562 2022] [wsgi:error] [pid 26654:tid 140386844956416] [remote 91.108.6.54:34104] Not Found: /vukituki/bot/process-new-updates/
[Sun Jul 10 11:30:23.484987 2022] [wsgi:error] [pid 26654:tid 140386844956416] [remote 91.108.6.54:48248] Not Found: /vukituki/bot/process-new-updates/
[Sun Jul 10 11:31:23.529765 2022] [wsgi:error] [pid 26654:tid 140386836563712] [remote 91.108.6.54:34334] Not Found: /vukituki/bot/process-new-updates/
[Sun Jul 10 11:32:23.575675 2022] [wsgi:error] [pid 26654:tid 140386844956416] [remote 91.108.6.54:48448] Not Found: /vukituki/bot/process-new-updates/
[Sun Jul 10 11:33:23.621924 2022] [wsgi:error] [pid 26654:tid 140386836563712] [remote 91.108.6.54:34542] Not Found: /vukituki/bot/process-new-updates/
[Sun Jul 10 11:34:23.662436 2022] [wsgi:error] [pid 26654:tid 140386844956416] [remote 91.108.6.54:48674] Not Found: /vukituki/bot/process-new-updates/
[Sun Jul 10 11:35:23.702761 2022] [wsgi:error] [pid 26654:tid 140386836563712] [remote 91.108.6.54:55920] Not Found: /vukituki/bot/process-new-updates/
[Sun Jul 10 11:36:23.748068 2022] [wsgi:error] [pid 26654:tid 140386844956416] [remote 91.108.6.54:42206] Not Found: /vukituki/bot/process-new-updates/
[Sun Jul 10 11:37:23.790672 2022] [wsgi:error] [pid 26654:tid 140386836563712] [remote 91.108.6.54:56446] Not Found: /vukituki/bot/process-new-updates/
[Sun Jul 10 11:38:23.833163 2022] [wsgi:error] [pid 26654:tid 140386844956416] [remote 91.108.6.54:42262] Not Found: /vukituki/bot/process-new-updates/
[Sun Jul 10 11:39:23.875822 2022] [wsgi:error] [pid 26654:tid 140386836563712] [remote 91.108.6.54:56460] Not Found: /vukituki/bot/process-new-updates/
[Sun Jul 10 11:40:23.913838 2022] [wsgi:error] [pid 26654:tid 140386844956416] [remote 91.108.6.54:42340] Not Found: /vukituki/bot/process-new-updates/
[Sun Jul 10 11:41:03.256501 2022] [wsgi:error] [pid 26654:tid 140386836563712] [remote 185.7.214.104:42450] Not Found: /
[Sun Jul 10 11:41:23.952131 2022] [wsgi:error] [pid 26654:tid 140386844956416] [remote 91.108.6.54:36334] Not Found: /vukituki/bot/process-new-updates/
[Sun Jul 10 11:42:23.996338 2022] [wsgi:error] [pid 26654:tid 140386836563712] [remote 91.108.6.54:50334] Not Found: /vukituki/bot/process-new-updates/
[Sun Jul 10 11:42:48.023935 2022] [wsgi:error] [pid 26654:tid 140386844956416] [remote 128.14.134.170:40764] Not Found: /
[Sun Jul 10 11:43:24.040341 2022] [wsgi:error] [pid 26654:tid 140386836563712] [remote 91.108.6.54:36142] Not Found: /vukituki/bot/process-new-updates/
[Sun Jul 10 11:44:24.091377 2022] [wsgi:error] [pid 26654:tid 140386844956416] [remote 91.108.6.54:50144] Not Found: /vukituki/bot/process-new-updates/
[Sun Jul 10 11:44:48.342497 2022] [wsgi:error] [pid 26654:tid 140386836563712] [remote 159.65.255.20:46172] Not Found: /
[Sun Jul 10 11:45:24.130675 2022] [wsgi:error] [pid 26654:tid 140386844956416] [remote 91.108.6.54:36046] Not Found: /vukituki/bot/process-new-updates/
[Sun Jul 10 11:46:24.169728 2022] [wsgi:error] [pid 26654:tid 140386836563712] [remote 91.108.6.54:49888] Not Found: /vukituki/bot/process-new-updates/
[Sun Jul 10 11:47:24.212134 2022] [wsgi:error] [pid 26654:tid 140386844956416] [remote 91.108.6.54:36778] Not Found: /vukituki/bot/process-new-updates/
[Sun Jul 10 11:48:24.253652 2022] [wsgi:error] [pid 26654:tid 140386836563712] [remote 91.108.6.54:50728] Not Found: /vukituki/bot/process-new-updates/
[Sun Jul 10 11:49:24.293424 2022] [wsgi:error] [pid 26654:tid 140386844956416] [remote 91.108.6.54:36692] Not Found: /vukituki/bot/process-new-updates/
[Sun Jul 10 11:50:24.335953 2022] [wsgi:error] [pid 26654:tid 140386836563712] [remote 91.108.6.54:50650] Not Found: /vukituki/bot/process-new-updates/
[Sun Jul 10 11:51:24.381106 2022] [wsgi:error] [pid 26654:tid 140386844956416] [remote 91.108.6.54:36586] Not Found: /vukituki/bot/process-new-updates/
[Sun Jul 10 11:52:24.424013 2022] [wsgi:error] [pid 26654:tid 140386836563712] [remote 91.108.6.54:50750] Not Found: /vukituki/bot/process-new-updates/
[Sun Jul 10 11:53:24.467440 2022] [wsgi:error] [pid 26654:tid 140386844956416] [remote 91.108.6.54:36484] Not Found: /vukituki/bot/process-new-updates/
[Sun Jul 10 11:54:24.507610 2022] [wsgi:error] [pid 26654:tid 140386836563712] [remote 91.108.6.54:50594] Not Found: /vukituki/bot/process-new-updates/
[Sun Jul 10 11:55:24.552437 2022] [wsgi:error] [pid 26654:tid 140386844956416] [remote 91.108.6.54:36432] Not Found: /vukituki/bot/process-new-updates/
[Sun Jul 10 11:56:24.596076 2022] [wsgi:error] [pid 26654:tid 140386836563712] [remote 91.108.6.54:50444] Not Found: /vukituki/bot/process-new-updates/
[Sun Jul 10 11:57:24.643738 2022] [wsgi:error] [pid 26654:tid 140386844956416] [remote 91.108.6.54:36294] Not Found: /vukituki/bot/process-new-updates/
[Sun Jul 10 11:58:24.687796 2022] [wsgi:error] [pid 26654:tid 140386836563712] [remote 91.108.6.54:50372] Not Found: /vukituki/bot/process-new-updates/
[Sun Jul 10 11:59:24.731095 2022] [wsgi:error] [pid 26654:tid 140386844956416] [remote 91.108.6.54:36230] Not Found: /vukituki/bot/process-new-updates/
[Sun Jul 10 12:00:24.772564 2022] [wsgi:error] [pid 26654:tid 140386836563712] [remote 91.108.6.54:52352] Not Found: /vukituki/bot/process-new-updates/
[Sun Jul 10 12:01:24.810324 2022] [wsgi:error] [pid 26654:tid 140386844956416] [remote 91.108.6.54:38284] Not Found: /vukituki/bot/process-new-updates/
[Sun Jul 10 12:02:24.856341 2022] [wsgi:error] [pid 26654:tid 140386836563712] [remote 91.108.6.54:52328] Not Found: /vukituki/bot/process-new-updates/
[Sun Jul 10 12:03:24.902032 2022] [wsgi:error] [pid 26654:tid 140386844956416] [remote 91.108.6.54:38190] Not Found: /vukituki/bot/process-new-updates/
[Sun Jul 10 12:03:46.750402 2022] [wsgi:error] [pid 26654:tid 140386836563712] [remote 185.7.214.104:50256] Not Found: /actuator/gateway/routes
[Sun Jul 10 12:04:24.942158 2022] [wsgi:error] [pid 26654:tid 140386844956416] [remote 91.108.6.54:52194] Not Found: /vukituki/bot/process-new-updates/
[Sun Jul 10 12:05:24.984355 2022] [wsgi:error] [pid 26654:tid 140386836563712] [remote 91.108.6.54:38090] Not Found: /vukituki/bot/process-new-updates/
[Sun Jul 10 12:06:15.930664 2022] [wsgi:error] [pid 26654:tid 140386844956416] [remote 64.62.197.227:27736] Not Found: /
[Sun Jul 10 12:06:25.019571 2022] [wsgi:error] [pid 26654:tid 140386836563712] [remote 91.108.6.54:52176] Not Found: /vukituki/bot/process-new-updates/
[Sun Jul 10 12:07:25.058829 2022] [wsgi:error] [pid 26654:tid 140386844956416] [remote 91.108.6.54:38022] Not Found: /vukituki/bot/process-new-updates/
[Sun Jul 10 12:08:25.099001 2022] [wsgi:error] [pid 26654:tid 140386836563712] [remote 91.108.6.54:55828] Not Found: /vukituki/bot/process-new-updates/
[Sun Jul 10 12:09:25.148618 2022] [wsgi:error] [pid 26654:tid 140386844956416] [remote 91.108.6.54:41744] Not Found: /vukituki/bot/process-new-updates/
[Sun Jul 10 12:10:25.189592 2022] [wsgi:error] [pid 26654:tid 140386836563712] [remote 91.108.6.54:55720] Not Found: /vukituki/bot/process-new-updates/
[Sun Jul 10 12:11:25.232373 2022] [wsgi:error] [pid 26654:tid 140386844956416] [remote 91.108.6.54:41554] Not Found: /vukituki/bot/process-new-updates/
[Sun Jul 10 12:12:25.273169 2022] [wsgi:error] [pid 26654:tid 140386836563712] [remote 91.108.6.54:55686] Not Found: /vukituki/bot/process-new-updates/
[Sun Jul 10 12:13:25.316344 2022] [wsgi:error] [pid 26654:tid 140386844956416] [remote 91.108.6.54:41376] Not Found: /vukituki/bot/process-new-updates/
[Sun Jul 10 12:14:25.359885 2022] [wsgi:error] [pid 26654:tid 140386836563712] [remote 91.108.6.54:55562] Not Found: /vukituki/bot/process-new-updates/
[Sun Jul 10 12:15:11.428339 2022] [wsgi:error] [pid 26654:tid 140386844956416] [remote 188.166.87.67:48272] Not Found: /
[Sun Jul 10 12:15:25.403723 2022] [wsgi:error] [pid 26654:tid 140386836563712] [remote 91.108.6.54:41350] Not Found: /vukituki/bot/process-new-updates/
[Sun Jul 10 12:16:25.446064 2022] [wsgi:error] [pid 26654:tid 140386844956416] [remote 91.108.6.54:55562] Not Found: /vukituki/bot/process-new-updates/
[Sun Jul 10 12:17:25.490088 2022] [wsgi:error] [pid 26654:tid 140386836563712] [remote 91.108.6.54:41306] Not Found: /vukituki/bot/process-new-updates/
[Sun Jul 10 12:18:25.532481 2022] [wsgi:error] [pid 26654:tid 140386844956416] [remote 91.108.6.54:55356] Not Found: /vukituki/bot/process-new-updates/
[Sun Jul 10 12:19:25.577893 2022] [wsgi:error] [pid 26654:tid 140386836563712] [remote 91.108.6.54:41148] Not Found: /vukituki/bot/process-new-updates/
[Sun Jul 10 12:20:25.621625 2022] [wsgi:error] [pid 26654:tid 140386844956416] [remote 91.108.6.54:55538] Not Found: /vukituki/bot/process-new-updates/
[Sun Jul 10 12:21:25.665659 2022] [wsgi:error] [pid 26654:tid 140386836563712] [remote 91.108.6.54:41588] Not Found: /vukituki/bot/process-new-updates/
[Sun Jul 10 12:22:25.706404 2022] [wsgi:error] [pid 26654:tid 140386844956416] [remote 91.108.6.54:56070] Not Found: /vukituki/bot/process-new-updates/
[Sun Jul 10 12:23:25.750071 2022] [wsgi:error] [pid 26654:tid 140386836563712] [remote 91.108.6.54:42064] Not Found: /vukituki/bot/process-new-updates/
[Sun Jul 10 12:24:25.792691 2022] [wsgi:error] [pid 26654:tid 140386844956416] [remote 91.108.6.54:56354] Not Found: /vukituki/bot/process-new-updates/
[Sun Jul 10 12:25:25.833659 2022] [wsgi:error] [pid 26654:tid 140386836563712] [remote 91.108.6.54:42534] Not Found: /vukituki/bot/process-new-updates/
[Sun Jul 10 12:26:25.872278 2022] [wsgi:error] [pid 26654:tid 140386844956416] [remote 91.108.6.54:56694] Not Found: /vukituki/bot/process-new-updates/
[Sun Jul 10 12:27:25.913434 2022] [wsgi:error] [pid 26654:tid 140386836563712] [remote 91.108.6.54:42502] Not Found: /vukituki/bot/process-new-updates/
[Sun Jul 10 12:28:25.956373 2022] [wsgi:error] [pid 26654:tid 140386844956416] [remote 91.108.6.54:56572] Not Found: /vukituki/bot/process-new-updates/
[Sun Jul 10 12:29:25.998679 2022] [wsgi:error] [pid 26654:tid 140386836563712] [remote 91.108.6.54:42628] Not Found: /vukituki/bot/process-new-updates/
[Sun Jul 10 12:29:32.727325 2022] [wsgi:error] [pid 26654:tid 140386844956416] [remote 209.141.46.123:44394] Not Found: /
[Sun Jul 10 12:30:26.043170 2022] [wsgi:error] [pid 26654:tid 140386836563712] [remote 91.108.6.54:56754] Not Found: /vukituki/bot/process-new-updates/
[Sun Jul 10 12:31:26.083641 2022] [wsgi:error] [pid 26654:tid 140386844956416] [remote 91.108.6.54:42960] Not Found: /vukituki/bot/process-new-updates/
[Sun Jul 10 12:32:26.127535 2022] [wsgi:error] [pid 26654:tid 140386836563712] [remote 91.108.6.54:57264] Not Found: /vukituki/bot/process-new-updates/
[Sun Jul 10 12:33:26.174102 2022] [wsgi:error] [pid 26654:tid 140386844956416] [remote 91.108.6.54:43228] Not Found: /vukituki/bot/process-new-updates/
[Sun Jul 10 12:34:26.210958 2022] [wsgi:error] [pid 26654:tid 140386836563712] [remote 91.108.6.54:57568] Not Found: /vukituki/bot/process-new-updates/
[Sun Jul 10 12:35:26.250507 2022] [wsgi:error] [pid 26654:tid 140386844956416] [remote 91.108.6.54:43458] Not Found: /vukituki/bot/process-new-updates/
[Sun Jul 10 12:36:26.296711 2022] [wsgi:error] [pid 26654:tid 140386836563712] [remote 91.108.6.54:57700] Not Found: /vukituki/bot/process-new-updates/
[Sun Jul 10 12:37:26.336757 2022] [wsgi:error] [pid 26654:tid 140386844956416] [remote 91.108.6.54:43686] Not Found: /vukituki/bot/process-new-updates/
[Sun Jul 10 12:38:26.381713 2022] [wsgi:error] [pid 26654:tid 140386836563712] [remote 91.108.6.54:57768] Not Found: /vukituki/bot/process-new-updates/
[Sun Jul 10 12:39:26.426096 2022] [wsgi:error] [pid 26654:tid 140386844956416] [remote 91.108.6.54:43682] Not Found: /vukituki/bot/process-new-updates/
[Sun Jul 10 12:40:26.467341 2022] [wsgi:error] [pid 26654:tid 140386836563712] [remote 91.108.6.54:57906] Not Found: /vukituki/bot/process-new-updates/
[Sun Jul 10 12:40:39.222399 2022] [wsgi:error] [pid 26654:tid 140386844956416] [remote 154.89.5.123:42924] Not Found: /
[Sun Jul 10 12:41:26.508818 2022] [wsgi:error] [pid 26654:tid 140386836563712] [remote 91.108.6.54:44022] Not Found: /vukituki/bot/process-new-updates/
[Sun Jul 10 12:42:26.553823 2022] [wsgi:error] [pid 26654:tid 140386844956416] [remote 91.108.6.54:58334] Not Found: /vukituki/bot/process-new-updates/
[Sun Jul 10 12:43:26.604416 2022] [wsgi:error] [pid 26654:tid 140386836563712] [remote 91.108.6.54:44282] Not Found: /vukituki/bot/process-new-updates/
[Sun Jul 10 12:44:26.646869 2022] [wsgi:error] [pid 26654:tid 140386844956416] [remote 91.108.6.54:58604] Not Found: /vukituki/bot/process-new-updates/
[Sun Jul 10 12:45:26.687581 2022] [wsgi:error] [pid 26654:tid 140386836563712] [remote 91.108.6.54:44350] Not Found: /vukituki/bot/process-new-updates/
[Sun Jul 10 12:46:26.722813 2022] [wsgi:error] [pid 26654:tid 140386844956416] [remote 91.108.6.54:58540] Not Found: /vukituki/bot/process-new-updates/
[Sun Jul 10 12:47:26.763807 2022] [wsgi:error] [pid 26654:tid 140386836563712] [remote 91.108.6.54:44578] Not Found: /vukituki/bot/process-new-updates/
[Sun Jul 10 12:48:26.807199 2022] [wsgi:error] [pid 26654:tid 140386844956416] [remote 91.108.6.54:58738] Not Found: /vukituki/bot/process-new-updates/
[Sun Jul 10 12:49:27.325923 2022] [wsgi:error] [pid 28596:tid 139733746534144] [remote 91.108.6.54:43274] Internal Server Error: /vukituki/bot/process-new-updates/
[Sun Jul 10 12:49:27.326979 2022] [wsgi:error] [pid 28596:tid 139733746534144] [remote 91.108.6.54:43274] Traceback (most recent call last):
[Sun Jul 10 12:49:27.327004 2022] [wsgi:error] [pid 28596:tid 139733746534144] [remote 91.108.6.54:43274]   File "/root/StudentBots/venv/lib/python3.8/site-packages/django/core/handlers/exception.py", line 47, in inner
[Sun Jul 10 12:49:27.327013 2022] [wsgi:error] [pid 28596:tid 139733746534144] [remote 91.108.6.54:43274]     response = get_response(request)
[Sun Jul 10 12:49:27.327022 2022] [wsgi:error] [pid 28596:tid 139733746534144] [remote 91.108.6.54:43274]   File "/root/StudentBots/venv/lib/python3.8/site-packages/django/core/handlers/base.py", line 167, in _get_response
[Sun Jul 10 12:49:27.327030 2022] [wsgi:error] [pid 28596:tid 139733746534144] [remote 91.108.6.54:43274]     callback, callback_args, callback_kwargs = self.resolve_request(request)
[Sun Jul 10 12:49:27.327039 2022] [wsgi:error] [pid 28596:tid 139733746534144] [remote 91.108.6.54:43274]   File "/root/StudentBots/venv/lib/python3.8/site-packages/django/core/handlers/base.py", line 290, in resolve_request
[Sun Jul 10 12:49:27.327047 2022] [wsgi:error] [pid 28596:tid 139733746534144] [remote 91.108.6.54:43274]     resolver_match = resolver.resolve(request.path_info)
[Sun Jul 10 12:49:27.327056 2022] [wsgi:error] [pid 28596:tid 139733746534144] [remote 91.108.6.54:43274]   File "/root/StudentBots/venv/lib/python3.8/site-packages/django/urls/resolvers.py", line 556, in resolve
[Sun Jul 10 12:49:27.327064 2022] [wsgi:error] [pid 28596:tid 139733746534144] [remote 91.108.6.54:43274]     for pattern in self.url_patterns:
[Sun Jul 10 12:49:27.327072 2022] [wsgi:error] [pid 28596:tid 139733746534144] [remote 91.108.6.54:43274]   File "/root/StudentBots/venv/lib/python3.8/site-packages/django/utils/functional.py", line 48, in __get__
[Sun Jul 10 12:49:27.327080 2022] [wsgi:error] [pid 28596:tid 139733746534144] [remote 91.108.6.54:43274]     res = instance.__dict__[self.name] = self.func(instance)
[Sun Jul 10 12:49:27.327089 2022] [wsgi:error] [pid 28596:tid 139733746534144] [remote 91.108.6.54:43274]   File "/root/StudentBots/venv/lib/python3.8/site-packages/django/urls/resolvers.py", line 598, in url_patterns
[Sun Jul 10 12:49:27.327097 2022] [wsgi:error] [pid 28596:tid 139733746534144] [remote 91.108.6.54:43274]     patterns = getattr(self.urlconf_module, "urlpatterns", self.urlconf_module)
[Sun Jul 10 12:49:27.327105 2022] [wsgi:error] [pid 28596:tid 139733746534144] [remote 91.108.6.54:43274]   File "/root/StudentBots/venv/lib/python3.8/site-packages/django/utils/functional.py", line 48, in __get__
[Sun Jul 10 12:49:27.327114 2022] [wsgi:error] [pid 28596:tid 139733746534144] [remote 91.108.6.54:43274]     res = instance.__dict__[self.name] = self.func(instance)
[Sun Jul 10 12:49:27.327122 2022] [wsgi:error] [pid 28596:tid 139733746534144] [remote 91.108.6.54:43274]   File "/root/StudentBots/venv/lib/python3.8/site-packages/django/urls/resolvers.py", line 591, in urlconf_module
[Sun Jul 10 12:49:27.327130 2022] [wsgi:error] [pid 28596:tid 139733746534144] [remote 91.108.6.54:43274]     return import_module(self.urlconf_name)
[Sun Jul 10 12:49:27.327139 2022] [wsgi:error] [pid 28596:tid 139733746534144] [remote 91.108.6.54:43274]   File "/usr/lib/python3.8/importlib/__init__.py", line 127, in import_module
[Sun Jul 10 12:49:27.327147 2022] [wsgi:error] [pid 28596:tid 139733746534144] [remote 91.108.6.54:43274]     return _bootstrap._gcd_import(name[level:], package, level)
[Sun Jul 10 12:49:27.327155 2022] [wsgi:error] [pid 28596:tid 139733746534144] [remote 91.108.6.54:43274]   File "<frozen importlib._bootstrap>", line 1014, in _gcd_import
[Sun Jul 10 12:49:27.327163 2022] [wsgi:error] [pid 28596:tid 139733746534144] [remote 91.108.6.54:43274]   File "<frozen importlib._bootstrap>", line 991, in _find_and_load
[Sun Jul 10 12:49:27.327171 2022] [wsgi:error] [pid 28596:tid 139733746534144] [remote 91.108.6.54:43274]   File "<frozen importlib._bootstrap>", line 975, in _find_and_load_unlocked
[Sun Jul 10 12:49:27.327190 2022] [wsgi:error] [pid 28596:tid 139733746534144] [remote 91.108.6.54:43274]   File "<frozen importlib._bootstrap>", line 671, in _load_unlocked
[Sun Jul 10 12:49:27.327199 2022] [wsgi:error] [pid 28596:tid 139733746534144] [remote 91.108.6.54:43274]   File "<frozen importlib._bootstrap_external>", line 848, in exec_module
[Sun Jul 10 12:49:27.327207 2022] [wsgi:error] [pid 28596:tid 139733746534144] [remote 91.108.6.54:43274]   File "<frozen importlib._bootstrap>", line 219, in _call_with_frames_removed
[Sun Jul 10 12:49:27.327215 2022] [wsgi:error] [pid 28596:tid 139733746534144] [remote 91.108.6.54:43274]   File "/root/payer/dead_morozxc/dead_morozxc/urls.py", line 6, in <module>
[Sun Jul 10 12:49:27.327223 2022] [wsgi:error] [pid 28596:tid 139733746534144] [remote 91.108.6.54:43274]     path('dead_morozxc/', include('prikol.urls')),
[Sun Jul 10 12:49:27.327232 2022] [wsgi:error] [pid 28596:tid 139733746534144] [remote 91.108.6.54:43274]   File "/root/StudentBots/venv/lib/python3.8/site-packages/django/urls/conf.py", line 34, in include
[Sun Jul 10 12:49:27.327240 2022] [wsgi:error] [pid 28596:tid 139733746534144] [remote 91.108.6.54:43274]     urlconf_module = import_module(urlconf_module)
[Sun Jul 10 12:49:27.327248 2022] [wsgi:error] [pid 28596:tid 139733746534144] [remote 91.108.6.54:43274]   File "/usr/lib/python3.8/importlib/__init__.py", line 127, in import_module
[Sun Jul 10 12:49:27.327256 2022] [wsgi:error] [pid 28596:tid 139733746534144] [remote 91.108.6.54:43274]     return _bootstrap._gcd_import(name[level:], package, level)
[Sun Jul 10 12:49:27.327264 2022] [wsgi:error] [pid 28596:tid 139733746534144] [remote 91.108.6.54:43274]   File "<frozen importlib._bootstrap>", line 1014, in _gcd_import
[Sun Jul 10 12:49:27.327273 2022] [wsgi:error] [pid 28596:tid 139733746534144] [remote 91.108.6.54:43274]   File "<frozen importlib._bootstrap>", line 991, in _find_and_load
[Sun Jul 10 12:49:27.327281 2022] [wsgi:error] [pid 28596:tid 139733746534144] [remote 91.108.6.54:43274]   File "<frozen importlib._bootstrap>", line 975, in _find_and_load_unlocked
[Sun Jul 10 12:49:27.327289 2022] [wsgi:error] [pid 28596:tid 139733746534144] [remote 91.108.6.54:43274]   File "<frozen importlib._bootstrap>", line 671, in _load_unlocked
