91.108.6.111 - - [14/Jul/2022:11:21:47 +0000] "POST /dead_morozxc/bot/process-new-updates/ HTTP/1.1" 200 428 "-" "-"
91.108.6.111 - - [14/Jul/2022:11:22:12 +0000] "-" 408 5747 "-" "-"
185.180.143.5 - - [14/Jul/2022:11:47:32 +0000] "GET / HTTP/1.1" 404 7680 "http://65.108.155.145/" "Mozilla/5.0 (Windows NT 10.0; Win64; x64) AppleWebKit/537.36 (KHTML, like Gecko) Chrome/60.0.3112.113 Safari/537.36"
216.218.206.69 - - [14/Jul/2022:11:52:43 +0000] "GET / HTTP/1.1" 404 7675 "-" "-"
128.14.134.134 - - [14/Jul/2022:11:52:46 +0000] "GET / HTTP/1.1" 404 7680 "http://65.108.155.145/" "Mozilla/5.0 (Windows NT 10.0; Win64; x64) AppleWebKit/537.36 (KHTML, like Gecko) Chrome/60.0.3112.113 Safari/537.36"
139.162.215.70 - - [14/Jul/2022:12:29:51 +0000] "GET / HTTP/1.1" 404 7742 "-" "Mozilla/5.0 (Windows NT 10.0; Win64; x64) AppleWebKit/537.36 (KHTML, like Gecko) Chrome/60.0.3112.113 Safari/537.36"
157.55.39.54 - - [14/Jul/2022:12:32:47 +0000] "GET /robots.txt HTTP/1.1" 404 8529 "-" "Mozilla/5.0 (compatible; bingbot/2.0; +http://www.bing.com/bingbot.htm)"
207.46.13.165 - - [14/Jul/2022:12:32:53 +0000] "GET / HTTP/1.1" 404 8481 "-" "Mozilla/5.0 (compatible; bingbot/2.0; +http://www.bing.com/bingbot.htm)"
167.172.145.110 - - [14/Jul/2022:12:59:02 +0000] "GET / HTTP/1.1" 404 7675 "-" "Mozilla/5.0 zgrab/0.x"
185.7.214.104 - - [14/Jul/2022:13:03:36 +0000] "GET /vendor/phpunit/phpunit/src/Util/PHP/eval-stdin.php HTTP/1.1" 404 8432 "http://65.108.155.145:80/vendor/phpunit/phpunit/src/Util/PHP/eval-stdin.php" "Mozilla/5.0 (Windows NT 10.0; Win64; x64) AppleWebKit/537.36 (KHTML, like Gecko) Chrome/78.0.3904.108 Safari/537.36"
128.1.248.26 - - [14/Jul/2022:13:13:06 +0000] "GET / HTTP/1.1" 404 7742 "-" "Mozilla/5.0 (Windows NT 10.0; Win64; x64) AppleWebKit/537.36 (KHTML, like Gecko) Chrome/60.0.3112.113 Safari/537.36"
154.6.130.144 - - [14/Jul/2022:13:18:42 +0000] "-" 408 5679 "-" "-"
192.241.207.235 - - [14/Jul/2022:13:41:39 +0000] "GET /version HTTP/1.1" 404 7714 "-" "Mozilla/5.0 zgrab/0.x"
185.7.214.104 - - [14/Jul/2022:14:28:30 +0000] "GET /solr/admin/info/system?wt=json HTTP/1.1" 404 8388 "http://65.108.155.145:80/solr/admin/info/system?wt=json" "Mozilla/5.0 (Windows NT 10.0; Win64; x64) AppleWebKit/537.36 (KHTML, like Gecko) Chrome/78.0.3904.108 Safari/537.36"
123.60.83.110 - - [14/Jul/2022:14:41:28 +0000] "GET / HTTP/1.1" 404 7846 "-" "Mozilla/5.0 (Windows NT 5.7; Win64; x64) AppleWebKit/537.36 (KHTML, like Gecko) Chrome/79.0.1487.88 Safari/537.36"
185.7.214.104 - - [14/Jul/2022:15:11:28 +0000] "GET /index.php?s=/Index/\\think\\app/invokefunction&function=call_user_func_array&vars[0]=md5&vars[1][]=HelloThinkPHP21 HTTP/1.1" 404 8428 "http://65.108.155.145:80/index.php?s=/Index/\\think\\app/invokefunction&function=call_user_func_array&vars[0]=md5&vars[1][]=HelloThinkPHP21" "Mozilla/5.0 (Windows NT 10.0; Win64; x64) AppleWebKit/537.36 (KHTML, like Gecko) Chrome/78.0.3904.108 Safari/537.36"
185.180.143.11 - - [14/Jul/2022:15:45:26 +0000] "GET / HTTP/1.1" 404 7742 "-" "Mozilla/5.0 (Windows NT 10.0; Win64; x64) AppleWebKit/537.36 (KHTML, like Gecko) Chrome/60.0.3112.113 Safari/537.36"
185.7.214.104 - - [14/Jul/2022:15:47:06 +0000] "GET /?a=fetch&content=<php>die(@md5(HelloThinkCMF))</php> HTTP/1.1" 404 8328 "http://65.108.155.145:80/?a=fetch&content=<php>die(@md5(HelloThinkCMF))</php>" "Mozilla/5.0 (Windows NT 10.0; Win64; x64) AppleWebKit/537.36 (KHTML, like Gecko) Chrome/78.0.3904.108 Safari/537.36"
154.89.5.74 - - [14/Jul/2022:16:06:35 +0000] "GET / HTTP/1.0" 404 8231 "-" "-"
185.7.214.104 - - [14/Jul/2022:16:12:39 +0000] "GET /?XDEBUG_SESSION_START=phpstorm HTTP/1.1" 404 8310 "http://65.108.155.145:80/?XDEBUG_SESSION_START=phpstorm" "Mozilla/5.0 (Windows NT 10.0; Win64; x64) AppleWebKit/537.36 (KHTML, like Gecko) Chrome/78.0.3904.108 Safari/537.36"
185.7.214.104 - - [14/Jul/2022:17:27:04 +0000] "GET /console/ HTTP/1.1" 404 8306 "http://65.108.155.145:80/console/" "Mozilla/5.0 (Windows NT 10.0; Win64; x64) AppleWebKit/537.36 (KHTML, like Gecko) Chrome/78.0.3904.108 Safari/537.36"
185.7.214.104 - - [14/Jul/2022:17:43:15 +0000] "GET /Autodiscover/Autodiscover.xml HTTP/1.1" 404 8369 "http://65.108.155.145:80/Autodiscover/Autodiscover.xml" "Mozilla/5.0 (Windows NT 10.0; Win64; x64) AppleWebKit/537.36 (KHTML, like Gecko) Chrome/78.0.3904.108 Safari/537.36"
103.203.57.10 - - [14/Jul/2022:17:51:02 +0000] "GET / HTTP/1.1" 404 8227 "-" "Mozilla/5.0 (Windows NT 10.0; WOW64) AppleWebKit/537.36 (KHTML, like Gecko) Chrome/45.0.2454.101 Safari/537.36"
20.253.232.141 - - [14/Jul/2022:18:27:53 +0000] "GET / HTTP/1.1" 404 8396 "-" "python-requests/2.27.1"
20.253.232.141 - - [14/Jul/2022:18:27:54 +0000] "GET /_profiler/empty/search/results HTTP/1.1" 404 8504 "-" "python-requests/2.27.1"
20.253.232.141 - - [14/Jul/2022:18:42:03 +0000] "GET / HTTP/1.1" 404 8396 "-" "python-requests/2.27.1"
20.253.232.141 - - [14/Jul/2022:18:42:04 +0000] "GET /_profiler/empty/search/results HTTP/1.1" 404 8504 "-" "python-requests/2.27.1"
185.7.214.104 - - [14/Jul/2022:18:45:54 +0000] "GET /_ignition/execute-solution HTTP/1.1" 404 8392 "http://65.108.155.145:80/_ignition/execute-solution" "Mozilla/5.0 (Windows NT 10.0; Win64; x64) AppleWebKit/537.36 (KHTML, like Gecko) Chrome/78.0.3904.108 Safari/537.36"
94.102.61.10 - - [14/Jul/2022:18:53:11 +0000] "GET / HTTP/1.1" 404 7680 "http://65.108.155.145:80/" "Mozilla/5.0 (Windows NT 10.0; Win64; x64) AppleWebKit/537.36 (KHTML, like Gecko) Chrome/88.0.4324.190 Safari/537.36"
185.7.214.104 - - [14/Jul/2022:19:32:45 +0000] "GET / HTTP/1.1" 404 8280 "http://65.108.155.145:80" "Mozilla/5.0 (Windows NT 10.0; Win64; x64) AppleWebKit/537.36 (KHTML, like Gecko) Chrome/78.0.3904.108 Safari/537.36"
92.255.85.38 - - [14/Jul/2022:19:54:20 +0000] "GET /remote/fgt_lang?lang=/../../../..//////////dev/cmdb/sslvpn_websession HTTP/1.1" 404 8396 "-" "Python-urllib/3.8"
192.241.222.113 - - [14/Jul/2022:20:06:36 +0000] "GET /actuator/health HTTP/1.1" 404 7738 "-" "Mozilla/5.0 zgrab/0.x"
193.46.255.26 - - [14/Jul/2022:20:57:19 +0000] "GET /about_state HTTP/1.0" 404 8271 "-" "nvd0rz"
13.52.61.117 - - [14/Jul/2022:21:02:24 +0000] "GET / HTTP/1.1" 404 8279 "-" "Mozilla/5.0 (Macintosh; Intel Mac OS X 10_11_5) AppleWebKit/537.36 (KHTML, like Gecko) Chrome/50.0.2661.102 Safari/537.36"
185.7.214.104 - - [14/Jul/2022:21:20:12 +0000] "GET /actuator/gateway/routes HTTP/1.1" 404 8351 "http://65.108.155.145:80/actuator/gateway/routes" "Mozilla/5.0 (Windows NT 10.0; Win64; x64) AppleWebKit/537.36 (KHTML, like Gecko) Chrome/78.0.3904.108 Safari/537.36"
80.82.78.27 - - [14/Jul/2022:22:17:34 +0000] "GET /remote/fgt_lang?lang=/../../../..//////////dev/cmdb/sslvpn_websession HTTP/1.1" 404 8396 "-" "Python-urllib/3.8"
92.255.85.38 - - [14/Jul/2022:23:32:06 +0000] "GET /remote/fgt_lang?lang=/../../../..//////////dev/cmdb/sslvpn_websession HTTP/1.1" 404 8396 "-" "Python-urllib/3.8"
185.7.214.104 - - [14/Jul/2022:23:47:43 +0000] "GET / HTTP/1.1" 404 8231 "-" "Mozilla/5.0 (Windows NT 10.0; Win64; x64) AppleWebKit/537.36 (KHTML, like Gecko) Chrome/78.0.3904.108 Safari/537.36"
185.7.214.104 - - [15/Jul/2022:00:20:57 +0000] "POST /vendor/phpunit/phpunit/src/Util/PHP/eval-stdin.php HTTP/1.1" 404 8400 "-" "Mozilla/5.0 (Windows NT 10.0; Win64; x64) AppleWebKit/537.36 (KHTML, like Gecko) Chrome/78.0.3904.108 Safari/537.36"
91.108.6.111 - - [15/Jul/2022:00:21:18 +0000] "-" 408 5731 "-" "-"
128.1.248.42 - - [15/Jul/2022:00:39:56 +0000] "GET / HTTP/1.1" 404 7680 "http://65.108.155.145/" "Mozilla/5.0 (Windows NT 10.0; Win64; x64) AppleWebKit/537.36 (KHTML, like Gecko) Chrome/60.0.3112.113 Safari/537.36"
35.89.99.16 - - [15/Jul/2022:01:14:22 +0000] "GET / HTTP/1.1" 404 8261 "-" "Mozilla/5.0 (X11; Linux x86_64) AppleWebKit/537.36 (KHTML, like Gecko) Chrome/83.0.4103.97 Safari/537.36"
34.222.170.168 - - [15/Jul/2022:01:14:24 +0000] "GET / HTTP/1.1" 404 8261 "-" "Mozilla/5.0 (X11; Linux x86_64) AppleWebKit/537.36 (KHTML, like Gecko) Chrome/83.0.4103.97 Safari/537.36"
128.14.141.34 - - [15/Jul/2022:01:22:26 +0000] "GET / HTTP/1.1" 404 7742 "-" "Mozilla/5.0 (Windows NT 10.0; Win64; x64) AppleWebKit/537.36 (KHTML, like Gecko) Chrome/60.0.3112.113 Safari/537.36"
109.237.103.118 - - [15/Jul/2022:01:29:07 +0000] "GET / HTTP/1.0" 400 629 "-" "-"
109.237.103.118 - - [15/Jul/2022:01:29:07 +0000] "GET /.aws/credentials HTTP/1.1" 404 8378 "-" "Mozilla/5.0 (X11; Linux x86_64) AppleWebKit/537.36 (KHTML, like Gecko) Chrome/81.0.4044.129 Safari/537.36"
192.241.213.83 - - [15/Jul/2022:02:05:10 +0000] "GET /owa/auth/logon.aspx?url=https%3a%2f%2f1%2fecp%2f HTTP/1.1" 404 7779 "-" "Mozilla/5.0 zgrab/0.x"
192.241.220.212 - - [15/Jul/2022:02:45:12 +0000] "GET / HTTP/1.1" 404 7675 "-" "Mozilla/5.0 zgrab/0.x"
185.7.214.104 - - [15/Jul/2022:02:53:23 +0000] "GET /vendor/phpunit/phpunit/src/Util/PHP/eval-stdin.php HTTP/1.1" 404 8399 "-" "Mozilla/5.0 (Windows NT 10.0; Win64; x64) AppleWebKit/537.36 (KHTML, like Gecko) Chrome/78.0.3904.108 Safari/537.36"
185.7.214.104 - - [15/Jul/2022:03:15:22 +0000] "GET /index.php?s=/Index/\\think\\app/invokefunction&function=call_user_func_array&vars[0]=md5&vars[1][]=HelloThinkPHP21 HTTP/1.1" 404 8395 "-" "Mozilla/5.0 (Windows NT 10.0; Win64; x64) AppleWebKit/537.36 (KHTML, like Gecko) Chrome/78.0.3904.108 Safari/537.36"
64.62.197.17 - - [15/Jul/2022:03:24:54 +0000] "GET / HTTP/1.1" 404 7675 "-" "-"
109.248.6.15 - - [15/Jul/2022:04:05:03 +0000] "GET / HTTP/1.0" 404 8232 "-" "masscan-ng/1.3 (https://github.com/bi-zone/masscan-ng)"
185.180.143.5 - - [15/Jul/2022:04:16:07 +0000] "GET / HTTP/1.1" 404 7680 "http://65.108.155.145/" "Mozilla/5.0 (Windows NT 10.0; Win64; x64) AppleWebKit/537.36 (KHTML, like Gecko) Chrome/60.0.3112.113 Safari/537.36"
143.92.32.136 - - [15/Jul/2022:04:22:44 +0000] "GET / HTTP/1.1" 404 8257 "-" "Mozilla/5.0 (Windows NT 10.0; Win64; x64) AppleWebKit/537.36 (KHTML, like Gecko) Chrome/74.0.3729.169 Safari/537.36"
130.211.54.158 - - [15/Jul/2022:04:28:06 +0000] "GET / HTTP/1.1" 404 7746 "-" "python-requests/2.28.1"
192.241.219.239 - - [15/Jul/2022:05:45:50 +0000] "GET / HTTP/1.0" 400 629 "-" "-"
159.223.63.89 - - [15/Jul/2022:05:57:16 +0000] "GET / HTTP/1.1" 404 7931 "-" "Mozilla/5.0 (Windows NT 10.0; Win64; x64) AppleWebKit/537.36 (KHTML, like Gecko) Chrome/78.0.3904.108 Safari/537.36"
159.223.63.89 - - [15/Jul/2022:05:57:16 +0000] "GET //wp-includes/wlwmanifest.xml HTTP/1.1" 404 2746 "-" "Mozilla/5.0 (Windows NT 10.0; Win64; x64) AppleWebKit/537.36 (KHTML, like Gecko) Chrome/78.0.3904.108 Safari/537.36"
159.223.63.89 - - [15/Jul/2022:05:57:16 +0000] "GET //xmlrpc.php?rsd HTTP/1.1" 404 2699 "-" "Mozilla/5.0 (Windows NT 10.0; Win64; x64) AppleWebKit/537.36 (KHTML, like Gecko) Chrome/78.0.3904.108 Safari/537.36"
159.223.63.89 - - [15/Jul/2022:05:57:17 +0000] "GET / HTTP/1.1" 404 2647 "-" "Mozilla/5.0 (Windows NT 10.0; Win64; x64) AppleWebKit/537.36 (KHTML, like Gecko) Chrome/78.0.3904.108 Safari/537.36"
159.223.63.89 - - [15/Jul/2022:05:57:17 +0000] "GET //blog/wp-includes/wlwmanifest.xml HTTP/1.1" 404 2761 "-" "Mozilla/5.0 (Windows NT 10.0; Win64; x64) AppleWebKit/537.36 (KHTML, like Gecko) Chrome/78.0.3904.108 Safari/537.36"
159.223.63.89 - - [15/Jul/2022:05:57:17 +0000] "GET //web/wp-includes/wlwmanifest.xml HTTP/1.1" 404 2758 "-" "Mozilla/5.0 (Windows NT 10.0; Win64; x64) AppleWebKit/537.36 (KHTML, like Gecko) Chrome/78.0.3904.108 Safari/537.36"
159.223.63.89 - - [15/Jul/2022:05:57:18 +0000] "GET //wordpress/wp-includes/wlwmanifest.xml HTTP/1.1" 404 2776 "-" "Mozilla/5.0 (Windows NT 10.0; Win64; x64) AppleWebKit/537.36 (KHTML, like Gecko) Chrome/78.0.3904.108 Safari/537.36"
159.223.63.89 - - [15/Jul/2022:05:57:18 +0000] "GET //website/wp-includes/wlwmanifest.xml HTTP/1.1" 404 2770 "-" "Mozilla/5.0 (Windows NT 10.0; Win64; x64) AppleWebKit/537.36 (KHTML, like Gecko) Chrome/78.0.3904.108 Safari/537.36"
159.223.63.89 - - [15/Jul/2022:05:57:18 +0000] "GET //wp/wp-includes/wlwmanifest.xml HTTP/1.1" 404 2755 "-" "Mozilla/5.0 (Windows NT 10.0; Win64; x64) AppleWebKit/537.36 (KHTML, like Gecko) Chrome/78.0.3904.108 Safari/537.36"
159.223.63.89 - - [15/Jul/2022:05:57:18 +0000] "GET //news/wp-includes/wlwmanifest.xml HTTP/1.1" 404 2761 "-" "Mozilla/5.0 (Windows NT 10.0; Win64; x64) AppleWebKit/537.36 (KHTML, like Gecko) Chrome/78.0.3904.108 Safari/537.36"
159.223.63.89 - - [15/Jul/2022:05:57:19 +0000] "GET //2018/wp-includes/wlwmanifest.xml HTTP/1.1" 404 2761 "-" "Mozilla/5.0 (Windows NT 10.0; Win64; x64) AppleWebKit/537.36 (KHTML, like Gecko) Chrome/78.0.3904.108 Safari/537.36"
159.223.63.89 - - [15/Jul/2022:05:57:19 +0000] "GET //2019/wp-includes/wlwmanifest.xml HTTP/1.1" 404 2761 "-" "Mozilla/5.0 (Windows NT 10.0; Win64; x64) AppleWebKit/537.36 (KHTML, like Gecko) Chrome/78.0.3904.108 Safari/537.36"
159.223.63.89 - - [15/Jul/2022:05:57:19 +0000] "GET //shop/wp-includes/wlwmanifest.xml HTTP/1.1" 404 2761 "-" "Mozilla/5.0 (Windows NT 10.0; Win64; x64) AppleWebKit/537.36 (KHTML, like Gecko) Chrome/78.0.3904.108 Safari/537.36"
159.223.63.89 - - [15/Jul/2022:05:57:20 +0000] "GET //wp1/wp-includes/wlwmanifest.xml HTTP/1.1" 404 2758 "-" "Mozilla/5.0 (Windows NT 10.0; Win64; x64) AppleWebKit/537.36 (KHTML, like Gecko) Chrome/78.0.3904.108 Safari/537.36"
159.223.63.89 - - [15/Jul/2022:05:57:20 +0000] "GET //test/wp-includes/wlwmanifest.xml HTTP/1.1" 404 2761 "-" "Mozilla/5.0 (Windows NT 10.0; Win64; x64) AppleWebKit/537.36 (KHTML, like Gecko) Chrome/78.0.3904.108 Safari/537.36"
159.223.63.89 - - [15/Jul/2022:05:57:20 +0000] "GET //media/wp-includes/wlwmanifest.xml HTTP/1.1" 404 2972 "-" "Mozilla/5.0 (Windows NT 10.0; Win64; x64) AppleWebKit/537.36 (KHTML, like Gecko) Chrome/78.0.3904.108 Safari/537.36"
159.223.63.89 - - [15/Jul/2022:05:57:20 +0000] "GET //wp2/wp-includes/wlwmanifest.xml HTTP/1.1" 404 2758 "-" "Mozilla/5.0 (Windows NT 10.0; Win64; x64) AppleWebKit/537.36 (KHTML, like Gecko) Chrome/78.0.3904.108 Safari/537.36"
159.223.63.89 - - [15/Jul/2022:05:57:21 +0000] "GET //site/wp-includes/wlwmanifest.xml HTTP/1.1" 404 2761 "-" "Mozilla/5.0 (Windows NT 10.0; Win64; x64) AppleWebKit/537.36 (KHTML, like Gecko) Chrome/78.0.3904.108 Safari/537.36"
159.223.63.89 - - [15/Jul/2022:05:57:21 +0000] "GET //cms/wp-includes/wlwmanifest.xml HTTP/1.1" 404 2758 "-" "Mozilla/5.0 (Windows NT 10.0; Win64; x64) AppleWebKit/537.36 (KHTML, like Gecko) Chrome/78.0.3904.108 Safari/537.36"
159.223.63.89 - - [15/Jul/2022:05:57:21 +0000] "GET //sito/wp-includes/wlwmanifest.xml HTTP/1.1" 404 2761 "-" "Mozilla/5.0 (Windows NT 10.0; Win64; x64) AppleWebKit/537.36 (KHTML, like Gecko) Chrome/78.0.3904.108 Safari/537.36"
185.142.236.41 - - [15/Jul/2022:06:03:30 +0000] "GET / HTTP/1.1" 404 7854 "-" "Mozilla/5.0 (X11; Linux x86_64) AppleWebKit/537.36 (KHTML, like Gecko) Chrome/98.0.4758.102 Safari/537.36"
185.142.236.41 - - [15/Jul/2022:06:03:36 +0000] "\n" 400 5757 "-" "-"
185.142.236.41 - - [15/Jul/2022:06:03:37 +0000] "\n" 400 6195 "-" "-"
185.142.236.41 - - [15/Jul/2022:06:03:37 +0000] "\n" 400 5786 "-" "-"
185.142.236.41 - - [15/Jul/2022:06:03:37 +0000] "\n" 400 5786 "-" "-"
185.142.236.41 - - [15/Jul/2022:06:03:41 +0000] "GET /robots.txt HTTP/1.1" 404 7902 "-" "-"
185.142.236.41 - - [15/Jul/2022:06:03:42 +0000] "GET /sitemap.xml HTTP/1.1" 404 7905 "-" "-"
185.142.236.41 - - [15/Jul/2022:06:03:42 +0000] "GET /.well-known/security.txt HTTP/1.1" 404 7944 "-" "-"
185.142.236.41 - - [15/Jul/2022:06:03:45 +0000] "GET /favicon.ico HTTP/1.1" 404 8410 "-" "Mozilla/5.0 (Macintosh; Intel Mac OS X 10.15; rv:80.0) Gecko/20100101 Firefox/80.0"
185.142.236.41 - - [15/Jul/2022:06:03:45 +0000] "\n" 400 6228 "-" "-"
130.211.54.158 - - [15/Jul/2022:06:04:49 +0000] "GET / HTTP/1.0" 400 629 "-" "-"
221.2.163.231 - - [15/Jul/2022:06:32:46 +0000] "GET / HTTP/1.0" 400 629 "-" "-"
212.71.235.76 - - [15/Jul/2022:06:40:39 +0000] "GET / HTTP/1.1" 404 8389 "-" "Mozilla/5.0 (Windows NT 6.1; WOW64; rv:8.0) Gecko/20100101 Firefox/8.0"
65.21.206.42 - - [15/Jul/2022:07:09:45 +0000] "GET / HTTP/1.1" 404 8340 "-" "Mozilla/5.0 (Windows NT 10.0; Win64; x64) AppleWebKit/537.36 (KHTML, like Gecko) Chrome/91.0.4472.114 Safari/537.36 Edg/91.0.864.54"
176.58.126.172 - - [15/Jul/2022:07:13:03 +0000] "GET / HTTP/1.1" 404 8352 "-" "Mozilla/5.0 (Windows NT 6.1; WOW64; rv:8.0) Gecko/20100101 Firefox/8.0"
193.118.53.210 - - [15/Jul/2022:07:24:00 +0000] "GET / HTTP/1.1" 404 7742 "-" "Mozilla/5.0 (Windows NT 10.0; Win64; x64) AppleWebKit/537.36 (KHTML, like Gecko) Chrome/60.0.3112.113 Safari/537.36"
128.14.141.34 - - [15/Jul/2022:07:33:36 +0000] "GET / HTTP/1.1" 404 7742 "-" "Mozilla/5.0 (Windows NT 10.0; Win64; x64) AppleWebKit/537.36 (KHTML, like Gecko) Chrome/60.0.3112.113 Safari/537.36"
43.156.25.237 - - [15/Jul/2022:07:37:30 +0000] "GET / HTTP/1.1" 404 7675 "-" "'Mozilla/5.0 (Windows NT 10.0; Win64; x64; rv:101.0) Gecko/20100101 Firefox/101.0'"
185.7.214.104 - - [15/Jul/2022:07:52:20 +0000] "POST /mifs/.;/services/LogService HTTP/1.1" 404 8333 "https://65.108.155.145:443" "Mozilla/5.0 (Windows NT 10.0; Win64; x64) AppleWebKit/537.36 (KHTML, like Gecko) Chrome/78.0.3904.108 Safari/537.36"
130.255.166.120 - - [15/Jul/2022:08:34:55 +0000] "GET /robots.txt HTTP/1.1" 404 8328 "http://langlibclub.com/robots.txt" "Mozilla/5.0 (Macintosh; Intel Mac OS X 10_13_6) AppleWebKit/537.36 (KHTML, like Gecko) Chrome/91.0.4472.114 Safari/537.36"
130.255.166.90 - - [15/Jul/2022:08:34:55 +0000] "GET /humans.txt HTTP/1.1" 404 8344 "http://langlibclub.com/humans.txt" "Mozilla/5.0 (Macintosh; Intel Mac OS X 10_13_6) AppleWebKit/537.36 (KHTML, like Gecko) Chrome/91.0.4472.114 Safari/537.36"
130.255.166.115 - - [15/Jul/2022:08:34:55 +0000] "GET /ads.txt HTTP/1.1" 404 8319 "http://langlibclub.com/ads.txt" "Mozilla/5.0 (Macintosh; Intel Mac OS X 10_13_6) AppleWebKit/537.36 (KHTML, like Gecko) Chrome/91.0.4472.114 Safari/537.36"
130.255.166.69 - - [15/Jul/2022:08:34:55 +0000] "GET / HTTP/1.1" 404 8264 "http://langlibclub.com/" "Mozilla/5.0 (Macintosh; Intel Mac OS X 10_13_6) AppleWebKit/537.36 (KHTML, like Gecko) Chrome/91.0.4472.114 Safari/537.36"
128.1.248.26 - - [15/Jul/2022:09:09:45 +0000] "GET / HTTP/1.1" 404 7742 "-" "Mozilla/5.0 (Windows NT 10.0; Win64; x64) AppleWebKit/537.36 (KHTML, like Gecko) Chrome/60.0.3112.113 Safari/537.36"
192.241.221.43 - - [15/Jul/2022:09:18:37 +0000] "GET /owa/auth/x.js HTTP/1.1" 404 7732 "-" "Mozilla/5.0 zgrab/0.x"
192.241.221.14 - - [15/Jul/2022:09:21:30 +0000] "GET /ecp/Current/exporttool/microsoft.exchange.ediscovery.exporttool.application HTTP/1.1" 404 7918 "-" "Mozilla/5.0 zgrab/0.x"
192.241.213.19 - - [15/Jul/2022:09:22:14 +0000] "GET /owa/auth/logon.aspx HTTP/1.1" 404 7750 "-" "Mozilla/5.0 zgrab/0.x"
143.92.32.136 - - [15/Jul/2022:09:29:52 +0000] "GET / HTTP/1.1" 404 8257 "-" "Mozilla/5.0 (Windows NT 10.0; Win64; x64) AppleWebKit/537.36 (KHTML, like Gecko) Chrome/74.0.3729.169 Safari/537.36"
221.2.163.231 - - [15/Jul/2022:09:30:31 +0000] "GET / HTTP/1.1" 404 7675 "-" "Mozilla/5.0"
65.49.20.66 - - [15/Jul/2022:09:42:08 +0000] "GET / HTTP/1.1" 404 7680 "http://65.108.155.145/" "Mozilla/5.0 zgrab/0.x"
213.32.122.82 - - [15/Jul/2022:10:29:59 +0000] "GET / HTTP/1.1" 404 8379 "-" "Mozilla/5.0 (Windows NT 6.1) AppleWebKit/537.36 (KHTML, like Gecko) Chrome/41.0.2228.0 Safari/537.36"
167.172.73.108 - - [15/Jul/2022:10:50:19 +0000] "GET / HTTP/1.1" 404 7931 "-" "Mozilla/5.0 (Windows NT 10.0; Win64; x64) AppleWebKit/537.36 (KHTML, like Gecko) Chrome/95.0.4638.69 Safari/537.36"
167.172.73.108 - - [15/Jul/2022:10:50:19 +0000] "GET //feed/ HTTP/1.1" 404 2680 "-" "Mozilla/5.0 (Windows NT 10.0; Win64; x64) AppleWebKit/537.36 (KHTML, like Gecko) Chrome/95.0.4638.69 Safari/537.36"
167.172.73.108 - - [15/Jul/2022:10:50:20 +0000] "GET //xmlrpc.php?rsd HTTP/1.1" 404 2699 "-" "Mozilla/5.0 (Windows NT 10.0; Win64; x64) AppleWebKit/537.36 (KHTML, like Gecko) Chrome/95.0.4638.69 Safari/537.36"
167.172.73.108 - - [15/Jul/2022:10:50:20 +0000] "GET //blog/wp-includes/wlwmanifest.xml HTTP/1.1" 404 2761 "-" "Mozilla/5.0 (Windows NT 10.0; Win64; x64) AppleWebKit/537.36 (KHTML, like Gecko) Chrome/95.0.4638.69 Safari/537.36"
167.172.73.108 - - [15/Jul/2022:10:50:20 +0000] "GET //web/wp-includes/wlwmanifest.xml HTTP/1.1" 404 2758 "-" "Mozilla/5.0 (Windows NT 10.0; Win64; x64) AppleWebKit/537.36 (KHTML, like Gecko) Chrome/95.0.4638.69 Safari/537.36"
167.172.73.108 - - [15/Jul/2022:10:50:21 +0000] "GET //wordpress/wp-includes/wlwmanifest.xml HTTP/1.1" 404 2776 "-" "Mozilla/5.0 (Windows NT 10.0; Win64; x64) AppleWebKit/537.36 (KHTML, like Gecko) Chrome/95.0.4638.69 Safari/537.36"
167.172.73.108 - - [15/Jul/2022:10:50:21 +0000] "GET //wp/wp-includes/wlwmanifest.xml HTTP/1.1" 404 2755 "-" "Mozilla/5.0 (Windows NT 10.0; Win64; x64) AppleWebKit/537.36 (KHTML, like Gecko) Chrome/95.0.4638.69 Safari/537.36"
167.172.73.108 - - [15/Jul/2022:10:50:21 +0000] "GET //2020/wp-includes/wlwmanifest.xml HTTP/1.1" 404 2761 "-" "Mozilla/5.0 (Windows NT 10.0; Win64; x64) AppleWebKit/537.36 (KHTML, like Gecko) Chrome/95.0.4638.69 Safari/537.36"
167.172.73.108 - - [15/Jul/2022:10:50:22 +0000] "GET //2019/wp-includes/wlwmanifest.xml HTTP/1.1" 404 2761 "-" "Mozilla/5.0 (Windows NT 10.0; Win64; x64) AppleWebKit/537.36 (KHTML, like Gecko) Chrome/95.0.4638.69 Safari/537.36"
167.172.73.108 - - [15/Jul/2022:10:50:22 +0000] "GET //2021/wp-includes/wlwmanifest.xml HTTP/1.1" 404 2761 "-" "Mozilla/5.0 (Windows NT 10.0; Win64; x64) AppleWebKit/537.36 (KHTML, like Gecko) Chrome/95.0.4638.69 Safari/537.36"
167.172.73.108 - - [15/Jul/2022:10:50:22 +0000] "GET //shop/wp-includes/wlwmanifest.xml HTTP/1.1" 404 2761 "-" "Mozilla/5.0 (Windows NT 10.0; Win64; x64) AppleWebKit/537.36 (KHTML, like Gecko) Chrome/95.0.4638.69 Safari/537.36"
167.172.73.108 - - [15/Jul/2022:10:50:22 +0000] "GET //wp1/wp-includes/wlwmanifest.xml HTTP/1.1" 404 2758 "-" "Mozilla/5.0 (Windows NT 10.0; Win64; x64) AppleWebKit/537.36 (KHTML, like Gecko) Chrome/95.0.4638.69 Safari/537.36"
167.172.73.108 - - [15/Jul/2022:10:50:23 +0000] "GET //test/wp-includes/wlwmanifest.xml HTTP/1.1" 404 2761 "-" "Mozilla/5.0 (Windows NT 10.0; Win64; x64) AppleWebKit/537.36 (KHTML, like Gecko) Chrome/95.0.4638.69 Safari/537.36"
167.172.73.108 - - [15/Jul/2022:10:50:23 +0000] "GET //site/wp-includes/wlwmanifest.xml HTTP/1.1" 404 2761 "-" "Mozilla/5.0 (Windows NT 10.0; Win64; x64) AppleWebKit/537.36 (KHTML, like Gecko) Chrome/95.0.4638.69 Safari/537.36"
167.172.73.108 - - [15/Jul/2022:10:50:23 +0000] "GET //cms/wp-includes/wlwmanifest.xml HTTP/1.1" 404 2758 "-" "Mozilla/5.0 (Windows NT 10.0; Win64; x64) AppleWebKit/537.36 (KHTML, like Gecko) Chrome/95.0.4638.69 Safari/537.36"
91.108.6.111 - - [15/Jul/2022:10:52:23 +0000] "POST /dead_morozxc/bot/process-new-updates/ HTTP/1.1" 200 6176 "-" "-"
91.108.6.111 - - [15/Jul/2022:10:52:25 +0000] "POST /dead_morozxc/bot/process-new-updates/ HTTP/1.1" 200 6160 "-" "-"
91.108.6.111 - - [15/Jul/2022:10:52:50 +0000] "-" 408 5715 "-" "-"
91.108.6.111 - - [15/Jul/2022:10:52:52 +0000] "POST /dead_morozxc/bot/process-new-updates/ HTTP/1.1" 200 6160 "-" "-"
91.108.6.111 - - [15/Jul/2022:10:53:17 +0000] "-" 408 5731 "-" "-"
91.108.6.111 - - [15/Jul/2022:11:00:26 +0000] "POST /dead_morozxc/bot/process-new-updates/ HTTP/1.1" 200 6160 "-" "-"
91.108.6.111 - - [15/Jul/2022:11:00:27 +0000] "POST /dead_morozxc/bot/process-new-updates/ HTTP/1.1" 200 6176 "-" "-"
91.108.6.111 - - [15/Jul/2022:11:00:35 +0000] "POST /dead_morozxc/bot/process-new-updates/ HTTP/1.1" 200 6144 "-" "-"
91.108.6.111 - - [15/Jul/2022:11:00:40 +0000] "POST /dead_morozxc/bot/process-new-updates/ HTTP/1.1" 200 428 "-" "-"
91.108.6.111 - - [15/Jul/2022:11:00:51 +0000] "POST /dead_morozxc/bot/process-new-updates/ HTTP/1.1" 200 6144 "-" "-"
91.108.6.111 - - [15/Jul/2022:11:01:02 +0000] "POST /dead_morozxc/bot/process-new-updates/ HTTP/1.1" 200 6176 "-" "-"
91.108.6.111 - - [15/Jul/2022:11:01:23 +0000] "POST /dead_morozxc/bot/process-new-updates/ HTTP/1.1" 200 6144 "-" "-"
91.108.6.111 - - [15/Jul/2022:11:01:25 +0000] "POST /dead_morozxc/bot/process-new-updates/ HTTP/1.1" 200 428 "-" "-"
91.108.6.111 - - [15/Jul/2022:11:01:50 +0000] "-" 408 5731 "-" "-"
91.108.6.111 - - [15/Jul/2022:11:21:29 +0000] "POST /dead_morozxc/bot/process-new-updates/ HTTP/1.1" 200 6160 "-" "-"
91.108.6.111 - - [15/Jul/2022:11:21:32 +0000] "POST /dead_morozxc/bot/process-new-updates/ HTTP/1.1" 200 428 "-" "-"
91.108.6.111 - - [15/Jul/2022:11:21:47 +0000] "POST /dead_morozxc/bot/process-new-updates/ HTTP/1.1" 200 6160 "-" "-"
91.108.6.111 - - [15/Jul/2022:11:21:56 +0000] "POST /dead_morozxc/bot/process-new-updates/ HTTP/1.1" 200 6144 "-" "-"
91.108.6.111 - - [15/Jul/2022:11:22:09 +0000] "POST /dead_morozxc/bot/process-new-updates/ HTTP/1.1" 200 6176 "-" "-"
91.108.6.111 - - [15/Jul/2022:11:22:18 +0000] "POST /dead_morozxc/bot/process-new-updates/ HTTP/1.1" 200 6160 "-" "-"
91.108.6.111 - - [15/Jul/2022:11:22:20 +0000] "POST /dead_morozxc/bot/process-new-updates/ HTTP/1.1" 200 428 "-" "-"
91.108.6.111 - - [15/Jul/2022:11:22:45 +0000] "-" 408 5731 "-" "-"
128.1.248.42 - - [15/Jul/2022:11:28:02 +0000] "GET / HTTP/1.1" 404 7680 "http://65.108.155.145/" "Mozilla/5.0 (Windows NT 10.0; Win64; x64) AppleWebKit/537.36 (KHTML, like Gecko) Chrome/60.0.3112.113 Safari/537.36"
198.235.24.128 - - [15/Jul/2022:11:40:15 +0000] "GET / HTTP/1.1" 404 7680 "-" "Expanse, a Palo Alto Networks company, searches across the global IPv4 space multiple times per day to identify customers&#39; presences on the Internet. If you would like to be excluded from our scans, please send IP addresses/domains to: scaninfo@paloaltonetworks.com"
185.7.214.104 - - [15/Jul/2022:12:24:31 +0000] "GET /vendor/phpunit/phpunit/src/Util/PHP/eval-stdin.php HTTP/1.1" 404 8464 "http://65.108.155.145:80/vendor/phpunit/phpunit/src/Util/PHP/eval-stdin.php" "Mozilla/5.0 (Windows NT 10.0; Win64; x64) AppleWebKit/537.36 (KHTML, like Gecko) Chrome/78.0.3904.108 Safari/537.36"
92.118.160.29 - - [15/Jul/2022:12:30:36 +0000] "GET / HTTP/1.1" 404 7680 "http://65.108.155.145:80/" "NetSystemsResearch studies the availability of various services across the internet. Our website is netsystemsresearch.com"
185.180.143.135 - - [15/Jul/2022:12:40:13 +0000] "GET / HTTP/1.1" 404 7742 "-" "Mozilla/5.0 (Windows NT 10.0; Win64; x64) AppleWebKit/537.36 (KHTML, like Gecko) Chrome/60.0.3112.113 Safari/537.36"
205.185.122.184 - - [15/Jul/2022:12:48:40 +0000] "GET / HTTP/1.1" 404 8333 "http://65.108.155.145" "Mozilla/5.0 (Macintosh; Intel Mac OS X 10_15_7) AppleWebKit/537.36 (KHTML, like Gecko) Chrome/96.0.4664.110 Safari/537.36"
205.185.122.184 - - [15/Jul/2022:12:48:43 +0000] "GET /favicon.ico HTTP/1.1" 404 2684 "http://65.108.155.145/favicon.ico" "Mozilla/5.0 (Macintosh; Intel Mac OS X 10_15_7) AppleWebKit/537.36 (KHTML, like Gecko) Chrome/96.0.4664.110 Safari/537.36"
185.7.214.104 - - [15/Jul/2022:13:26:41 +0000] "GET /vendor/phpunit/phpunit/src/Util/PHP/eval-stdin.php HTTP/1.1" 404 8448 "http://65.108.155.145:80/vendor/phpunit/phpunit/src/Util/PHP/eval-stdin.php" "Mozilla/5.0 (Windows NT 10.0; Win64; x64) AppleWebKit/537.36 (KHTML, like Gecko) Chrome/78.0.3904.108 Safari/537.36"
91.108.6.111 - - [15/Jul/2022:13:44:34 +0000] "POST /dead_morozxc/bot/process-new-updates/ HTTP/1.1" 200 6144 "-" "-"
91.108.6.111 - - [15/Jul/2022:13:44:36 +0000] "POST /dead_morozxc/bot/process-new-updates/ HTTP/1.1" 200 6160 "-" "-"
91.108.6.111 - - [15/Jul/2022:13:44:39 +0000] "POST /dead_morozxc/bot/process-new-updates/ HTTP/1.1" 200 428 "-" "-"
91.108.6.111 - - [15/Jul/2022:13:44:43 +0000] "POST /dead_morozxc/bot/process-new-updates/ HTTP/1.1" 200 428 "-" "-"
91.108.6.111 - - [15/Jul/2022:13:44:44 +0000] "POST /dead_morozxc/bot/process-new-updates/ HTTP/1.1" 200 428 "-" "-"
91.108.6.111 - - [15/Jul/2022:13:45:10 +0000] "-" 408 5731 "-" "-"
91.108.6.111 - - [15/Jul/2022:13:48:51 +0000] "POST /dead_morozxc/bot/process-new-updates/ HTTP/1.1" 500 166158 "-" "-"
91.108.6.111 - - [15/Jul/2022:13:48:54 +0000] "POST /dead_morozxc/bot/process-new-updates/ HTTP/1.1" 500 166174 "-" "-"
91.108.6.111 - - [15/Jul/2022:13:48:58 +0000] "POST /dead_morozxc/bot/process-new-updates/ HTTP/1.1" 500 166174 "-" "-"
91.108.6.111 - - [15/Jul/2022:13:49:06 +0000] "POST /dead_morozxc/bot/process-new-updates/ HTTP/1.1" 500 166174 "-" "-"
91.108.6.111 - - [15/Jul/2022:13:49:23 +0000] "POST /dead_morozxc/bot/process-new-updates/ HTTP/1.1" 500 166158 "-" "-"
91.108.6.111 - - [15/Jul/2022:13:49:55 +0000] "POST /dead_morozxc/bot/process-new-updates/ HTTP/1.1" 200 6160 "-" "-"
91.108.6.111 - - [15/Jul/2022:13:49:56 +0000] "POST /dead_morozxc/bot/process-new-updates/ HTTP/1.1" 200 6144 "-" "-"
91.108.6.111 - - [15/Jul/2022:13:49:57 +0000] "POST /dead_morozxc/bot/process-new-updates/ HTTP/1.1" 200 428 "-" "-"
91.108.6.111 - - [15/Jul/2022:13:50:00 +0000] "POST /dead_morozxc/bot/process-new-updates/ HTTP/1.1" 200 428 "-" "-"
91.108.6.111 - - [15/Jul/2022:13:50:05 +0000] "POST /dead_morozxc/bot/process-new-updates/ HTTP/1.1" 200 428 "-" "-"
91.108.6.111 - - [15/Jul/2022:13:50:08 +0000] "POST /dead_morozxc/bot/process-new-updates/ HTTP/1.1" 200 428 "-" "-"
91.108.6.111 - - [15/Jul/2022:13:50:13 +0000] "POST /dead_morozxc/bot/process-new-updates/ HTTP/1.1" 200 428 "-" "-"
91.108.6.111 - - [15/Jul/2022:13:50:38 +0000] "-" 408 5747 "-" "-"
193.56.29.120 - - [15/Jul/2022:14:00:45 +0000] "GET /.env HTTP/1.1" 404 8342 "-" "Mozilla/5.0 (X11; Linux x86_64) AppleWebKit/537.36 (KHTML, like Gecko) Chrome/81.0.4044.129 Safari/537.36"
193.56.29.120 - - [15/Jul/2022:14:00:46 +0000] "POST / HTTP/1.1" 404 8313 "-" "Mozilla/5.0 (X11; Linux x86_64) AppleWebKit/537.36 (KHTML, like Gecko) Chrome/81.0.4044.129 Safari/537.36"
185.7.214.104 - - [15/Jul/2022:14:35:59 +0000] "GET /solr/admin/info/system?wt=json HTTP/1.1" 404 8372 "http://65.108.155.145:80/solr/admin/info/system?wt=json" "Mozilla/5.0 (Windows NT 10.0; Win64; x64) AppleWebKit/537.36 (KHTML, like Gecko) Chrome/78.0.3904.108 Safari/537.36"
2.56.57.132 - - [15/Jul/2022:14:42:34 +0000] "GET / HTTP/1.1" 404 7931 "-" "Mozilla/5.0 (Windows NT 10.0; Win64; x64) AppleWebKit/537.36 (KHTML, like Gecko) Chrome/79.0 Safari/537.36"
2.56.57.132 - - [15/Jul/2022:14:42:34 +0000] "GET //wp-includes/wlwmanifest.xml HTTP/1.1" 404 2746 "-" "Mozilla/5.0 (Windows NT 10.0; Win64; x64) AppleWebKit/537.36 (KHTML, like Gecko) Chrome/79.0 Safari/537.36"
2.56.57.132 - - [15/Jul/2022:14:42:34 +0000] "GET //xmlrpc.php?rsd HTTP/1.1" 404 2699 "-" "Mozilla/5.0 (Windows NT 10.0; Win64; x64) AppleWebKit/537.36 (KHTML, like Gecko) Chrome/79.0 Safari/537.36"
2.56.57.132 - - [15/Jul/2022:14:42:34 +0000] "GET / HTTP/1.1" 404 2647 "-" "Mozilla/5.0 (Windows NT 10.0; Win64; x64) AppleWebKit/537.36 (KHTML, like Gecko) Chrome/79.0 Safari/537.36"
2.56.57.132 - - [15/Jul/2022:14:42:34 +0000] "GET //blog/wp-includes/wlwmanifest.xml HTTP/1.1" 404 2761 "-" "Mozilla/5.0 (Windows NT 10.0; Win64; x64) AppleWebKit/537.36 (KHTML, like Gecko) Chrome/79.0 Safari/537.36"
2.56.57.132 - - [15/Jul/2022:14:42:34 +0000] "GET //web/wp-includes/wlwmanifest.xml HTTP/1.1" 404 2758 "-" "Mozilla/5.0 (Windows NT 10.0; Win64; x64) AppleWebKit/537.36 (KHTML, like Gecko) Chrome/79.0 Safari/537.36"
2.56.57.132 - - [15/Jul/2022:14:42:34 +0000] "GET //wordpress/wp-includes/wlwmanifest.xml HTTP/1.1" 404 2776 "-" "Mozilla/5.0 (Windows NT 10.0; Win64; x64) AppleWebKit/537.36 (KHTML, like Gecko) Chrome/79.0 Safari/537.36"
2.56.57.132 - - [15/Jul/2022:14:42:34 +0000] "GET //website/wp-includes/wlwmanifest.xml HTTP/1.1" 404 2770 "-" "Mozilla/5.0 (Windows NT 10.0; Win64; x64) AppleWebKit/537.36 (KHTML, like Gecko) Chrome/79.0 Safari/537.36"
2.56.57.132 - - [15/Jul/2022:14:42:35 +0000] "GET //wp/wp-includes/wlwmanifest.xml HTTP/1.1" 404 2755 "-" "Mozilla/5.0 (Windows NT 10.0; Win64; x64) AppleWebKit/537.36 (KHTML, like Gecko) Chrome/79.0 Safari/537.36"
2.56.57.132 - - [15/Jul/2022:14:42:35 +0000] "GET //news/wp-includes/wlwmanifest.xml HTTP/1.1" 404 2761 "-" "Mozilla/5.0 (Windows NT 10.0; Win64; x64) AppleWebKit/537.36 (KHTML, like Gecko) Chrome/79.0 Safari/537.36"
2.56.57.132 - - [15/Jul/2022:14:42:35 +0000] "GET //wp1/wp-includes/wlwmanifest.xml HTTP/1.1" 404 2758 "-" "Mozilla/5.0 (Windows NT 10.0; Win64; x64) AppleWebKit/537.36 (KHTML, like Gecko) Chrome/79.0 Safari/537.36"
2.56.57.132 - - [15/Jul/2022:14:42:35 +0000] "GET //test/wp-includes/wlwmanifest.xml HTTP/1.1" 404 2761 "-" "Mozilla/5.0 (Windows NT 10.0; Win64; x64) AppleWebKit/537.36 (KHTML, like Gecko) Chrome/79.0 Safari/537.36"
2.56.57.132 - - [15/Jul/2022:14:42:35 +0000] "GET //wp2/wp-includes/wlwmanifest.xml HTTP/1.1" 404 2758 "-" "Mozilla/5.0 (Windows NT 10.0; Win64; x64) AppleWebKit/537.36 (KHTML, like Gecko) Chrome/79.0 Safari/537.36"
2.56.57.132 - - [15/Jul/2022:14:42:35 +0000] "GET //site/wp-includes/wlwmanifest.xml HTTP/1.1" 404 2761 "-" "Mozilla/5.0 (Windows NT 10.0; Win64; x64) AppleWebKit/537.36 (KHTML, like Gecko) Chrome/79.0 Safari/537.36"
2.56.57.132 - - [15/Jul/2022:14:42:35 +0000] "GET //cms/wp-includes/wlwmanifest.xml HTTP/1.1" 404 2758 "-" "Mozilla/5.0 (Windows NT 10.0; Win64; x64) AppleWebKit/537.36 (KHTML, like Gecko) Chrome/79.0 Safari/537.36"
2.56.57.132 - - [15/Jul/2022:14:42:35 +0000] "GET //sito/wp-includes/wlwmanifest.xml HTTP/1.1" 404 2761 "-" "Mozilla/5.0 (Windows NT 10.0; Win64; x64) AppleWebKit/537.36 (KHTML, like Gecko) Chrome/79.0 Safari/537.36"
185.7.214.104 - - [15/Jul/2022:15:04:49 +0000] "GET /index.php?s=/Index/\\think\\app/invokefunction&function=call_user_func_array&vars[0]=md5&vars[1][]=HelloThinkPHP21 HTTP/1.1" 404 8428 "http://65.108.155.145:80/index.php?s=/Index/\\think\\app/invokefunction&function=call_user_func_array&vars[0]=md5&vars[1][]=HelloThinkPHP21" "Mozilla/5.0 (Windows NT 10.0; Win64; x64) AppleWebKit/537.36 (KHTML, like Gecko) Chrome/78.0.3904.108 Safari/537.36"
143.92.32.136 - - [15/Jul/2022:15:16:06 +0000] "GET /arttype/ HTTP/1.1" 404 8334 "http://65.108.155.145:80/arttype/" "Mozilla/5.0 (Windows NT 10.0; Win64; x64) AppleWebKit/537.36 (KHTML, like Gecko) Chrome/74.0.3729.169 Safari/537.36"
44.236.207.248 - - [15/Jul/2022:15:20:39 +0000] "GET / HTTP/1.1" 404 8348 "-" "Mozilla/5.0 (X11; Linux x86_64) AppleWebKit/537.36 (KHTML, like Gecko) Chrome/102.0.5005.115 Safari/537.36"
106.75.247.151 - - [15/Jul/2022:15:22:16 +0000] "GET / HTTP/1.0" 404 8231 "-" "-"
92.255.85.112 - - [15/Jul/2022:15:52:18 +0000] "GET /remote/fgt_lang?lang=/../../../..//////////dev/cmdb/sslvpn_websession HTTP/1.1" 404 8396 "-" "Python-urllib/3.8"
107.189.31.212 - - [15/Jul/2022:16:08:24 +0000] "GET / HTTP/1.1" 404 8275 "-" "Mozilla/5.0 (Windows NT 10.0; Win64; x64) AppleWebKit/537.36 (KHTML, like Gecko) Chrome/94.0.4606.61 Safari/537.36"
107.189.31.212 - - [15/Jul/2022:16:08:25 +0000] "GET /WuEL HTTP/1.1" 404 8342 "-" "Mozilla/5.0 (compatible; MSIE 9.0; Windows NT 6.1; Trident/5.0; ; NCLIENT50_AAPCDA5841E333)"
107.189.31.212 - - [15/Jul/2022:16:08:31 +0000] "GET /a HTTP/1.1" 404 8296 "-" "Mozilla/5.0 (Windows NT 10.0; Win64; x64) AppleWebKit/537.36 (KHTML, like Gecko) Chrome/94.0.4606.61 Safari/537.36"
107.189.31.212 - - [15/Jul/2022:16:08:32 +0000] "GET /download/file.ext HTTP/1.1" 404 8344 "-" "Mozilla/5.0 (Windows NT 10.0; Win64; x64) AppleWebKit/537.36 (KHTML, like Gecko) Chrome/94.0.4606.61 Safari/537.36"
107.189.31.212 - - [15/Jul/2022:16:08:33 +0000] "GET /SiteLoader HTTP/1.1" 404 8323 "-" "Mozilla/5.0 (Windows NT 10.0; Win64; x64) AppleWebKit/537.36 (KHTML, like Gecko) Chrome/94.0.4606.61 Safari/537.36"
107.189.31.212 - - [15/Jul/2022:16:08:34 +0000] "GET /mPlayer HTTP/1.1" 404 8314 "-" "Mozilla/5.0 (Windows NT 10.0; Win64; x64) AppleWebKit/537.36 (KHTML, like Gecko) Chrome/94.0.4606.61 Safari/537.36"
209.141.51.222 - - [15/Jul/2022:16:36:00 +0000] "GET / HTTP/1.1" 404 8301 "http://65.108.155.145" "Mozilla/5.0 (Macintosh; Intel Mac OS X 10_15_7) AppleWebKit/537.36 (KHTML, like Gecko) Chrome/96.0.4664.110 Safari/537.36"
209.141.51.222 - - [15/Jul/2022:16:36:04 +0000] "GET /favicon.ico HTTP/1.1" 404 2684 "http://65.108.155.145/favicon.ico" "Mozilla/5.0 (Macintosh; Intel Mac OS X 10_15_7) AppleWebKit/537.36 (KHTML, like Gecko) Chrome/96.0.4664.110 Safari/537.36"
185.7.214.104 - - [15/Jul/2022:16:56:36 +0000] "GET /?XDEBUG_SESSION_START=phpstorm HTTP/1.1" 404 8310 "http://65.108.155.145:80/?XDEBUG_SESSION_START=phpstorm" "Mozilla/5.0 (Windows NT 10.0; Win64; x64) AppleWebKit/537.36 (KHTML, like Gecko) Chrome/78.0.3904.108 Safari/537.36"
185.7.214.104 - - [15/Jul/2022:17:08:15 +0000] "GET /console/ HTTP/1.1" 404 8322 "http://65.108.155.145:80/console/" "Mozilla/5.0 (Windows NT 10.0; Win64; x64) AppleWebKit/537.36 (KHTML, like Gecko) Chrome/78.0.3904.108 Safari/537.36"
185.7.214.104 - - [15/Jul/2022:17:47:52 +0000] "GET /Autodiscover/Autodiscover.xml HTTP/1.1" 404 8401 "http://65.108.155.145:80/Autodiscover/Autodiscover.xml" "Mozilla/5.0 (Windows NT 10.0; Win64; x64) AppleWebKit/537.36 (KHTML, like Gecko) Chrome/78.0.3904.108 Safari/537.36"
103.203.57.25 - - [15/Jul/2022:18:26:00 +0000] "GET / HTTP/1.1" 404 8227 "-" "HTTP Banner Detection (https://security.ipip.net)"
45.134.144.140 - - [15/Jul/2022:18:33:37 +0000] "GET ///remote/fgt_lang?lang=/../../../..//////////dev/ HTTP/1.1" 404 8005 "-" "python-requests/2.6.0 CPython/2.7.5 Linux/3.10.0-1160.el7.x86_64"
185.7.214.104 - - [15/Jul/2022:18:52:17 +0000] "GET /_ignition/execute-solution HTTP/1.1" 404 8360 "http://65.108.155.145:80/_ignition/execute-solution" "Mozilla/5.0 (Windows NT 10.0; Win64; x64) AppleWebKit/537.36 (KHTML, like Gecko) Chrome/78.0.3904.108 Safari/537.36"
128.199.20.125 - - [15/Jul/2022:19:56:07 +0000] "GET /ab2g HTTP/1.1" 404 7705 "-" "Mozilla/5.0 zgrab/0.x"
128.199.20.125 - - [15/Jul/2022:19:56:09 +0000] "GET /ab2h HTTP/1.1" 404 7705 "-" "Mozilla/5.0 zgrab/0.x"
196.44.176.39 - - [15/Jul/2022:20:22:04 +0000] "GET /wp-login.php HTTP/1.1" 404 7720 "http://langlibclub.com/wp-login.php" "Mozilla/5.0 (Windows NT 10.0; Win64; x64; rv:96.0) Gecko/20100101 Firefox/96"
178.128.94.196 - - [15/Jul/2022:20:36:26 +0000] "GET / HTTP/1.1" 404 7931 "-" "Mozilla/5.0 (Windows NT 10.0; Win64; x64) AppleWebKit/537.36 (KHTML, like Gecko) Chrome/95.0.4638.69 Safari/537.36"
178.128.94.196 - - [15/Jul/2022:20:36:26 +0000] "GET //feed/ HTTP/1.1" 404 2680 "-" "Mozilla/5.0 (Windows NT 10.0; Win64; x64) AppleWebKit/537.36 (KHTML, like Gecko) Chrome/95.0.4638.69 Safari/537.36"
178.128.94.196 - - [15/Jul/2022:20:36:27 +0000] "GET //xmlrpc.php?rsd HTTP/1.1" 404 2699 "-" "Mozilla/5.0 (Windows NT 10.0; Win64; x64) AppleWebKit/537.36 (KHTML, like Gecko) Chrome/95.0.4638.69 Safari/537.36"
178.128.94.196 - - [15/Jul/2022:20:36:27 +0000] "GET //blog/wp-includes/wlwmanifest.xml HTTP/1.1" 404 2761 "-" "Mozilla/5.0 (Windows NT 10.0; Win64; x64) AppleWebKit/537.36 (KHTML, like Gecko) Chrome/95.0.4638.69 Safari/537.36"
178.128.94.196 - - [15/Jul/2022:20:36:27 +0000] "GET //web/wp-includes/wlwmanifest.xml HTTP/1.1" 404 2758 "-" "Mozilla/5.0 (Windows NT 10.0; Win64; x64) AppleWebKit/537.36 (KHTML, like Gecko) Chrome/95.0.4638.69 Safari/537.36"
178.128.94.196 - - [15/Jul/2022:20:36:27 +0000] "GET //wordpress/wp-includes/wlwmanifest.xml HTTP/1.1" 404 2776 "-" "Mozilla/5.0 (Windows NT 10.0; Win64; x64) AppleWebKit/537.36 (KHTML, like Gecko) Chrome/95.0.4638.69 Safari/537.36"
178.128.94.196 - - [15/Jul/2022:20:36:28 +0000] "GET //wp/wp-includes/wlwmanifest.xml HTTP/1.1" 404 2755 "-" "Mozilla/5.0 (Windows NT 10.0; Win64; x64) AppleWebKit/537.36 (KHTML, like Gecko) Chrome/95.0.4638.69 Safari/537.36"
178.128.94.196 - - [15/Jul/2022:20:36:28 +0000] "GET //2020/wp-includes/wlwmanifest.xml HTTP/1.1" 404 2761 "-" "Mozilla/5.0 (Windows NT 10.0; Win64; x64) AppleWebKit/537.36 (KHTML, like Gecko) Chrome/95.0.4638.69 Safari/537.36"
178.128.94.196 - - [15/Jul/2022:20:36:28 +0000] "GET //2019/wp-includes/wlwmanifest.xml HTTP/1.1" 404 2761 "-" "Mozilla/5.0 (Windows NT 10.0; Win64; x64) AppleWebKit/537.36 (KHTML, like Gecko) Chrome/95.0.4638.69 Safari/537.36"
178.128.94.196 - - [15/Jul/2022:20:36:29 +0000] "GET //2021/wp-includes/wlwmanifest.xml HTTP/1.1" 404 2761 "-" "Mozilla/5.0 (Windows NT 10.0; Win64; x64) AppleWebKit/537.36 (KHTML, like Gecko) Chrome/95.0.4638.69 Safari/537.36"
178.128.94.196 - - [15/Jul/2022:20:36:29 +0000] "GET //shop/wp-includes/wlwmanifest.xml HTTP/1.1" 404 2761 "-" "Mozilla/5.0 (Windows NT 10.0; Win64; x64) AppleWebKit/537.36 (KHTML, like Gecko) Chrome/95.0.4638.69 Safari/537.36"
178.128.94.196 - - [15/Jul/2022:20:36:29 +0000] "GET //wp1/wp-includes/wlwmanifest.xml HTTP/1.1" 404 2758 "-" "Mozilla/5.0 (Windows NT 10.0; Win64; x64) AppleWebKit/537.36 (KHTML, like Gecko) Chrome/95.0.4638.69 Safari/537.36"
178.128.94.196 - - [15/Jul/2022:20:36:30 +0000] "GET //test/wp-includes/wlwmanifest.xml HTTP/1.1" 404 2761 "-" "Mozilla/5.0 (Windows NT 10.0; Win64; x64) AppleWebKit/537.36 (KHTML, like Gecko) Chrome/95.0.4638.69 Safari/537.36"
178.128.94.196 - - [15/Jul/2022:20:36:30 +0000] "GET //site/wp-includes/wlwmanifest.xml HTTP/1.1" 404 2761 "-" "Mozilla/5.0 (Windows NT 10.0; Win64; x64) AppleWebKit/537.36 (KHTML, like Gecko) Chrome/95.0.4638.69 Safari/537.36"
178.128.94.196 - - [15/Jul/2022:20:36:30 +0000] "GET //cms/wp-includes/wlwmanifest.xml HTTP/1.1" 404 2758 "-" "Mozilla/5.0 (Windows NT 10.0; Win64; x64) AppleWebKit/537.36 (KHTML, like Gecko) Chrome/95.0.4638.69 Safari/537.36"
87.250.224.128 - - [15/Jul/2022:21:18:00 +0000] "GET /robots.txt HTTP/1.1" 404 8397 "-" "Mozilla/5.0 (compatible; YandexBot/3.0; +http://yandex.com/bots)"
87.250.224.128 - - [15/Jul/2022:21:18:03 +0000] "GET / HTTP/1.1" 404 2633 "-" "Mozilla/5.0 (compatible; YandexBot/3.0; +http://yandex.com/bots)"
185.7.214.104 - - [15/Jul/2022:21:33:18 +0000] "GET / HTTP/1.1" 404 8280 "http://65.108.155.145:80/" "Mozilla/5.0 (Windows NT 10.0; Win64; x64) AppleWebKit/537.36 (KHTML, like Gecko) Chrome/78.0.3904.108 Safari/537.36"
185.7.214.104 - - [15/Jul/2022:22:12:07 +0000] "GET /actuator/gateway/routes HTTP/1.1" 404 8367 "http://65.108.155.145:80/actuator/gateway/routes" "Mozilla/5.0 (Windows NT 10.0; Win64; x64) AppleWebKit/537.36 (KHTML, like Gecko) Chrome/78.0.3904.108 Safari/537.36"
92.118.160.29 - - [15/Jul/2022:23:29:12 +0000] "GET / HTTP/1.1" 404 7679 "-" "NetSystemsResearch studies the availability of various services across the internet. Our website is netsystemsresearch.com"
185.7.214.104 - - [16/Jul/2022:00:01:17 +0000] "GET / HTTP/1.1" 404 8231 "-" "Mozilla/5.0 (Windows NT 10.0; Win64; x64) AppleWebKit/537.36 (KHTML, like Gecko) Chrome/78.0.3904.108 Safari/537.36"
91.108.6.111 - - [16/Jul/2022:00:01:39 +0000] "-" 408 5747 "-" "-"
178.73.215.171 - - [16/Jul/2022:00:27:57 +0000] "GET / HTTP/1.0" 404 8232 "-" "-"
143.92.32.136 - - [16/Jul/2022:01:29:08 +0000] "GET /gbook.html HTTP/1.1" 404 8305 "/gbook.html" "Mozilla/5.0 (Windows NT 10.0; Win64; x64) AppleWebKit/537.36 (KHTML, like Gecko) Chrome/74.0.3729.169 Safari/537.36"
192.241.220.59 - - [16/Jul/2022:02:06:40 +0000] "GET /owa/auth/logon.aspx?url=https%3a%2f%2f1%2fecp%2f HTTP/1.1" 404 7779 "-" "Mozilla/5.0 zgrab/0.x"
185.7.214.104 - - [16/Jul/2022:02:30:44 +0000] "GET /vendor/phpunit/phpunit/src/Util/PHP/eval-stdin.php HTTP/1.1" 404 8399 "-" "Mozilla/5.0 (Windows NT 10.0; Win64; x64) AppleWebKit/537.36 (KHTML, like Gecko) Chrome/78.0.3904.108 Safari/537.36"
192.241.221.86 - - [16/Jul/2022:02:48:22 +0000] "GET / HTTP/1.1" 404 7675 "-" "Mozilla/5.0 zgrab/0.x"
104.43.206.164 - - [16/Jul/2022:02:57:59 +0000] "GET /.env HTTP/1.1" 404 7911 "-" "Mozilla/5.0 (Linux; U; Android 4.4.2; en-US; HM NOTE 1W Build/KOT49H) AppleWebKit/534.30 (KHTML, like Gecko) Version/4.0 UCBrowser/11.0.5.850 U3/0.8.0 Mobile Safari/534.30"
104.43.206.164 - - [16/Jul/2022:02:58:00 +0000] "POST / HTTP/1.1" 404 7882 "-" "Mozilla/5.0 (Linux; U; Android 4.4.2; en-US; HM NOTE 1W Build/KOT49H) AppleWebKit/534.30 (KHTML, like Gecko) Version/4.0 UCBrowser/11.0.5.850 U3/0.8.0 Mobile Safari/534.30"
104.43.206.164 - - [16/Jul/2022:02:58:08 +0000] "GET /vendor/phpunit/phpunit/src/Util/PHP/eval-stdin.php HTTP/1.1" 404 8070 "-" "python-requests/2.24.0"
212.71.255.34 - - [16/Jul/2022:02:58:43 +0000] "GET / HTTP/1.1" 404 7694 "-" "Mozilla/5.0 (Windows NT 6.1; WOW64; rv:8.0) Gecko/20100101 Firefox/8.0"
35.230.144.208 - - [16/Jul/2022:03:11:42 +0000] "GET //wp-includes/ID3/license.txt HTTP/1.1" 404 8030 "-" "Mozilla/5.0 (Windows NT 10.0; Win64; x64) AppleWebKit/537.36 (KHTML, like Gecko) Chrome/95.0.4638.69 Safari/537.36"
35.230.144.208 - - [16/Jul/2022:03:11:42 +0000] "GET //feed/ HTTP/1.1" 404 2680 "-" "Mozilla/5.0 (Windows NT 10.0; Win64; x64) AppleWebKit/537.36 (KHTML, like Gecko) Chrome/95.0.4638.69 Safari/537.36"
35.230.144.208 - - [16/Jul/2022:03:11:42 +0000] "GET //xmlrpc.php?rsd HTTP/1.1" 404 2699 "-" "Mozilla/5.0 (Windows NT 10.0; Win64; x64) AppleWebKit/537.36 (KHTML, like Gecko) Chrome/95.0.4638.69 Safari/537.36"
35.230.144.208 - - [16/Jul/2022:03:11:42 +0000] "GET //blog/wp-includes/wlwmanifest.xml HTTP/1.1" 404 2761 "-" "Mozilla/5.0 (Windows NT 10.0; Win64; x64) AppleWebKit/537.36 (KHTML, like Gecko) Chrome/95.0.4638.69 Safari/537.36"
35.230.144.208 - - [16/Jul/2022:03:11:42 +0000] "GET //web/wp-includes/wlwmanifest.xml HTTP/1.1" 404 2758 "-" "Mozilla/5.0 (Windows NT 10.0; Win64; x64) AppleWebKit/537.36 (KHTML, like Gecko) Chrome/95.0.4638.69 Safari/537.36"
35.230.144.208 - - [16/Jul/2022:03:11:42 +0000] "GET //wordpress/wp-includes/wlwmanifest.xml HTTP/1.1" 404 2776 "-" "Mozilla/5.0 (Windows NT 10.0; Win64; x64) AppleWebKit/537.36 (KHTML, like Gecko) Chrome/95.0.4638.69 Safari/537.36"
35.230.144.208 - - [16/Jul/2022:03:11:43 +0000] "GET //wp/wp-includes/wlwmanifest.xml HTTP/1.1" 404 2755 "-" "Mozilla/5.0 (Windows NT 10.0; Win64; x64) AppleWebKit/537.36 (KHTML, like Gecko) Chrome/95.0.4638.69 Safari/537.36"
35.230.144.208 - - [16/Jul/2022:03:11:43 +0000] "GET //2020/wp-includes/wlwmanifest.xml HTTP/1.1" 404 2761 "-" "Mozilla/5.0 (Windows NT 10.0; Win64; x64) AppleWebKit/537.36 (KHTML, like Gecko) Chrome/95.0.4638.69 Safari/537.36"
35.230.144.208 - - [16/Jul/2022:03:11:43 +0000] "GET //2019/wp-includes/wlwmanifest.xml HTTP/1.1" 404 2761 "-" "Mozilla/5.0 (Windows NT 10.0; Win64; x64) AppleWebKit/537.36 (KHTML, like Gecko) Chrome/95.0.4638.69 Safari/537.36"
35.230.144.208 - - [16/Jul/2022:03:11:43 +0000] "GET //2021/wp-includes/wlwmanifest.xml HTTP/1.1" 404 2761 "-" "Mozilla/5.0 (Windows NT 10.0; Win64; x64) AppleWebKit/537.36 (KHTML, like Gecko) Chrome/95.0.4638.69 Safari/537.36"
35.230.144.208 - - [16/Jul/2022:03:11:43 +0000] "GET //shop/wp-includes/wlwmanifest.xml HTTP/1.1" 404 2761 "-" "Mozilla/5.0 (Windows NT 10.0; Win64; x64) AppleWebKit/537.36 (KHTML, like Gecko) Chrome/95.0.4638.69 Safari/537.36"
35.230.144.208 - - [16/Jul/2022:03:11:43 +0000] "GET //wp1/wp-includes/wlwmanifest.xml HTTP/1.1" 404 2758 "-" "Mozilla/5.0 (Windows NT 10.0; Win64; x64) AppleWebKit/537.36 (KHTML, like Gecko) Chrome/95.0.4638.69 Safari/537.36"
35.230.144.208 - - [16/Jul/2022:03:11:43 +0000] "GET //test/wp-includes/wlwmanifest.xml HTTP/1.1" 404 2761 "-" "Mozilla/5.0 (Windows NT 10.0; Win64; x64) AppleWebKit/537.36 (KHTML, like Gecko) Chrome/95.0.4638.69 Safari/537.36"
35.230.144.208 - - [16/Jul/2022:03:11:43 +0000] "GET //site/wp-includes/wlwmanifest.xml HTTP/1.1" 404 2761 "-" "Mozilla/5.0 (Windows NT 10.0; Win64; x64) AppleWebKit/537.36 (KHTML, like Gecko) Chrome/95.0.4638.69 Safari/537.36"
35.230.144.208 - - [16/Jul/2022:03:11:43 +0000] "GET //cms/wp-includes/wlwmanifest.xml HTTP/1.1" 404 2758 "-" "Mozilla/5.0 (Windows NT 10.0; Win64; x64) AppleWebKit/537.36 (KHTML, like Gecko) Chrome/95.0.4638.69 Safari/537.36"
35.195.93.98 - - [16/Jul/2022:04:09:46 +0000] "GET / HTTP/1.1" 404 7746 "-" "python-requests/2.28.1"
185.7.214.104 - - [16/Jul/2022:04:42:56 +0000] "GET /index.php?s=/Index/\\think\\app/invokefunction&function=call_user_func_array&vars[0]=md5&vars[1][]=HelloThinkPHP21 HTTP/1.1" 404 8395 "-" "Mozilla/5.0 (Windows NT 10.0; Win64; x64) AppleWebKit/537.36 (KHTML, like Gecko) Chrome/78.0.3904.108 Safari/537.36"
128.14.141.34 - - [16/Jul/2022:05:00:16 +0000] "GET / HTTP/1.1" 404 7742 "-" "Mozilla/5.0 (Windows NT 10.0; Win64; x64) AppleWebKit/537.36 (KHTML, like Gecko) Chrome/60.0.3112.113 Safari/537.36"
192.241.222.189 - - [16/Jul/2022:05:46:49 +0000] "GET / HTTP/1.0" 400 629 "-" "-"
65.49.20.69 - - [16/Jul/2022:05:57:10 +0000] "GET / HTTP/1.1" 404 7680 "http://65.108.155.145/" "Mozilla/5.0 zgrab/0.x"
162.221.192.26 - - [16/Jul/2022:06:07:26 +0000] "GET / HTTP/1.1" 404 7680 "http://65.108.155.145/" "Mozilla/5.0 (Windows NT 10.0; Win64; x64) AppleWebKit/537.36 (KHTML, like Gecko) Chrome/60.0.3112.113 Safari/537.36"
143.92.32.136 - - [16/Jul/2022:08:53:00 +0000] "GET /arttype/mqqqqx.html HTTP/1.1" 404 8332 "/arttype/mqqqqx.html" "Mozilla/5.0 (Windows NT 10.0; Win64; x64) AppleWebKit/537.36 (KHTML, like Gecko) Chrome/74.0.3729.169 Safari/537.36"
192.241.220.215 - - [16/Jul/2022:09:21:24 +0000] "GET /owa/auth/x.js HTTP/1.1" 404 7732 "-" "Mozilla/5.0 zgrab/0.x"
192.241.219.213 - - [16/Jul/2022:09:22:21 +0000] "GET /ecp/Current/exporttool/microsoft.exchange.ediscovery.exporttool.application HTTP/1.1" 404 7918 "-" "Mozilla/5.0 zgrab/0.x"
192.241.213.19 - - [16/Jul/2022:09:25:30 +0000] "GET /owa/auth/logon.aspx HTTP/1.1" 404 7750 "-" "Mozilla/5.0 zgrab/0.x"
128.14.141.34 - - [16/Jul/2022:09:39:41 +0000] "GET /owa/ HTTP/1.1" 404 7774 "-" "Mozilla/5.0 (Windows NT 10.0; Win64; x64) AppleWebKit/537.36 (KHTML, like Gecko) Chrome/60.0.3112.113 Safari/537.36"
205.210.31.9 - - [16/Jul/2022:09:48:53 +0000] "GET / HTTP/1.1" 404 7680 "-" "Expanse, a Palo Alto Networks company, searches across the global IPv4 space multiple times per day to identify customers&#39; presences on the Internet. If you would like to be excluded from our scans, please send IP addresses/domains to: scaninfo@paloaltonetworks.com"
184.105.247.252 - - [16/Jul/2022:10:09:53 +0000] "GET / HTTP/1.1" 404 7675 "-" "-"
138.246.253.24 - - [16/Jul/2022:10:15:14 +0000] "GET /robots.txt HTTP/1.1" 404 8325 "-" "Mozilla/5.0 (Windows NT 10.0; Win64; x64) AppleWebKit/537.36 (KHTML, like Gecko) Chrome/88.0.4324.146 Safari/537.36"
