91.108.6.111 - - [11/Jul/2022:13:15:14 +0000] "-" 408 5715 "-" "-"
185.180.143.18 - - [11/Jul/2022:13:18:01 +0000] "GET / HTTP/1.1" 404 7680 "http://65.108.155.145/" "Mozilla/5.0 (Windows NT 10.0; Win64; x64) AppleWebKit/537.36 (KHTML, like Gecko) Chrome/60.0.3112.113 Safari/537.36"
192.241.221.40 - - [11/Jul/2022:13:40:56 +0000] "GET /version HTTP/1.1" 404 7714 "-" "Mozilla/5.0 zgrab/0.x"
91.108.6.111 - - [11/Jul/2022:13:42:20 +0000] "-" 408 5715 "-" "-"
91.108.6.111 - - [11/Jul/2022:13:42:53 +0000] "POST /dead_morozxc/bot/process-new-updates/ HTTP/1.1" 200 6176 "-" "-"
91.108.6.111 - - [11/Jul/2022:13:43:03 +0000] "POST /dead_morozxc/bot/process-new-updates/ HTTP/1.1" 200 6176 "-" "-"
91.108.6.111 - - [11/Jul/2022:13:43:28 +0000] "-" 408 5731 "-" "-"
184.105.247.196 - - [11/Jul/2022:13:50:41 +0000] "GET / HTTP/1.1" 404 7675 "-" "-"
185.7.214.104 - - [11/Jul/2022:13:58:16 +0000] "GET /index.php?s=/Index/\\think\\app/invokefunction&function=call_user_func_array&vars[0]=md5&vars[1][]=HelloThinkPHP21 HTTP/1.1" 404 8395 "-" "Mozilla/5.0 (Windows NT 10.0; Win64; x64) AppleWebKit/537.36 (KHTML, like Gecko) Chrome/78.0.3904.108 Safari/537.36"
91.108.6.111 - - [11/Jul/2022:14:09:02 +0000] "-" 408 5747 "-" "-"
91.108.6.111 - - [11/Jul/2022:14:09:03 +0000] "POST /dead_morozxc/bot/process-new-updates/ HTTP/1.1" 200 6176 "-" "-"
91.108.6.111 - - [11/Jul/2022:14:09:10 +0000] "POST /dead_morozxc/bot/process-new-updates/ HTTP/1.1" 200 6144 "-" "-"
91.108.6.111 - - [11/Jul/2022:14:09:35 +0000] "-" 408 5731 "-" "-"
91.108.6.111 - - [11/Jul/2022:14:10:15 +0000] "POST /dead_morozxc/bot/process-new-updates/ HTTP/1.1" 200 6144 "-" "-"
91.108.6.111 - - [11/Jul/2022:14:10:22 +0000] "POST /dead_morozxc/bot/process-new-updates/ HTTP/1.1" 200 6160 "-" "-"
91.108.6.111 - - [11/Jul/2022:14:16:56 +0000] "-" 408 5731 "-" "-"
91.108.6.111 - - [11/Jul/2022:14:21:32 +0000] "-" 408 5747 "-" "-"
91.108.6.111 - - [11/Jul/2022:14:21:43 +0000] "POST /dead_morozxc/bot/process-new-updates/ HTTP/1.1" 200 6176 "-" "-"
91.108.6.111 - - [11/Jul/2022:14:21:44 +0000] "POST /dead_morozxc/bot/process-new-updates/ HTTP/1.1" 200 6176 "-" "-"
91.108.6.111 - - [11/Jul/2022:14:22:09 +0000] "-" 408 5747 "-" "-"
91.108.6.111 - - [11/Jul/2022:14:22:48 +0000] "POST /dead_morozxc/bot/process-new-updates/ HTTP/1.1" 200 6160 "-" "-"
91.108.6.111 - - [11/Jul/2022:14:22:56 +0000] "POST /dead_morozxc/bot/process-new-updates/ HTTP/1.1" 200 6110 "-" "-"
91.108.6.111 - - [11/Jul/2022:14:23:21 +0000] "-" 408 5731 "-" "-"
91.108.6.111 - - [11/Jul/2022:14:25:04 +0000] "POST /dead_morozxc/bot/process-new-updates/ HTTP/1.1" 200 6160 "-" "-"
91.108.6.111 - - [11/Jul/2022:14:25:06 +0000] "POST /dead_morozxc/bot/process-new-updates/ HTTP/1.1" 200 6144 "-" "-"
91.108.6.111 - - [11/Jul/2022:14:25:09 +0000] "POST /dead_morozxc/bot/process-new-updates/ HTTP/1.1" 200 428 "-" "-"
91.108.6.111 - - [11/Jul/2022:14:25:16 +0000] "POST /dead_morozxc/bot/process-new-updates/ HTTP/1.1" 200 6176 "-" "-"
91.108.6.111 - - [11/Jul/2022:14:25:41 +0000] "-" 408 5731 "-" "-"
91.108.6.111 - - [11/Jul/2022:14:29:30 +0000] "POST /dead_morozxc/bot/process-new-updates/ HTTP/1.1" 200 6160 "-" "-"
91.108.6.111 - - [11/Jul/2022:14:30:09 +0000] "POST /dead_morozxc/bot/process-new-updates/ HTTP/1.1" 200 6176 "-" "-"
91.108.6.111 - - [11/Jul/2022:14:30:10 +0000] "POST /dead_morozxc/bot/process-new-updates/ HTTP/1.1" 200 6160 "-" "-"
91.108.6.111 - - [11/Jul/2022:14:30:18 +0000] "POST /dead_morozxc/bot/process-new-updates/ HTTP/1.1" 200 6160 "-" "-"
91.108.6.111 - - [11/Jul/2022:14:30:43 +0000] "-" 408 5731 "-" "-"
91.108.6.111 - - [11/Jul/2022:14:38:29 +0000] "POST /dead_morozxc/bot/process-new-updates/ HTTP/1.1" 200 6176 "-" "-"
91.108.6.111 - - [11/Jul/2022:14:38:27 +0000] "POST /dead_morozxc/bot/process-new-updates/ HTTP/1.1" 200 6176 "-" "-"
91.108.6.111 - - [11/Jul/2022:14:38:51 +0000] "POST /dead_morozxc/bot/process-new-updates/ HTTP/1.1" 200 6160 "-" "-"
91.108.6.111 - - [11/Jul/2022:14:39:16 +0000] "-" 408 5731 "-" "-"
185.7.214.104 - - [11/Jul/2022:15:11:34 +0000] "GET /?XDEBUG_SESSION_START=phpstorm HTTP/1.1" 404 8261 "-" "Mozilla/5.0 (Windows NT 10.0; Win64; x64) AppleWebKit/537.36 (KHTML, like Gecko) Chrome/78.0.3904.108 Safari/537.36"
190.3.23.122 - - [11/Jul/2022:15:13:11 +0000] "GET /mgmt/tm/util/bash HTTP/1.1" 404 8381 "-" "Mozilla/5.0 (Windows NT 10.0; Win64; x64) AppleWebKit/537.36 (KHTML, like Gecko) Chrome/63.0.3239.84 Safari/537.36"
91.108.6.111 - - [11/Jul/2022:15:24:00 +0000] "POST /dead_morozxc/bot/process-new-updates/ HTTP/1.1" 200 6160 "-" "-"
91.108.6.111 - - [11/Jul/2022:15:23:58 +0000] "POST /dead_morozxc/bot/process-new-updates/ HTTP/1.1" 200 6144 "-" "-"
91.108.6.111 - - [11/Jul/2022:15:24:08 +0000] "POST /dead_morozxc/bot/process-new-updates/ HTTP/1.1" 200 6176 "-" "-"
91.108.6.111 - - [11/Jul/2022:15:24:34 +0000] "-" 408 5715 "-" "-"
92.255.85.38 - - [11/Jul/2022:15:46:24 +0000] "GET /remote/fgt_lang?lang=/../../../..//////////dev/cmdb/sslvpn_websession HTTP/1.1" 404 8396 "-" "Python-urllib/3.8"
91.108.6.111 - - [11/Jul/2022:16:09:41 +0000] "POST /dead_morozxc/bot/process-new-updates/ HTTP/1.1" 200 6176 "-" "-"
91.108.6.111 - - [11/Jul/2022:16:09:40 +0000] "POST /dead_morozxc/bot/process-new-updates/ HTTP/1.1" 200 6160 "-" "-"
91.108.6.111 - - [11/Jul/2022:16:09:57 +0000] "POST /dead_morozxc/bot/process-new-updates/ HTTP/1.1" 200 6144 "-" "-"
91.108.6.111 - - [11/Jul/2022:16:10:22 +0000] "-" 408 5747 "-" "-"
154.209.125.59 - - [11/Jul/2022:16:12:58 +0000] "GET / HTTP/1.1" 404 8447 "-" "Mozilla/5.0 (Macintosh; Intel Mac OS X 10.11; rv:47.0) Gecko/20100101 Firefox/47.0"
91.108.6.111 - - [11/Jul/2022:16:13:27 +0000] "POST /dead_morozxc/bot/process-new-updates/ HTTP/1.1" 200 6160 "-" "-"
91.108.6.111 - - [11/Jul/2022:16:13:57 +0000] "POST /dead_morozxc/bot/process-new-updates/ HTTP/1.1" 200 6144 "-" "-"
91.108.6.111 - - [11/Jul/2022:16:13:59 +0000] "POST /dead_morozxc/bot/process-new-updates/ HTTP/1.1" 200 6144 "-" "-"
91.108.6.111 - - [11/Jul/2022:16:14:24 +0000] "-" 408 5731 "-" "-"
91.108.6.111 - - [11/Jul/2022:16:14:25 +0000] "POST /dead_morozxc/bot/process-new-updates/ HTTP/1.1" 200 6160 "-" "-"
91.108.6.111 - - [11/Jul/2022:16:14:32 +0000] "POST /dead_morozxc/bot/process-new-updates/ HTTP/1.1" 200 6144 "-" "-"
91.108.6.111 - - [11/Jul/2022:16:14:57 +0000] "-" 408 5731 "-" "-"
91.108.6.111 - - [11/Jul/2022:16:22:23 +0000] "POST /dead_morozxc/bot/process-new-updates/ HTTP/1.1" 200 6144 "-" "-"
91.108.6.111 - - [11/Jul/2022:16:22:43 +0000] "POST /dead_morozxc/bot/process-new-updates/ HTTP/1.1" 200 6144 "-" "-"
91.108.6.111 - - [11/Jul/2022:16:22:42 +0000] "POST /dead_morozxc/bot/process-new-updates/ HTTP/1.1" 200 6160 "-" "-"
91.108.6.111 - - [11/Jul/2022:16:22:51 +0000] "POST /dead_morozxc/bot/process-new-updates/ HTTP/1.1" 200 6160 "-" "-"
91.108.6.111 - - [11/Jul/2022:16:22:58 +0000] "POST /dead_morozxc/bot/process-new-updates/ HTTP/1.1" 200 6160 "-" "-"
91.108.6.111 - - [11/Jul/2022:16:23:23 +0000] "-" 408 5731 "-" "-"
91.108.6.111 - - [11/Jul/2022:16:26:11 +0000] "POST /dead_morozxc/bot/process-new-updates/ HTTP/1.1" 200 6160 "-" "-"
91.108.6.111 - - [11/Jul/2022:16:26:09 +0000] "POST /dead_morozxc/bot/process-new-updates/ HTTP/1.1" 200 6176 "-" "-"
91.108.6.111 - - [11/Jul/2022:16:26:18 +0000] "POST /dead_morozxc/bot/process-new-updates/ HTTP/1.1" 200 6160 "-" "-"
91.108.6.111 - - [11/Jul/2022:16:26:44 +0000] "-" 408 5715 "-" "-"
185.180.143.7 - - [11/Jul/2022:16:35:45 +0000] "GET / HTTP/1.1" 404 7742 "-" "Mozilla/5.0 (Windows NT 10.0; Win64; x64) AppleWebKit/537.36 (KHTML, like Gecko) Chrome/60.0.3112.113 Safari/537.36"
181.214.218.69 - - [11/Jul/2022:16:37:56 +0000] "-" 408 5679 "-" "-"
91.108.6.111 - - [11/Jul/2022:16:51:18 +0000] "POST /dead_morozxc/bot/process-new-updates/ HTTP/1.1" 200 6160 "-" "-"
91.108.6.111 - - [11/Jul/2022:16:51:17 +0000] "POST /dead_morozxc/bot/process-new-updates/ HTTP/1.1" 200 6160 "-" "-"
128.14.133.58 - - [11/Jul/2022:16:51:20 +0000] "GET / HTTP/1.1" 404 7742 "-" "Mozilla/5.0 (Windows NT 10.0; Win64; x64) AppleWebKit/537.36 (KHTML, like Gecko) Chrome/60.0.3112.113 Safari/537.36"
91.108.6.111 - - [11/Jul/2022:16:51:26 +0000] "POST /dead_morozxc/bot/process-new-updates/ HTTP/1.1" 200 6160 "-" "-"
91.108.6.111 - - [11/Jul/2022:16:51:51 +0000] "-" 408 5731 "-" "-"
91.108.6.111 - - [11/Jul/2022:17:05:08 +0000] "POST /dead_morozxc/bot/process-new-updates/ HTTP/1.1" 200 6144 "-" "-"
91.108.6.111 - - [11/Jul/2022:17:05:04 +0000] "POST /dead_morozxc/bot/process-new-updates/ HTTP/1.1" 200 6160 "-" "-"
91.108.6.111 - - [11/Jul/2022:17:05:14 +0000] "POST /dead_morozxc/bot/process-new-updates/ HTTP/1.1" 200 6176 "-" "-"
91.108.6.111 - - [11/Jul/2022:17:05:40 +0000] "-" 408 5747 "-" "-"
91.108.6.111 - - [11/Jul/2022:17:09:22 +0000] "POST /dead_morozxc/bot/process-new-updates/ HTTP/1.1" 200 6160 "-" "-"
91.108.6.111 - - [11/Jul/2022:17:09:28 +0000] "POST /dead_morozxc/bot/process-new-updates/ HTTP/1.1" 200 6144 "-" "-"
91.108.6.111 - - [11/Jul/2022:17:09:53 +0000] "-" 408 5731 "-" "-"
91.108.6.111 - - [11/Jul/2022:17:12:11 +0000] "POST /dead_morozxc/bot/process-new-updates/ HTTP/1.1" 200 6176 "-" "-"
91.108.6.111 - - [11/Jul/2022:17:12:09 +0000] "POST /dead_morozxc/bot/process-new-updates/ HTTP/1.1" 200 6176 "-" "-"
91.108.6.111 - - [11/Jul/2022:17:12:18 +0000] "POST /dead_morozxc/bot/process-new-updates/ HTTP/1.1" 200 6176 "-" "-"
91.108.6.111 - - [11/Jul/2022:17:12:43 +0000] "-" 408 5715 "-" "-"
202.95.12.106 - - [11/Jul/2022:17:16:02 +0000] "GET / HTTP/1.1" 404 8208 "-" "-"
202.95.12.106 - - [11/Jul/2022:17:16:39 +0000] "GET /favicon.ico HTTP/1.1" 404 8259 "-" "Go-http-client/1.1"
202.95.12.106 - - [11/Jul/2022:17:17:09 +0000] "GET /robots.txt HTTP/1.1" 404 8256 "-" "Go-http-client/1.1"
202.95.12.106 - - [11/Jul/2022:17:17:13 +0000] "GET /sitemap.xml HTTP/1.1" 404 8259 "-" "Go-http-client/1.1"
216.158.229.206 - - [11/Jul/2022:18:44:23 +0000] "GET / HTTP/1.1" 404 8227 "-" "Mozilla/5.0 (Windows NT 10.0; WOW64) AppleWebKit/537.36 (KHTML, like Gecko) Chrome/83.0.4103.116 Safari/537.36"
20.38.40.48 - - [11/Jul/2022:19:16:35 +0000] "GET /.env HTTP/1.1" 404 8426 "-" "Mozilla/5.0 (Macintosh; Intel Mac OS X 10.15; rv:77.0) Gecko/20100101 Firefox/77.0"
20.38.40.48 - - [11/Jul/2022:19:16:36 +0000] "GET /xmlrpc.php HTTP/1.1" 404 8444 "-" "Mozilla/5.0 (Macintosh; Intel Mac OS X 10.15; rv:77.0) Gecko/20100101 Firefox/77.0"
106.75.251.164 - - [11/Jul/2022:19:32:39 +0000] "GET / HTTP/1.0" 404 8231 "-" "-"
104.206.128.62 - - [11/Jul/2022:19:39:11 +0000] "GET / HTTP/1.1" 404 7679 "-" "https://gdnplus.com:Gather Analyze Provide."
137.220.228.88 - - [11/Jul/2022:19:42:51 +0000] "GET / HTTP/1.1" 404 8208 "-" "-"
137.220.228.88 - - [11/Jul/2022:19:44:07 +0000] "-" 408 5631 "-" "-"
137.220.228.88 - - [11/Jul/2022:19:44:38 +0000] "-" 408 5631 "-" "-"
137.220.228.88 - - [11/Jul/2022:19:44:40 +0000] "-" 408 5631 "-" "-"
139.162.207.84 - - [11/Jul/2022:19:49:31 +0000] "GET / HTTP/1.1" 404 7742 "-" "Mozilla/5.0 (Windows NT 10.0; Win64; x64) AppleWebKit/537.36 (KHTML, like Gecko) Chrome/60.0.3112.113 Safari/537.36"
42.83.147.34 - - [11/Jul/2022:19:49:59 +0000] "GET / HTTP/1.1" 404 7875 "-" "Mozilla/5.0 (Windows NT 6.1; Win64; x64) AppleWebKit/537.36 (KHTML, like Gecko)Chrome/74.0.3729.169 Safari/537.36"
74.208.86.201 - - [11/Jul/2022:20:01:25 +0000] "GET /wp-login.php HTTP/1.1" 404 7720 "http://langlibclub.com/wp-login.php" "Mozilla/5.0 (Windows NT 10.0; Win64; x64; rv:96.0) Gecko/20100101 Firefox/96"
209.126.136.3 - - [11/Jul/2022:21:16:41 +0000] "GET / HTTP/1.1" 404 7675 "-" "Mozilla/5.0 (Windows NT 10.0; Win64; x64) AppleWebKit/537.36 (KHTML, like Gecko) Chrome/74.0.3729.131 Safari/537.36"
185.180.143.7 - - [11/Jul/2022:21:56:30 +0000] "GET / HTTP/1.1" 404 7680 "http://65.108.155.145/" "Mozilla/5.0 (Windows NT 10.0; Win64; x64) AppleWebKit/537.36 (KHTML, like Gecko) Chrome/60.0.3112.113 Safari/537.36"
178.174.175.70 - - [11/Jul/2022:21:57:57 +0000] "GET / HTTP/1.1" 404 8340 "-" "Mozilla/5.0 (X11; CrOS x86_64 8172.45.0) AppleWebKit/537.36 (KHTML, like Gecko) Chrome/51.0.2704.64 Safari/537.36"
216.158.229.206 - - [11/Jul/2022:22:05:35 +0000] "GET / HTTP/1.1" 404 8228 "-" "Mozilla/5.0 (Windows NT 10.0; WOW64) AppleWebKit/537.36 (KHTML, like Gecko) Chrome/83.0.4103.116 Safari/537.36"
185.7.214.104 - - [11/Jul/2022:22:20:24 +0000] "GET /vendor/phpunit/phpunit/src/Util/PHP/eval-stdin.php HTTP/1.1" 404 8432 "http://65.108.155.145:80/vendor/phpunit/phpunit/src/Util/PHP/eval-stdin.php" "Mozilla/5.0 (Windows NT 10.0; Win64; x64) AppleWebKit/537.36 (KHTML, like Gecko) Chrome/78.0.3904.108 Safari/537.36"
185.100.87.136 - - [11/Jul/2022:22:52:55 +0000] "GET / HTTP/1.0" 400 629 "-" "-"
109.237.103.118 - - [11/Jul/2022:23:19:38 +0000] "GET / HTTP/1.0" 400 629 "-" "-"
109.237.103.118 - - [11/Jul/2022:23:19:38 +0000] "GET /.aws/credentials HTTP/1.1" 404 8378 "-" "Mozilla/5.0 (X11; Linux x86_64) AppleWebKit/537.36 (KHTML, like Gecko) Chrome/81.0.4044.129 Safari/537.36"
185.7.214.104 - - [11/Jul/2022:23:29:34 +0000] "GET /vendor/phpunit/phpunit/src/Util/PHP/eval-stdin.php HTTP/1.1" 404 8448 "http://65.108.155.145:80/vendor/phpunit/phpunit/src/Util/PHP/eval-stdin.php" "Mozilla/5.0 (Windows NT 10.0; Win64; x64) AppleWebKit/537.36 (KHTML, like Gecko) Chrome/78.0.3904.108 Safari/537.36"
143.92.32.15 - - [12/Jul/2022:00:06:02 +0000] "GET /template/21/statics/js/push123.js HTTP/1.1" 404 8368 "/template/21/statics/js/push123.js" "Mozilla/5.0 (Windows NT 10.0; Win64; x64) AppleWebKit/537.36 (KHTML, like Gecko) Chrome/74.0.3729.169 Safari/537.36"
91.108.6.111 - - [12/Jul/2022:00:06:24 +0000] "-" 408 5715 "-" "-"
185.7.214.104 - - [12/Jul/2022:00:11:26 +0000] "GET /solr/admin/info/system?wt=json HTTP/1.1" 404 8356 "http://65.108.155.145:80/solr/admin/info/system?wt=json" "Mozilla/5.0 (Windows NT 10.0; Win64; x64) AppleWebKit/537.36 (KHTML, like Gecko) Chrome/78.0.3904.108 Safari/537.36"
167.248.133.60 - - [12/Jul/2022:00:21:17 +0000] "GET / HTTP/1.1" 404 8212 "-" "-"
167.248.133.60 - - [12/Jul/2022:00:21:18 +0000] "GET / HTTP/1.1" 404 8238 "-" "Mozilla/5.0 (compatible; CensysInspect/1.1; +https://about.censys.io/)"
167.248.133.60 - - [12/Jul/2022:00:21:18 +0000] "GET / HTTP/1.1" 404 8261 "-" "Mozilla/5.0 (compatible; CensysInspect/1.1; +https://about.censys.io/)"
185.7.214.104 - - [12/Jul/2022:00:37:17 +0000] "GET /index.php?s=/Index/\\think\\app/invokefunction&function=call_user_func_array&vars[0]=md5&vars[1][]=HelloThinkPHP21 HTTP/1.1" 404 8428 "http://65.108.155.145:80/index.php?s=/Index/\\think\\app/invokefunction&function=call_user_func_array&vars[0]=md5&vars[1][]=HelloThinkPHP21" "Mozilla/5.0 (Windows NT 10.0; Win64; x64) AppleWebKit/537.36 (KHTML, like Gecko) Chrome/78.0.3904.108 Safari/537.36"
128.14.141.34 - - [12/Jul/2022:00:41:06 +0000] "GET / HTTP/1.1" 404 7680 "http://65.108.155.145/" "Mozilla/5.0 (Windows NT 10.0; Win64; x64) AppleWebKit/537.36 (KHTML, like Gecko) Chrome/60.0.3112.113 Safari/537.36"
185.7.214.104 - - [12/Jul/2022:01:41:45 +0000] "GET /?a=fetch&content=<php>die(@md5(HelloThinkCMF))</php> HTTP/1.1" 404 8344 "http://65.108.155.145:80/?a=fetch&content=<php>die(@md5(HelloThinkCMF))</php>" "Mozilla/5.0 (Windows NT 10.0; Win64; x64) AppleWebKit/537.36 (KHTML, like Gecko) Chrome/78.0.3904.108 Safari/537.36"
174.140.232.213 - - [12/Jul/2022:01:42:07 +0000] "GET / HTTP/1.1" 404 7931 "-" "Mozilla/5.0 (Windows NT 10.0; Win64; x64) AppleWebKit/537.36 (KHTML, like Gecko) Chrome/95.0.4638.69 Safari/537.36"
94.102.61.10 - - [12/Jul/2022:01:55:00 +0000] "GET / HTTP/1.1" 404 7680 "http://65.108.155.145:80/" "Mozilla/5.0 (Windows NT 10.0; Win64; x64) AppleWebKit/537.36 (KHTML, like Gecko) Chrome/88.0.4324.190 Safari/537.36"
192.241.216.15 - - [12/Jul/2022:02:02:57 +0000] "GET /owa/auth/logon.aspx?url=https%3a%2f%2f1%2fecp%2f HTTP/1.1" 404 7779 "-" "Mozilla/5.0 zgrab/0.x"
139.162.207.84 - - [12/Jul/2022:02:14:52 +0000] "GET / HTTP/1.1" 404 7742 "-" "Mozilla/5.0 (Windows NT 10.0; Win64; x64) AppleWebKit/537.36 (KHTML, like Gecko) Chrome/60.0.3112.113 Safari/537.36"
192.241.212.241 - - [12/Jul/2022:02:43:34 +0000] "GET / HTTP/1.1" 404 7675 "-" "Mozilla/5.0 zgrab/0.x"
185.7.214.104 - - [12/Jul/2022:03:17:26 +0000] "GET /console/ HTTP/1.1" 404 8338 "http://65.108.155.145:80/console/" "Mozilla/5.0 (Windows NT 10.0; Win64; x64) AppleWebKit/537.36 (KHTML, like Gecko) Chrome/78.0.3904.108 Safari/537.36"
185.7.214.104 - - [12/Jul/2022:04:06:10 +0000] "GET /Autodiscover/Autodiscover.xml HTTP/1.1" 404 8385 "http://65.108.155.145:80/Autodiscover/Autodiscover.xml" "Mozilla/5.0 (Windows NT 10.0; Win64; x64) AppleWebKit/537.36 (KHTML, like Gecko) Chrome/78.0.3904.108 Safari/537.36"
34.142.32.37 - - [12/Jul/2022:04:31:45 +0000] "GET //wp-includes/ID3/license.txt HTTP/1.1" 404 8030 "-" "Mozilla/5.0 (Windows NT 10.0; Win64; x64) AppleWebKit/537.36 (KHTML, like Gecko) Chrome/95.0.4638.69 Safari/537.36"
34.142.32.37 - - [12/Jul/2022:04:31:45 +0000] "GET //feed/ HTTP/1.1" 404 2680 "-" "Mozilla/5.0 (Windows NT 10.0; Win64; x64) AppleWebKit/537.36 (KHTML, like Gecko) Chrome/95.0.4638.69 Safari/537.36"
34.142.32.37 - - [12/Jul/2022:04:31:45 +0000] "GET //xmlrpc.php?rsd HTTP/1.1" 404 2699 "-" "Mozilla/5.0 (Windows NT 10.0; Win64; x64) AppleWebKit/537.36 (KHTML, like Gecko) Chrome/95.0.4638.69 Safari/537.36"
34.142.32.37 - - [12/Jul/2022:04:31:45 +0000] "GET //blog/wp-includes/wlwmanifest.xml HTTP/1.1" 404 2761 "-" "Mozilla/5.0 (Windows NT 10.0; Win64; x64) AppleWebKit/537.36 (KHTML, like Gecko) Chrome/95.0.4638.69 Safari/537.36"
34.142.32.37 - - [12/Jul/2022:04:31:45 +0000] "GET //web/wp-includes/wlwmanifest.xml HTTP/1.1" 404 2758 "-" "Mozilla/5.0 (Windows NT 10.0; Win64; x64) AppleWebKit/537.36 (KHTML, like Gecko) Chrome/95.0.4638.69 Safari/537.36"
34.142.32.37 - - [12/Jul/2022:04:31:45 +0000] "GET //wordpress/wp-includes/wlwmanifest.xml HTTP/1.1" 404 2776 "-" "Mozilla/5.0 (Windows NT 10.0; Win64; x64) AppleWebKit/537.36 (KHTML, like Gecko) Chrome/95.0.4638.69 Safari/537.36"
34.142.32.37 - - [12/Jul/2022:04:31:45 +0000] "GET //wp/wp-includes/wlwmanifest.xml HTTP/1.1" 404 2755 "-" "Mozilla/5.0 (Windows NT 10.0; Win64; x64) AppleWebKit/537.36 (KHTML, like Gecko) Chrome/95.0.4638.69 Safari/537.36"
34.142.32.37 - - [12/Jul/2022:04:31:45 +0000] "GET //2020/wp-includes/wlwmanifest.xml HTTP/1.1" 404 2761 "-" "Mozilla/5.0 (Windows NT 10.0; Win64; x64) AppleWebKit/537.36 (KHTML, like Gecko) Chrome/95.0.4638.69 Safari/537.36"
34.142.32.37 - - [12/Jul/2022:04:31:45 +0000] "GET //2019/wp-includes/wlwmanifest.xml HTTP/1.1" 404 2761 "-" "Mozilla/5.0 (Windows NT 10.0; Win64; x64) AppleWebKit/537.36 (KHTML, like Gecko) Chrome/95.0.4638.69 Safari/537.36"
34.142.32.37 - - [12/Jul/2022:04:31:45 +0000] "GET //2021/wp-includes/wlwmanifest.xml HTTP/1.1" 404 2761 "-" "Mozilla/5.0 (Windows NT 10.0; Win64; x64) AppleWebKit/537.36 (KHTML, like Gecko) Chrome/95.0.4638.69 Safari/537.36"
34.142.32.37 - - [12/Jul/2022:04:31:45 +0000] "GET //shop/wp-includes/wlwmanifest.xml HTTP/1.1" 404 2761 "-" "Mozilla/5.0 (Windows NT 10.0; Win64; x64) AppleWebKit/537.36 (KHTML, like Gecko) Chrome/95.0.4638.69 Safari/537.36"
34.142.32.37 - - [12/Jul/2022:04:31:45 +0000] "GET //wp1/wp-includes/wlwmanifest.xml HTTP/1.1" 404 2758 "-" "Mozilla/5.0 (Windows NT 10.0; Win64; x64) AppleWebKit/537.36 (KHTML, like Gecko) Chrome/95.0.4638.69 Safari/537.36"
34.142.32.37 - - [12/Jul/2022:04:31:45 +0000] "GET //test/wp-includes/wlwmanifest.xml HTTP/1.1" 404 2761 "-" "Mozilla/5.0 (Windows NT 10.0; Win64; x64) AppleWebKit/537.36 (KHTML, like Gecko) Chrome/95.0.4638.69 Safari/537.36"
34.142.32.37 - - [12/Jul/2022:04:31:46 +0000] "GET //site/wp-includes/wlwmanifest.xml HTTP/1.1" 404 2761 "-" "Mozilla/5.0 (Windows NT 10.0; Win64; x64) AppleWebKit/537.36 (KHTML, like Gecko) Chrome/95.0.4638.69 Safari/537.36"
34.142.32.37 - - [12/Jul/2022:04:31:46 +0000] "GET //cms/wp-includes/wlwmanifest.xml HTTP/1.1" 404 2758 "-" "Mozilla/5.0 (Windows NT 10.0; Win64; x64) AppleWebKit/537.36 (KHTML, like Gecko) Chrome/95.0.4638.69 Safari/537.36"
64.62.197.122 - - [12/Jul/2022:04:43:22 +0000] "GET / HTTP/1.1" 404 7675 "-" "-"
162.221.192.26 - - [12/Jul/2022:04:54:49 +0000] "GET / HTTP/1.1" 404 7742 "-" "Mozilla/5.0 (Windows NT 10.0; Win64; x64) AppleWebKit/537.36 (KHTML, like Gecko) Chrome/60.0.3112.113 Safari/537.36"
165.227.179.201 - - [12/Jul/2022:05:00:46 +0000] "GET /_profiler/phpinfo HTTP/1.1" 404 8465 "-" "Mozlila/5.0 (Linux; Android 7.0; SM-G892A Bulid/NRD90M; wv) AppleWebKit/537.36 (KHTML, like Gecko) Version/4.0 Chrome/60.0.3112.107 Moblie Safari/537.36"
165.227.179.201 - - [12/Jul/2022:05:00:47 +0000] "GET /phpinfo.php HTTP/1.1" 404 8447 "-" "Mozlila/5.0 (Linux; Android 7.0; SM-G892A Bulid/NRD90M; wv) AppleWebKit/537.36 (KHTML, like Gecko) Version/4.0 Chrome/60.0.3112.107 Moblie Safari/537.36"
165.227.179.201 - - [12/Jul/2022:05:00:47 +0000] "GET /phpinfo HTTP/1.1" 404 8435 "-" "Mozlila/5.0 (Linux; Android 7.0; SM-G892A Bulid/NRD90M; wv) AppleWebKit/537.36 (KHTML, like Gecko) Version/4.0 Chrome/60.0.3112.107 Moblie Safari/537.36"
165.227.179.201 - - [12/Jul/2022:05:00:48 +0000] "GET /aws.yml HTTP/1.1" 404 8435 "-" "Mozlila/5.0 (Linux; Android 7.0; SM-G892A Bulid/NRD90M; wv) AppleWebKit/537.36 (KHTML, like Gecko) Version/4.0 Chrome/60.0.3112.107 Moblie Safari/537.36"
165.227.179.201 - - [12/Jul/2022:05:00:48 +0000] "GET /.env.bak HTTP/1.1" 404 8438 "-" "Mozlila/5.0 (Linux; Android 7.0; SM-G892A Bulid/NRD90M; wv) AppleWebKit/537.36 (KHTML, like Gecko) Version/4.0 Chrome/60.0.3112.107 Moblie Safari/537.36"
165.227.179.201 - - [12/Jul/2022:05:00:49 +0000] "GET /info.php HTTP/1.1" 404 8438 "-" "Mozlila/5.0 (Linux; Android 7.0; SM-G892A Bulid/NRD90M; wv) AppleWebKit/537.36 (KHTML, like Gecko) Version/4.0 Chrome/60.0.3112.107 Moblie Safari/537.36"
165.227.179.201 - - [12/Jul/2022:05:00:50 +0000] "GET /.aws/credentials HTTP/1.1" 404 8462 "-" "Mozlila/5.0 (Linux; Android 7.0; SM-G892A Bulid/NRD90M; wv) AppleWebKit/537.36 (KHTML, like Gecko) Version/4.0 Chrome/60.0.3112.107 Moblie Safari/537.36"
165.227.179.201 - - [12/Jul/2022:05:00:50 +0000] "GET / HTTP/1.1" 404 8396 "-" "Mozlila/5.0 (Linux; Android 7.0; SM-G892A Bulid/NRD90M; wv) AppleWebKit/537.36 (KHTML, like Gecko) Version/4.0 Chrome/60.0.3112.107 Moblie Safari/537.36"
165.227.179.201 - - [12/Jul/2022:05:00:51 +0000] "GET /config/aws.yml HTTP/1.1" 404 8456 "-" "Mozlila/5.0 (Linux; Android 7.0; SM-G892A Bulid/NRD90M; wv) AppleWebKit/537.36 (KHTML, like Gecko) Version/4.0 Chrome/60.0.3112.107 Moblie Safari/537.36"
165.227.179.201 - - [12/Jul/2022:05:00:51 +0000] "GET / HTTP/1.1" 404 8396 "-" "Mozlila/5.0 (Linux; Android 7.0; SM-G892A Bulid/NRD90M; wv) AppleWebKit/537.36 (KHTML, like Gecko) Version/4.0 Chrome/60.0.3112.107 Moblie Safari/537.36"
165.227.179.201 - - [12/Jul/2022:05:00:52 +0000] "GET /config.js HTTP/1.1" 404 8441 "-" "Mozlila/5.0 (Linux; Android 7.0; SM-G892A Bulid/NRD90M; wv) AppleWebKit/537.36 (KHTML, like Gecko) Version/4.0 Chrome/60.0.3112.107 Moblie Safari/537.36"
185.7.214.104 - - [12/Jul/2022:05:03:20 +0000] "GET /_ignition/execute-solution HTTP/1.1" 404 8392 "http://65.108.155.145:80/_ignition/execute-solution" "Mozilla/5.0 (Windows NT 10.0; Win64; x64) AppleWebKit/537.36 (KHTML, like Gecko) Chrome/78.0.3904.108 Safari/537.36"
34.76.158.233 - - [12/Jul/2022:05:13:35 +0000] "GET / HTTP/1.1" 404 7746 "-" "python-requests/2.28.1"
192.241.207.129 - - [12/Jul/2022:05:44:13 +0000] "GET / HTTP/1.0" 400 629 "-" "-"
185.7.214.104 - - [12/Jul/2022:05:50:08 +0000] "GET / HTTP/1.1" 404 8264 "http://65.108.155.145:80" "Mozilla/5.0 (Windows NT 10.0; Win64; x64) AppleWebKit/537.36 (KHTML, like Gecko) Chrome/78.0.3904.108 Safari/537.36"
116.62.224.107 - - [12/Jul/2022:06:25:48 +0000] "GET /.env HTTP/1.1" 404 8426 "-" "Mozilla 5/0"
162.221.192.26 - - [12/Jul/2022:08:01:16 +0000] "GET / HTTP/1.1" 404 7742 "-" "Mozilla/5.0 (Windows NT 10.0; Win64; x64) AppleWebKit/537.36 (KHTML, like Gecko) Chrome/60.0.3112.113 Safari/537.36"
185.7.214.104 - - [12/Jul/2022:08:17:10 +0000] "GET / HTTP/1.1" 404 8231 "-" "Mozilla/5.0 (Windows NT 10.0; Win64; x64) AppleWebKit/537.36 (KHTML, like Gecko) Chrome/78.0.3904.108 Safari/537.36"
35.175.139.172 - - [12/Jul/2022:08:22:33 +0000] "GET / HTTP/1.1" 404 8359 "-" "Mozilla/5.0 (Windows NT 6.2;en-US) AppleWebKit/537.32.36 (KHTML, live Gecko) Chrome/56.0.3037.89 Safari/537.32"
128.14.209.226 - - [12/Jul/2022:08:46:27 +0000] "GET / HTTP/1.1" 404 7680 "http://65.108.155.145/" "Mozilla/5.0 (Windows NT 10.0; WOW64) AppleWebKit/537.36 (KHTML, like Gecko) Chrome/66.0.3359.117 Safari/537.36"
67.227.13.64 - - [12/Jul/2022:09:13:41 +0000] "GET / HTTP/1.1" 404 7931 "-" "Mozilla/5.0 (Windows NT 10.0; Win64; x64) AppleWebKit/537.36 (KHTML, like Gecko) Chrome/95.0.4638.69 Safari/537.36"
185.7.214.104 - - [12/Jul/2022:09:19:58 +0000] "POST /vendor/phpunit/phpunit/src/Util/PHP/eval-stdin.php HTTP/1.1" 404 8400 "-" "Mozilla/5.0 (Windows NT 10.0; Win64; x64) AppleWebKit/537.36 (KHTML, like Gecko) Chrome/78.0.3904.108 Safari/537.36"
192.241.219.237 - - [12/Jul/2022:09:34:09 +0000] "GET /owa/auth/x.js HTTP/1.1" 404 7732 "-" "Mozilla/5.0 zgrab/0.x"
192.241.221.43 - - [12/Jul/2022:09:35:57 +0000] "GET /ecp/Current/exporttool/microsoft.exchange.ediscovery.exporttool.application HTTP/1.1" 404 7918 "-" "Mozilla/5.0 zgrab/0.x"
192.241.221.20 - - [12/Jul/2022:09:37:27 +0000] "GET /owa/auth/logon.aspx HTTP/1.1" 404 7750 "-" "Mozilla/5.0 zgrab/0.x"
185.7.214.104 - - [12/Jul/2022:10:12:49 +0000] "GET /vendor/phpunit/phpunit/src/Util/PHP/eval-stdin.php HTTP/1.1" 404 8399 "-" "Mozilla/5.0 (Windows NT 10.0; Win64; x64) AppleWebKit/537.36 (KHTML, like Gecko) Chrome/78.0.3904.108 Safari/537.36"
124.223.197.100 - - [12/Jul/2022:10:25:54 +0000] "GET / HTTP/1.1" 404 8300 "-" "Mozilla/5.0 (Linux; Android 6.0; Nexus 5 Build/MRA58N) AppleWebKit/537.36 (KHTML, like Gecko) Chrome/81.0.4044.138 Mobile Safari/537.36"
124.223.197.100 - - [12/Jul/2022:10:31:47 +0000] "GET / HTTP/1.1" 404 8300 "-" "Mozilla/5.0 (Linux; Android 6.0; Nexus 5 Build/MRA58N) AppleWebKit/537.36 (KHTML, like Gecko) Chrome/81.0.4044.138 Mobile Safari/537.36"
185.7.214.104 - - [12/Jul/2022:11:40:14 +0000] "GET /index.php?s=/Index/\\think\\app/invokefunction&function=call_user_func_array&vars[0]=md5&vars[1][]=HelloThinkPHP21 HTTP/1.1" 404 8395 "-" "Mozilla/5.0 (Windows NT 10.0; Win64; x64) AppleWebKit/537.36 (KHTML, like Gecko) Chrome/78.0.3904.108 Safari/537.36"
54.193.79.34 - - [12/Jul/2022:11:51:19 +0000] "GET / HTTP/1.1" 404 7902 "-" "Mozilla/5.0 (X11; Linux x86_64) AppleWebKit/537.36 (KHTML, like Gecko) Chrome/51.0.2704.103 Safari/537.36"
20.89.91.168 - - [12/Jul/2022:12:23:28 +0000] "GET / HTTP/1.1" 404 7931 "-" "Mozilla/5.0 (Windows NT 10.0; Win64; x64) AppleWebKit/537.36 (KHTML, like Gecko) Chrome/78.0.3904.108 Safari/537.36"
20.89.91.168 - - [12/Jul/2022:12:23:28 +0000] "GET //wp-includes/wlwmanifest.xml HTTP/1.1" 404 2746 "-" "Mozilla/5.0 (Windows NT 10.0; Win64; x64) AppleWebKit/537.36 (KHTML, like Gecko) Chrome/78.0.3904.108 Safari/537.36"
20.89.91.168 - - [12/Jul/2022:12:23:28 +0000] "GET //xmlrpc.php?rsd HTTP/1.1" 404 2699 "-" "Mozilla/5.0 (Windows NT 10.0; Win64; x64) AppleWebKit/537.36 (KHTML, like Gecko) Chrome/78.0.3904.108 Safari/537.36"
20.89.91.168 - - [12/Jul/2022:12:23:28 +0000] "GET / HTTP/1.1" 404 2647 "-" "Mozilla/5.0 (Windows NT 10.0; Win64; x64) AppleWebKit/537.36 (KHTML, like Gecko) Chrome/78.0.3904.108 Safari/537.36"
20.89.91.168 - - [12/Jul/2022:12:23:29 +0000] "GET //blog/wp-includes/wlwmanifest.xml HTTP/1.1" 404 2761 "-" "Mozilla/5.0 (Windows NT 10.0; Win64; x64) AppleWebKit/537.36 (KHTML, like Gecko) Chrome/78.0.3904.108 Safari/537.36"
20.89.91.168 - - [12/Jul/2022:12:23:29 +0000] "GET //web/wp-includes/wlwmanifest.xml HTTP/1.1" 404 2758 "-" "Mozilla/5.0 (Windows NT 10.0; Win64; x64) AppleWebKit/537.36 (KHTML, like Gecko) Chrome/78.0.3904.108 Safari/537.36"
20.89.91.168 - - [12/Jul/2022:12:23:29 +0000] "GET //wordpress/wp-includes/wlwmanifest.xml HTTP/1.1" 404 2776 "-" "Mozilla/5.0 (Windows NT 10.0; Win64; x64) AppleWebKit/537.36 (KHTML, like Gecko) Chrome/78.0.3904.108 Safari/537.36"
20.89.91.168 - - [12/Jul/2022:12:23:29 +0000] "GET //website/wp-includes/wlwmanifest.xml HTTP/1.1" 404 2770 "-" "Mozilla/5.0 (Windows NT 10.0; Win64; x64) AppleWebKit/537.36 (KHTML, like Gecko) Chrome/78.0.3904.108 Safari/537.36"
20.89.91.168 - - [12/Jul/2022:12:23:30 +0000] "GET //wp/wp-includes/wlwmanifest.xml HTTP/1.1" 404 2755 "-" "Mozilla/5.0 (Windows NT 10.0; Win64; x64) AppleWebKit/537.36 (KHTML, like Gecko) Chrome/78.0.3904.108 Safari/537.36"
20.89.91.168 - - [12/Jul/2022:12:23:30 +0000] "GET //news/wp-includes/wlwmanifest.xml HTTP/1.1" 404 2761 "-" "Mozilla/5.0 (Windows NT 10.0; Win64; x64) AppleWebKit/537.36 (KHTML, like Gecko) Chrome/78.0.3904.108 Safari/537.36"
20.89.91.168 - - [12/Jul/2022:12:23:30 +0000] "GET //2018/wp-includes/wlwmanifest.xml HTTP/1.1" 404 2761 "-" "Mozilla/5.0 (Windows NT 10.0; Win64; x64) AppleWebKit/537.36 (KHTML, like Gecko) Chrome/78.0.3904.108 Safari/537.36"
20.89.91.168 - - [12/Jul/2022:12:23:31 +0000] "GET //2019/wp-includes/wlwmanifest.xml HTTP/1.1" 404 2761 "-" "Mozilla/5.0 (Windows NT 10.0; Win64; x64) AppleWebKit/537.36 (KHTML, like Gecko) Chrome/78.0.3904.108 Safari/537.36"
20.89.91.168 - - [12/Jul/2022:12:23:31 +0000] "GET //shop/wp-includes/wlwmanifest.xml HTTP/1.1" 404 2761 "-" "Mozilla/5.0 (Windows NT 10.0; Win64; x64) AppleWebKit/537.36 (KHTML, like Gecko) Chrome/78.0.3904.108 Safari/537.36"
20.89.91.168 - - [12/Jul/2022:12:23:31 +0000] "GET //wp1/wp-includes/wlwmanifest.xml HTTP/1.1" 404 2758 "-" "Mozilla/5.0 (Windows NT 10.0; Win64; x64) AppleWebKit/537.36 (KHTML, like Gecko) Chrome/78.0.3904.108 Safari/537.36"
20.89.91.168 - - [12/Jul/2022:12:23:31 +0000] "GET //test/wp-includes/wlwmanifest.xml HTTP/1.1" 404 2761 "-" "Mozilla/5.0 (Windows NT 10.0; Win64; x64) AppleWebKit/537.36 (KHTML, like Gecko) Chrome/78.0.3904.108 Safari/537.36"
20.89.91.168 - - [12/Jul/2022:12:23:32 +0000] "GET //media/wp-includes/wlwmanifest.xml HTTP/1.1" 404 2972 "-" "Mozilla/5.0 (Windows NT 10.0; Win64; x64) AppleWebKit/537.36 (KHTML, like Gecko) Chrome/78.0.3904.108 Safari/537.36"
20.89.91.168 - - [12/Jul/2022:12:23:32 +0000] "GET //wp2/wp-includes/wlwmanifest.xml HTTP/1.1" 404 2758 "-" "Mozilla/5.0 (Windows NT 10.0; Win64; x64) AppleWebKit/537.36 (KHTML, like Gecko) Chrome/78.0.3904.108 Safari/537.36"
20.89.91.168 - - [12/Jul/2022:12:23:32 +0000] "GET //site/wp-includes/wlwmanifest.xml HTTP/1.1" 404 2761 "-" "Mozilla/5.0 (Windows NT 10.0; Win64; x64) AppleWebKit/537.36 (KHTML, like Gecko) Chrome/78.0.3904.108 Safari/537.36"
20.89.91.168 - - [12/Jul/2022:12:23:32 +0000] "GET //cms/wp-includes/wlwmanifest.xml HTTP/1.1" 404 2758 "-" "Mozilla/5.0 (Windows NT 10.0; Win64; x64) AppleWebKit/537.36 (KHTML, like Gecko) Chrome/78.0.3904.108 Safari/537.36"
20.89.91.168 - - [12/Jul/2022:12:23:33 +0000] "GET //sito/wp-includes/wlwmanifest.xml HTTP/1.1" 404 2761 "-" "Mozilla/5.0 (Windows NT 10.0; Win64; x64) AppleWebKit/537.36 (KHTML, like Gecko) Chrome/78.0.3904.108 Safari/537.36"
185.7.214.104 - - [12/Jul/2022:12:46:47 +0000] "GET /?XDEBUG_SESSION_START=phpstorm HTTP/1.1" 404 8261 "-" "Mozilla/5.0 (Windows NT 10.0; Win64; x64) AppleWebKit/537.36 (KHTML, like Gecko) Chrome/78.0.3904.108 Safari/537.36"
20.254.124.119 - - [12/Jul/2022:13:30:11 +0000] "GET /.env HTTP/1.1" 404 8426 "-" "Mozilla/5.0 (Macintosh; Intel Mac OS X 10.15; rv:77.0) Gecko/20100101 Firefox/77.0"
185.7.214.104 - - [12/Jul/2022:13:35:43 +0000] "POST /mifs/.;/services/LogService HTTP/1.1" 404 8333 "https://65.108.155.145:443" "Mozilla/5.0 (Windows NT 10.0; Win64; x64) AppleWebKit/537.36 (KHTML, like Gecko) Chrome/78.0.3904.108 Safari/537.36"
193.46.255.26 - - [12/Jul/2022:14:09:50 +0000] "GET / HTTP/1.1" 404 8312 "-" "python-requests/2.22.0"
92.118.39.253 - - [12/Jul/2022:14:16:02 +0000] "GET //login_sid.lua HTTP/1.1" 404 7967 "-" "python-requests/2.6.0 CPython/2.7.5 Linux/3.10.0-1160.71.1.el7.x86_64"
66.240.219.146 - - [12/Jul/2022:15:46:14 +0000] "GET /favicon.ico HTTP/1.1" 404 8447 "-" "Mozilla/5.0 (Macintosh; Intel Mac OS X 10.15; rv:80.0) Gecko/20100101 Firefox/80.0"
66.240.219.146 - - [12/Jul/2022:16:01:00 +0000] "GET / HTTP/1.1" 404 7854 "-" "Mozilla/5.0 (X11; Linux x86_64) AppleWebKit/537.36 (KHTML, like Gecko) Chrome/98.0.4758.102 Safari/537.36"
66.240.219.146 - - [12/Jul/2022:16:01:11 +0000] "\n" 400 5757 "-" "-"
66.240.219.146 - - [12/Jul/2022:16:01:12 +0000] "\n" 400 6195 "-" "-"
66.240.219.146 - - [12/Jul/2022:16:01:13 +0000] "\n" 400 5786 "-" "-"
66.240.219.146 - - [12/Jul/2022:16:01:13 +0000] "\n" 400 5786 "-" "-"
66.240.219.146 - - [12/Jul/2022:16:01:24 +0000] "GET /robots.txt HTTP/1.1" 404 7902 "-" "-"
66.240.219.146 - - [12/Jul/2022:16:01:25 +0000] "GET /sitemap.xml HTTP/1.1" 404 7905 "-" "-"
66.240.219.146 - - [12/Jul/2022:16:01:26 +0000] "GET /.well-known/security.txt HTTP/1.1" 404 7944 "-" "-"
66.240.219.146 - - [12/Jul/2022:16:01:33 +0000] "GET /favicon.ico HTTP/1.1" 404 8410 "-" "Mozilla/5.0 (Macintosh; Intel Mac OS X 10.15; rv:80.0) Gecko/20100101 Firefox/80.0"
66.240.219.146 - - [12/Jul/2022:16:01:39 +0000] "\n" 400 6228 "-" "-"
34.140.248.32 - - [12/Jul/2022:16:01:48 +0000] "GET / HTTP/1.0" 400 629 "-" "-"
180.149.125.168 - - [12/Jul/2022:16:26:56 +0000] "GET / HTTP/1.1" 404 7675 "-" "Mozilla/5.0 (Windows NT 5.1; Win64; x64) AppleWebKit/537.36 (KHTML, like Gecko) Chrome/60.0.3112.90 Safari/537.36"
51.159.164.227 - - [12/Jul/2022:17:08:12 +0000] "HEAD / HTTP/1.1" 404 6012 "-" "curl/7.81.0"
51.159.164.227 - - [12/Jul/2022:17:08:12 +0000] "GET / HTTP/1.1" 404 8340 "-" "curl/7.81.0"
51.159.164.227 - - [12/Jul/2022:17:08:13 +0000] "GET /favicon.ico HTTP/1.1" 404 8391 "-" "curl/7.81.0"
106.12.216.155 - - [12/Jul/2022:17:13:02 +0000] "GET /axis2/axis2-admin/login HTTP/1.1" 404 8169 "-" "Mozilla/5.0 (Windows NT 6.1; Win64; x64; rv:28.0) Gecko/20100101 Firefox/28.0"
20.254.124.119 - - [12/Jul/2022:17:26:20 +0000] "GET /_profiler/phpinfo HTTP/1.1" 404 8465 "-" "Mozilla/5.0 (Macintosh; Intel Mac OS X 10.15; rv:77.0) Gecko/20100101 Firefox/77.0"
138.68.249.116 - - [12/Jul/2022:17:28:10 +0000] "SSTP_DUPLEX_POST /sra_{BA195980-CD49-458b-9E23-C84EE0ADCD75}/ HTTP/1.1" 400 6142 "-" "-"
162.221.192.26 - - [12/Jul/2022:17:46:06 +0000] "GET / HTTP/1.1" 404 7742 "-" "Mozilla/5.0 (Windows NT 10.0; Win64; x64) AppleWebKit/537.36 (KHTML, like Gecko) Chrome/60.0.3112.113 Safari/537.36"
178.79.158.158 - - [12/Jul/2022:17:50:33 +0000] "GET / HTTP/1.1" 404 8389 "-" "Mozilla/5.0 (Windows NT 6.1; WOW64; rv:8.0) Gecko/20100101 Firefox/8.0"
185.7.214.104 - - [12/Jul/2022:17:57:41 +0000] "GET /vendor/phpunit/phpunit/src/Util/PHP/eval-stdin.php HTTP/1.1" 404 8448 "http://65.108.155.145:80/vendor/phpunit/phpunit/src/Util/PHP/eval-stdin.php" "Mozilla/5.0 (Windows NT 10.0; Win64; x64) AppleWebKit/537.36 (KHTML, like Gecko) Chrome/78.0.3904.108 Safari/537.36"
139.162.228.54 - - [12/Jul/2022:18:18:37 +0000] "GET / HTTP/1.1" 404 8352 "-" "Mozilla/5.0 (Windows NT 6.1; WOW64; rv:8.0) Gecko/20100101 Firefox/8.0"
20.79.216.153 - - [12/Jul/2022:18:42:18 +0000] "GET / HTTP/1.1" 404 8231 "-" "Mozilla/5.0 (Macintosh; Intel Mac OS X 10_12_1) AppleWebKit/537.36 (KHTML, like Gecko) Chrome/54.0.2840.98 Safari/537.36"
185.7.214.104 - - [12/Jul/2022:18:50:35 +0000] "GET /vendor/phpunit/phpunit/src/Util/PHP/eval-stdin.php HTTP/1.1" 404 8448 "http://65.108.155.145:80/vendor/phpunit/phpunit/src/Util/PHP/eval-stdin.php" "Mozilla/5.0 (Windows NT 10.0; Win64; x64) AppleWebKit/537.36 (KHTML, like Gecko) Chrome/78.0.3904.108 Safari/537.36"
134.122.3.55 - - [12/Jul/2022:19:22:55 +0000] "GET / HTTP/1.0" 404 8348 "-" "Mozilla/5.0 (compatible; NetcraftSurveyAgent/1.0; +info@netcraft.com)"
185.7.214.104 - - [12/Jul/2022:19:37:15 +0000] "GET /solr/admin/info/system?wt=json HTTP/1.1" 404 8372 "http://65.108.155.145:80/solr/admin/info/system?wt=json" "Mozilla/5.0 (Windows NT 10.0; Win64; x64) AppleWebKit/537.36 (KHTML, like Gecko) Chrome/78.0.3904.108 Safari/537.36"
47.243.233.244 - - [12/Jul/2022:19:55:06 +0000] "GET /dns-query?dns=q80BAAABAAAAAAAAA3d3dwdleGFtcGxlA2NvbQAAAQAB HTTP/1.1" 404 8302 "-" "Go-http-client/1.1"
47.243.233.244 - - [12/Jul/2022:19:55:07 +0000] "GET /dns-query?dns=q80BAAABAAAAAAAAA3d3dwdleGFtcGxlA2NvbQAAAQAB HTTP/1.1" 404 8302 "-" "Go-http-client/1.1"
47.243.233.244 - - [12/Jul/2022:19:55:09 +0000] "POST /dns-query HTTP/1.1" 404 8254 "-" "Go-http-client/1.1"
47.243.233.244 - - [12/Jul/2022:19:55:10 +0000] "POST /dns-query HTTP/1.1" 404 8254 "-" "Go-http-client/1.1"
47.243.233.244 - - [12/Jul/2022:19:55:11 +0000] "GET /query?dns=q80BAAABAAAAAAAAA3d3dwdleGFtcGxlA2NvbQAAAQAB HTTP/1.1" 404 8290 "-" "Go-http-client/1.1"
47.243.233.244 - - [12/Jul/2022:19:55:12 +0000] "GET /query?dns=q80BAAABAAAAAAAAA3d3dwdleGFtcGxlA2NvbQAAAQAB HTTP/1.1" 404 8290 "-" "Go-http-client/1.1"
47.243.233.244 - - [12/Jul/2022:19:55:13 +0000] "POST /query HTTP/1.1" 404 8242 "-" "Go-http-client/1.1"
47.243.233.244 - - [12/Jul/2022:19:55:14 +0000] "POST /query HTTP/1.1" 404 8242 "-" "Go-http-client/1.1"
47.243.233.244 - - [12/Jul/2022:19:55:15 +0000] "GET /resolve?dns=q80BAAABAAAAAAAAA3d3dwdleGFtcGxlA2NvbQAAAQAB HTTP/1.1" 404 8296 "-" "Go-http-client/1.1"
47.243.233.244 - - [12/Jul/2022:19:55:16 +0000] "GET /resolve?dns=q80BAAABAAAAAAAAA3d3dwdleGFtcGxlA2NvbQAAAQAB HTTP/1.1" 404 8296 "-" "Go-http-client/1.1"
47.243.233.244 - - [12/Jul/2022:19:55:18 +0000] "POST /resolve HTTP/1.1" 404 8248 "-" "Go-http-client/1.1"
47.243.233.244 - - [12/Jul/2022:19:55:19 +0000] "POST /resolve HTTP/1.1" 404 8248 "-" "Go-http-client/1.1"
47.243.233.244 - - [12/Jul/2022:19:55:20 +0000] "GET /?dns=q80BAAABAAAAAAAAA3d3dwdleGFtcGxlA2NvbQAAAQAB HTTP/1.1" 404 8257 "-" "Go-http-client/1.1"
47.243.233.244 - - [12/Jul/2022:19:55:21 +0000] "GET /?dns=q80BAAABAAAAAAAAA3d3dwdleGFtcGxlA2NvbQAAAQAB HTTP/1.1" 404 8257 "-" "Go-http-client/1.1"
47.243.233.244 - - [12/Jul/2022:19:55:22 +0000] "POST / HTTP/1.1" 404 8209 "-" "Go-http-client/1.1"
47.243.233.244 - - [12/Jul/2022:19:55:24 +0000] "POST / HTTP/1.1" 404 8209 "-" "Go-http-client/1.1"
185.7.214.104 - - [12/Jul/2022:20:15:35 +0000] "GET /index.php?s=/Index/\\think\\app/invokefunction&function=call_user_func_array&vars[0]=md5&vars[1][]=HelloThinkPHP21 HTTP/1.1" 404 8428 "http://65.108.155.145:80/index.php?s=/Index/\\think\\app/invokefunction&function=call_user_func_array&vars[0]=md5&vars[1][]=HelloThinkPHP21" "Mozilla/5.0 (Windows NT 10.0; Win64; x64) AppleWebKit/537.36 (KHTML, like Gecko) Chrome/78.0.3904.108 Safari/537.36"
162.221.192.26 - - [12/Jul/2022:20:50:14 +0000] "GET / HTTP/1.1" 404 7680 "http://65.108.155.145/" "Mozilla/5.0 (Windows NT 10.0; Win64; x64) AppleWebKit/537.36 (KHTML, like Gecko) Chrome/60.0.3112.113 Safari/537.36"
157.245.38.42 - - [12/Jul/2022:20:59:43 +0000] "GET /wp-login.php HTTP/1.1" 404 7720 "http://langlibclub.com/wp-login.php" "Mozilla/5.0 (Windows NT 10.0; Win64; x64; rv:96.0) Gecko/20100101 Firefox/96"
185.7.214.104 - - [12/Jul/2022:21:13:31 +0000] "GET /?a=fetch&content=<php>die(@md5(HelloThinkCMF))</php> HTTP/1.1" 404 8344 "http://65.108.155.145:80/?a=fetch&content=<php>die(@md5(HelloThinkCMF))</php>" "Mozilla/5.0 (Windows NT 10.0; Win64; x64) AppleWebKit/537.36 (KHTML, like Gecko) Chrome/78.0.3904.108 Safari/537.36"
20.200.214.247 - - [12/Jul/2022:21:15:13 +0000] "GET /.env HTTP/1.1" 404 8389 "-" "Mozilla/5.0 (Linux; U; Android 4.4.2; en-US; HM NOTE 1W Build/KOT49H) AppleWebKit/534.30 (KHTML, like Gecko) Version/4.0 UCBrowser/11.0.5.850 U3/0.8.0 Mobile Safari/534.30"
20.200.214.247 - - [12/Jul/2022:21:15:15 +0000] "POST / HTTP/1.1" 404 8360 "-" "Mozilla/5.0 (Linux; U; Android 4.4.2; en-US; HM NOTE 1W Build/KOT49H) AppleWebKit/534.30 (KHTML, like Gecko) Version/4.0 UCBrowser/11.0.5.850 U3/0.8.0 Mobile Safari/534.30"
138.246.253.24 - - [12/Jul/2022:21:36:34 +0000] "GET /robots.txt HTTP/1.1" 404 8256 "-" "Mozilla/5.0 (Windows NT 10.0; Win64; x64) AppleWebKit/537.36 (KHTML, like Gecko) Chrome/88.0.4324.146 Safari/537.36"
66.240.236.116 - - [12/Jul/2022:21:46:00 +0000] "GET / HTTP/1.1" 404 7675 "-" "Mozilla/5.0 zgrab/0.x"
159.223.22.163 - - [12/Jul/2022:21:49:40 +0000] "GET / HTTP/1.1" 404 7675 "-" "Mozilla/5.0 (X11; Linux x86_64) AppleWebKit/537.36 (KHTML, like Gecko) Chrome/44.0.2403.157 Safari/537.36"
159.223.22.163 - - [12/Jul/2022:21:49:43 +0000] "GET / HTTP/1.1" 404 7676 "http://65.108.155.145/" "Mozilla/5.0 (X11; Linux x86_64) AppleWebKit/537.36 (KHTML, like Gecko) Chrome/44.0.2403.157 Safari/537.36"
185.7.214.104 - - [12/Jul/2022:21:58:13 +0000] "GET /?XDEBUG_SESSION_START=phpstorm HTTP/1.1" 404 8326 "http://65.108.155.145:80/?XDEBUG_SESSION_START=phpstorm" "Mozilla/5.0 (Windows NT 10.0; Win64; x64) AppleWebKit/537.36 (KHTML, like Gecko) Chrome/78.0.3904.108 Safari/537.36"
185.7.214.104 - - [12/Jul/2022:22:17:55 +0000] "GET /console/ HTTP/1.1" 404 8322 "http://65.108.155.145:80/console/" "Mozilla/5.0 (Windows NT 10.0; Win64; x64) AppleWebKit/537.36 (KHTML, like Gecko) Chrome/78.0.3904.108 Safari/537.36"
45.95.169.109 - - [12/Jul/2022:22:50:10 +0000] "GET /.env HTTP/1.1" 404 8342 "-" "Mozilla/5.0 (X11; Linux x86_64) AppleWebKit/537.36 (KHTML, like Gecko) Chrome/81.0.4044.129 Safari/537.36"
45.95.169.109 - - [12/Jul/2022:22:50:10 +0000] "POST / HTTP/1.1" 404 8313 "-" "Mozilla/5.0 (X11; Linux x86_64) AppleWebKit/537.36 (KHTML, like Gecko) Chrome/81.0.4044.129 Safari/537.36"
198.235.24.31 - - [12/Jul/2022:23:47:03 +0000] "GET / HTTP/1.1" 404 7680 "-" "Expanse, a Palo Alto Networks company, searches across the global IPv4 space multiple times per day to identify customers&#39; presences on the Internet. If you would like to be excluded from our scans, please send IP addresses/domains to: scaninfo@paloaltonetworks.com"
103.203.57.10 - - [12/Jul/2022:23:53:39 +0000] "GET / HTTP/1.1" 404 8227 "-" "Mozilla/5.0 (Windows NT 10.0; WOW64) AppleWebKit/537.36 (KHTML, like Gecko) Chrome/45.0.2454.101 Safari/537.36"
185.7.214.104 - - [12/Jul/2022:23:56:02 +0000] "GET /_ignition/execute-solution HTTP/1.1" 404 8376 "http://65.108.155.145:80/_ignition/execute-solution" "Mozilla/5.0 (Windows NT 10.0; Win64; x64) AppleWebKit/537.36 (KHTML, like Gecko) Chrome/78.0.3904.108 Safari/537.36"
185.7.214.104 - - [13/Jul/2022:00:11:23 +0000] "GET / HTTP/1.1" 404 8264 "http://65.108.155.145:80" "Mozilla/5.0 (Windows NT 10.0; Win64; x64) AppleWebKit/537.36 (KHTML, like Gecko) Chrome/78.0.3904.108 Safari/537.36"
91.108.6.111 - - [13/Jul/2022:00:11:45 +0000] "-" 408 5715 "-" "-"
18.236.161.223 - - [13/Jul/2022:01:10:56 +0000] "GET / HTTP/1.1" 404 8261 "-" "Mozilla/5.0 (X11; Linux x86_64) AppleWebKit/537.36 (KHTML, like Gecko) Chrome/83.0.4103.97 Safari/537.36"
54.191.73.243 - - [13/Jul/2022:01:13:31 +0000] "GET / HTTP/1.1" 404 8261 "-" "Mozilla/5.0 (X11; Linux x86_64) AppleWebKit/537.36 (KHTML, like Gecko) Chrome/83.0.4103.97 Safari/537.36"
162.142.125.9 - - [13/Jul/2022:01:29:36 +0000] "GET / HTTP/1.1" 404 8212 "-" "-"
162.142.125.9 - - [13/Jul/2022:01:29:38 +0000] "GET / HTTP/1.1" 404 8238 "-" "Mozilla/5.0 (compatible; CensysInspect/1.1; +https://about.censys.io/)"
162.142.125.9 - - [13/Jul/2022:01:29:39 +0000] "GET / HTTP/1.1" 404 8261 "-" "Mozilla/5.0 (compatible; CensysInspect/1.1; +https://about.censys.io/)"
185.7.214.104 - - [13/Jul/2022:01:42:57 +0000] "GET / HTTP/1.1" 404 8264 "http://65.108.155.145:80/" "Mozilla/5.0 (Windows NT 10.0; Win64; x64) AppleWebKit/537.36 (KHTML, like Gecko) Chrome/78.0.3904.108 Safari/537.36"
192.241.206.31 - - [13/Jul/2022:02:05:09 +0000] "GET /owa/auth/logon.aspx?url=https%3a%2f%2f1%2fecp%2f HTTP/1.1" 404 7779 "-" "Mozilla/5.0 zgrab/0.x"
185.7.214.104 - - [13/Jul/2022:02:24:15 +0000] "GET /actuator/gateway/routes HTTP/1.1" 404 8383 "http://65.108.155.145:80/actuator/gateway/routes" "Mozilla/5.0 (Windows NT 10.0; Win64; x64) AppleWebKit/537.36 (KHTML, like Gecko) Chrome/78.0.3904.108 Safari/537.36"
109.248.6.87 - - [13/Jul/2022:02:34:34 +0000] "GET /favicon.ico HTTP/1.0" 404 8283 "-" "masscan-ng/1.3 (https://github.com/bi-zone/masscan-ng)"
159.65.44.120 - - [13/Jul/2022:02:45:13 +0000] "GET / HTTP/1.1" 404 7736 "http://65.108.155.145/" "Mozilla/5.0 (X11; Linux x86_64; rv:73.0) Gecko/20100101 Firefox/73.0"
159.65.44.120 - - [13/Jul/2022:02:45:13 +0000] "GET /favicon.ico HTTP/1.1" 404 2698 "https://langlibclub.com/" "Mozilla/5.0 (X11; Linux x86_64; rv:73.0) Gecko/20100101 Firefox/73.0"
192.241.222.55 - - [13/Jul/2022:02:45:38 +0000] "GET / HTTP/1.1" 404 7675 "-" "Mozilla/5.0 zgrab/0.x"
185.7.214.104 - - [13/Jul/2022:03:31:37 +0000] "GET / HTTP/1.1" 404 8231 "-" "Mozilla/5.0 (Windows NT 10.0; Win64; x64) AppleWebKit/537.36 (KHTML, like Gecko) Chrome/78.0.3904.108 Safari/537.36"
167.248.133.46 - - [13/Jul/2022:03:46:17 +0000] "GET / HTTP/1.1" 404 8212 "-" "-"
167.248.133.46 - - [13/Jul/2022:03:46:17 +0000] "GET / HTTP/1.1" 404 8208 "-" "Mozilla/5.0 (compatible; CensysInspect/1.1; +https://about.censys.io/)"
192.241.213.149 - - [13/Jul/2022:04:07:57 +0000] "GET /ReportServer HTTP/1.1" 404 7729 "-" "Mozilla/5.0 zgrab/0.x"
162.142.125.219 - - [13/Jul/2022:04:08:17 +0000] "GET / HTTP/1.1" 404 8261 "-" "Mozilla/5.0 (compatible; CensysInspect/1.1; +https://about.censys.io/)"
192.241.221.219 - - [13/Jul/2022:04:18:33 +0000] "GET /login HTTP/1.1" 404 7708 "-" "Mozilla/5.0 zgrab/0.x"
128.14.133.58 - - [13/Jul/2022:04:39:30 +0000] "GET / HTTP/1.1" 404 7742 "-" "Mozilla/5.0 (Windows NT 10.0; Win64; x64) AppleWebKit/537.36 (KHTML, like Gecko) Chrome/60.0.3112.113 Safari/537.36"
34.76.158.233 - - [13/Jul/2022:05:01:03 +0000] "GET / HTTP/1.1" 404 7746 "-" "python-requests/2.28.1"
38.18.39.3 - - [13/Jul/2022:05:31:30 +0000] "GET / HTTP/1.1" 404 7931 "-" "Mozilla/5.0 (Windows NT 10.0; Win64; x64) AppleWebKit/537.36 (KHTML, like Gecko) Chrome/95.0.4638.69 Safari/537.36"
192.241.216.111 - - [13/Jul/2022:05:45:30 +0000] "GET / HTTP/1.0" 400 629 "-" "-"
185.7.214.104 - - [13/Jul/2022:06:18:59 +0000] "POST /vendor/phpunit/phpunit/src/Util/PHP/eval-stdin.php HTTP/1.1" 404 8400 "-" "Mozilla/5.0 (Windows NT 10.0; Win64; x64) AppleWebKit/537.36 (KHTML, like Gecko) Chrome/78.0.3904.108 Safari/537.36"
185.189.182.234 - - [13/Jul/2022:06:23:13 +0000] "GET / HTTP/1.0" 400 629 "-" "-"
208.100.26.229 - - [13/Jul/2022:07:02:28 +0000] "GET / HTTP/1.0" 404 8379 "-" "-"
208.100.26.229 - - [13/Jul/2022:07:04:19 +0000] "GET / HTTP/1.0" 404 8379 "-" "-"
208.100.26.229 - - [13/Jul/2022:07:04:20 +0000] "GET / HTTP/1.1" 404 8363 "-" "-"
208.100.26.229 - - [13/Jul/2022:07:04:20 +0000] "POST /sdk HTTP/1.1" 404 8411 "-" "Mozilla/5.0 (iPhone; CPU iPhone OS 13_3_1 like Mac OS X) AppleWebKit/605.1.15 (KHTML, like Gecko) Mobile/15E148 Safari/605.1.15"
208.100.26.229 - - [13/Jul/2022:07:04:20 +0000] "GET /nmaplowercheck1657695859 HTTP/1.1" 404 8459 "-" "Mozilla/5.0 (iPhone; CPU iPhone OS 13_3_1 like Mac OS X) AppleWebKit/605.1.15 (KHTML, like Gecko) Mobile/15E148 Safari/605.1.15"
208.100.26.229 - - [13/Jul/2022:07:04:21 +0000] "GET /evox/about HTTP/1.1" 404 8427 "-" "Mozilla/5.0 (iPhone; CPU iPhone OS 13_3_1 like Mac OS X) AppleWebKit/605.1.15 (KHTML, like Gecko) Mobile/15E148 Safari/605.1.15"
208.100.26.229 - - [13/Jul/2022:07:04:21 +0000] "GET /HNAP1 HTTP/1.1" 404 8411 "-" "Mozilla/5.0 (iPhone; CPU iPhone OS 13_3_1 like Mac OS X) AppleWebKit/605.1.15 (KHTML, like Gecko) Mobile/15E148 Safari/605.1.15"
208.100.26.229 - - [13/Jul/2022:07:04:22 +0000] "HEAD / HTTP/1.1" 404 6022 "-" "Mozilla/5.0 (iPhone; CPU iPhone OS 13_3_1 like Mac OS X) AppleWebKit/605.1.15 (KHTML, like Gecko) Mobile/15E148 Safari/605.1.15"
208.100.26.229 - - [13/Jul/2022:07:04:23 +0000] "GET / HTTP/1.1" 404 8379 "-" "Mozilla/5.0 (iPhone; CPU iPhone OS 13_3_1 like Mac OS X) AppleWebKit/605.1.15 (KHTML, like Gecko) Mobile/15E148 Safari/605.1.15"
185.83.144.103 - - [13/Jul/2022:07:20:32 +0000] "GET /.aws.credentials HTTP/1.1" 404 8447 "-" "Mozilla/5.0 (X11; Linux x86_64) AppleWebKit/537.36 (KHTML, like Gecko) Chrome/81.0.4044.129 Safari/537.36"
192.241.221.38 - - [13/Jul/2022:07:26:00 +0000] "GET /actuator/health HTTP/1.1" 404 7738 "-" "Mozilla/5.0 zgrab/0.x"
185.7.214.104 - - [13/Jul/2022:08:02:30 +0000] "GET /vendor/phpunit/phpunit/src/Util/PHP/eval-stdin.php HTTP/1.1" 404 8399 "-" "Mozilla/5.0 (Windows NT 10.0; Win64; x64) AppleWebKit/537.36 (KHTML, like Gecko) Chrome/78.0.3904.108 Safari/537.36"
143.92.32.49 - - [13/Jul/2022:08:25:22 +0000] "GET / HTTP/1.1" 404 8292 "http://65.108.155.145:80" "Mozilla/5.0 (Windows NT 10.0; Win64; x64) AppleWebKit/537.36 (KHTML, like Gecko) Chrome/74.0.3729.169 Safari/537.36"
192.241.220.215 - - [13/Jul/2022:09:35:23 +0000] "GET /owa/auth/x.js HTTP/1.1" 404 7732 "-" "Mozilla/5.0 zgrab/0.x"
192.241.221.43 - - [13/Jul/2022:09:39:13 +0000] "GET /ecp/Current/exporttool/microsoft.exchange.ediscovery.exporttool.application HTTP/1.1" 404 7918 "-" "Mozilla/5.0 zgrab/0.x"
192.241.221.20 - - [13/Jul/2022:09:41:27 +0000] "GET /owa/auth/logon.aspx HTTP/1.1" 404 7750 "-" "Mozilla/5.0 zgrab/0.x"
198.20.69.98 - - [13/Jul/2022:09:45:57 +0000] "GET /favicon.ico HTTP/1.1" 404 8447 "-" "Mozilla/5.0 (Macintosh; Intel Mac OS X 10.15; rv:80.0) Gecko/20100101 Firefox/80.0"
185.7.214.104 - - [13/Jul/2022:09:50:26 +0000] "GET /index.php?s=/Index/\\think\\app/invokefunction&function=call_user_func_array&vars[0]=md5&vars[1][]=HelloThinkPHP21 HTTP/1.1" 404 8395 "-" "Mozilla/5.0 (Windows NT 10.0; Win64; x64) AppleWebKit/537.36 (KHTML, like Gecko) Chrome/78.0.3904.108 Safari/537.36"
128.1.248.26 - - [13/Jul/2022:10:18:14 +0000] "GET / HTTP/1.1" 404 7680 "http://65.108.155.145/" "Mozilla/5.0 (Windows NT 10.0; Win64; x64) AppleWebKit/537.36 (KHTML, like Gecko) Chrome/60.0.3112.113 Safari/537.36"
91.108.6.111 - - [13/Jul/2022:10:26:20 +0000] "-" 408 5731 "-" "-"
91.108.6.111 - - [13/Jul/2022:10:30:27 +0000] "POST /dead_morozxc/bot/process-new-updates/ HTTP/1.1" 200 6144 "-" "-"
91.108.6.111 - - [13/Jul/2022:10:30:29 +0000] "POST /dead_morozxc/bot/process-new-updates/ HTTP/1.1" 200 6160 "-" "-"
91.108.6.111 - - [13/Jul/2022:10:30:32 +0000] "POST /dead_morozxc/bot/process-new-updates/ HTTP/1.1" 200 428 "-" "-"
91.108.6.111 - - [13/Jul/2022:10:30:58 +0000] "-" 408 5715 "-" "-"
